Archive member included to satisfy reference by file (symbol)

C:/ST/STM32CubeIDE_1.19.0/STM32CubeIDE/plugins/com.st.stm32cube.ide.mcu.externaltools.gnu-tools-for-stm32.13.3.rel1.win32_1.0.0.202411081344/tools/bin/../lib/gcc/arm-none-eabi/13.3.1/../../../../arm-none-eabi/lib/thumb/v7-m/nofp\libc_nano.a(libc_a-exit.o)
                              C:/ST/STM32CubeIDE_1.19.0/STM32CubeIDE/plugins/com.st.stm32cube.ide.mcu.externaltools.gnu-tools-for-stm32.13.3.rel1.win32_1.0.0.202411081344/tools/bin/../lib/gcc/arm-none-eabi/13.3.1/../../../../arm-none-eabi/lib/thumb/v7-m/nofp/crt0.o (exit)
C:/ST/STM32CubeIDE_1.19.0/STM32CubeIDE/plugins/com.st.stm32cube.ide.mcu.externaltools.gnu-tools-for-stm32.13.3.rel1.win32_1.0.0.202411081344/tools/bin/../lib/gcc/arm-none-eabi/13.3.1/../../../../arm-none-eabi/lib/thumb/v7-m/nofp\libc_nano.a(libc_a-findfp.o)
                              C:/ST/STM32CubeIDE_1.19.0/STM32CubeIDE/plugins/com.st.stm32cube.ide.mcu.externaltools.gnu-tools-for-stm32.13.3.rel1.win32_1.0.0.202411081344/tools/bin/../lib/gcc/arm-none-eabi/13.3.1/../../../../arm-none-eabi/lib/thumb/v7-m/nofp\libc_nano.a(libc_a-exit.o) (__stdio_exit_handler)
C:/ST/STM32CubeIDE_1.19.0/STM32CubeIDE/plugins/com.st.stm32cube.ide.mcu.externaltools.gnu-tools-for-stm32.13.3.rel1.win32_1.0.0.202411081344/tools/bin/../lib/gcc/arm-none-eabi/13.3.1/../../../../arm-none-eabi/lib/thumb/v7-m/nofp\libc_nano.a(libc_a-fwalk.o)
                              C:/ST/STM32CubeIDE_1.19.0/STM32CubeIDE/plugins/com.st.stm32cube.ide.mcu.externaltools.gnu-tools-for-stm32.13.3.rel1.win32_1.0.0.202411081344/tools/bin/../lib/gcc/arm-none-eabi/13.3.1/../../../../arm-none-eabi/lib/thumb/v7-m/nofp\libc_nano.a(libc_a-findfp.o) (_fwalk_sglue)
C:/ST/STM32CubeIDE_1.19.0/STM32CubeIDE/plugins/com.st.stm32cube.ide.mcu.externaltools.gnu-tools-for-stm32.13.3.rel1.win32_1.0.0.202411081344/tools/bin/../lib/gcc/arm-none-eabi/13.3.1/../../../../arm-none-eabi/lib/thumb/v7-m/nofp\libc_nano.a(libc_a-stdio.o)
                              C:/ST/STM32CubeIDE_1.19.0/STM32CubeIDE/plugins/com.st.stm32cube.ide.mcu.externaltools.gnu-tools-for-stm32.13.3.rel1.win32_1.0.0.202411081344/tools/bin/../lib/gcc/arm-none-eabi/13.3.1/../../../../arm-none-eabi/lib/thumb/v7-m/nofp\libc_nano.a(libc_a-findfp.o) (__sread)
C:/ST/STM32CubeIDE_1.19.0/STM32CubeIDE/plugins/com.st.stm32cube.ide.mcu.externaltools.gnu-tools-for-stm32.13.3.rel1.win32_1.0.0.202411081344/tools/bin/../lib/gcc/arm-none-eabi/13.3.1/../../../../arm-none-eabi/lib/thumb/v7-m/nofp\libc_nano.a(libc_a-memset.o)
                              C:/ST/STM32CubeIDE_1.19.0/STM32CubeIDE/plugins/com.st.stm32cube.ide.mcu.externaltools.gnu-tools-for-stm32.13.3.rel1.win32_1.0.0.202411081344/tools/bin/../lib/gcc/arm-none-eabi/13.3.1/../../../../arm-none-eabi/lib/thumb/v7-m/nofp/crt0.o (memset)
C:/ST/STM32CubeIDE_1.19.0/STM32CubeIDE/plugins/com.st.stm32cube.ide.mcu.externaltools.gnu-tools-for-stm32.13.3.rel1.win32_1.0.0.202411081344/tools/bin/../lib/gcc/arm-none-eabi/13.3.1/../../../../arm-none-eabi/lib/thumb/v7-m/nofp\libc_nano.a(libc_a-closer.o)
                              C:/ST/STM32CubeIDE_1.19.0/STM32CubeIDE/plugins/com.st.stm32cube.ide.mcu.externaltools.gnu-tools-for-stm32.13.3.rel1.win32_1.0.0.202411081344/tools/bin/../lib/gcc/arm-none-eabi/13.3.1/../../../../arm-none-eabi/lib/thumb/v7-m/nofp\libc_nano.a(libc_a-stdio.o) (_close_r)
C:/ST/STM32CubeIDE_1.19.0/STM32CubeIDE/plugins/com.st.stm32cube.ide.mcu.externaltools.gnu-tools-for-stm32.13.3.rel1.win32_1.0.0.202411081344/tools/bin/../lib/gcc/arm-none-eabi/13.3.1/../../../../arm-none-eabi/lib/thumb/v7-m/nofp\libc_nano.a(libc_a-reent.o)
                              C:/ST/STM32CubeIDE_1.19.0/STM32CubeIDE/plugins/com.st.stm32cube.ide.mcu.externaltools.gnu-tools-for-stm32.13.3.rel1.win32_1.0.0.202411081344/tools/bin/../lib/gcc/arm-none-eabi/13.3.1/../../../../arm-none-eabi/lib/thumb/v7-m/nofp\libc_nano.a(libc_a-closer.o) (errno)
C:/ST/STM32CubeIDE_1.19.0/STM32CubeIDE/plugins/com.st.stm32cube.ide.mcu.externaltools.gnu-tools-for-stm32.13.3.rel1.win32_1.0.0.202411081344/tools/bin/../lib/gcc/arm-none-eabi/13.3.1/../../../../arm-none-eabi/lib/thumb/v7-m/nofp\libc_nano.a(libc_a-impure.o)
                              C:/ST/STM32CubeIDE_1.19.0/STM32CubeIDE/plugins/com.st.stm32cube.ide.mcu.externaltools.gnu-tools-for-stm32.13.3.rel1.win32_1.0.0.202411081344/tools/bin/../lib/gcc/arm-none-eabi/13.3.1/../../../../arm-none-eabi/lib/thumb/v7-m/nofp\libc_nano.a(libc_a-reent.o) (_impure_ptr)
C:/ST/STM32CubeIDE_1.19.0/STM32CubeIDE/plugins/com.st.stm32cube.ide.mcu.externaltools.gnu-tools-for-stm32.13.3.rel1.win32_1.0.0.202411081344/tools/bin/../lib/gcc/arm-none-eabi/13.3.1/../../../../arm-none-eabi/lib/thumb/v7-m/nofp\libc_nano.a(libc_a-lseekr.o)
[...]
Memory Configuration

Name             Origin             Length             Attributes
RAM              0x20000000         0x00005000         xrw
FLASH            0x08000000         0x00010000         xr
*default*        0x00000000         0xffffffff

Linker script and memory map

LOAD C:/ST/STM32CubeIDE_1.19.0/STM32CubeIDE/plugins/com.st.stm32cube.ide.mcu.externaltools.gnu-tools-for-stm32.13.3.rel1.win32_1.0.0.202411081344/tools/bin/../lib/gcc/arm-none-eabi/13.3.1/thumb/v7-m/nofp/crti.o
LOAD C:/ST/STM32CubeIDE_1.19.0/STM32CubeIDE/plugins/com.st.stm32cube.ide.mcu.externaltools.gnu-tools-for-stm32.13.3.rel1.win32_1.0.0.202411081344/tools/bin/../lib/gcc/arm-none-eabi/13.3.1/thumb/v7-m/nofp/crtbegin.o
LOAD C:/ST/STM32CubeIDE_1.19.0/STM32CubeIDE/plugins/com.st.stm32cube.ide.mcu.externaltools.gnu-tools-for-stm32.13.3.rel1.win32_1.0.0.202411081344/tools/bin/../lib/gcc/arm-none-eabi/13.3.1/../../../../arm-none-eabi/lib/thumb/v7-m/nofp/crt0.o
LOAD ./Core/Src/action_comm.o
LOAD ./Core/Src/button_matrix.o
LOAD ./Core/Src/lcd_hmi.o
LOAD ./Core/Src/main.o
LOAD ./Core/Src/sensor_manager.o
LOAD ./Core/Src/stm32f1xx_hal_msp.o
LOAD ./Core/Src/stm32f1xx_it.o
LOAD ./Core/Src/syscalls.o
LOAD ./Core/Src/sysmem.o
LOAD ./Core/Src/system_stm32f1xx.o
LOAD ./Core/Startup/startup_stm32f103c8tx.o
LOAD ./Drivers/STM32F1xx_HAL_Driver/Src/stm32f1xx_hal.o
LOAD ./Drivers/STM32F1xx_HAL_Driver/Src/stm32f1xx_hal_can.o
LOAD ./Drivers/STM32F1xx_HAL_Driver/Src/stm32f1xx_hal_cortex.o
LOAD ./Drivers/STM32F1xx_HAL_Driver/Src/stm32f1xx_hal_dma.o
LOAD ./Drivers/STM32F1xx_HAL_Driver/Src/stm32f1xx_hal_exti.o
LOAD ./Drivers/STM32F1xx_HAL_Driver/Src/stm32f1xx_hal_flash.o
LOAD ./Drivers/STM32F1xx_HAL_Driver/Src/stm32f1xx_hal_flash_ex.o
LOAD ./Drivers/STM32F1xx_HAL_Driver/Src/stm32f1xx_hal_gpio.o
LOAD ./Drivers/STM32F1xx_HAL_Driver/Src/stm32f1xx_hal_gpio_ex.o
LOAD ./Drivers/STM32F1xx_HAL_Driver/Src/stm32f1xx_hal_pwr.o
LOAD ./Drivers/STM32F1xx_HAL_Driver/Src/stm32f1xx_hal_rcc.o
LOAD ./Drivers/STM32F1xx_HAL_Driver/Src/stm32f1xx_hal_rcc_ex.o
LOAD ./Drivers/STM32F1xx_HAL_Driver/Src/stm32f1xx_hal_uart.o
START GROUP
LOAD C:/ST/STM32CubeIDE_1.19.0/STM32CubeIDE/plugins/com.st.stm32cube.ide.mcu.externaltools.gnu-tools-for-stm32.13.3.rel1.win32_1.0.0.202411081344/tools/bin/../lib/gcc/arm-none-eabi/13.3.1/../../../../arm-none-eabi/lib/thumb/v7-m/nofp\libc_nano.a
LOAD C:/ST/STM32CubeIDE_1.19.0/STM32CubeIDE/plugins/com.st.stm32cube.ide.mcu.externaltools.gnu-tools-for-stm32.13.3.rel1.win32_1.0.0.202411081344/tools/bin/../lib/gcc/arm-none-eabi/13.3.1/../../../../arm-none-eabi/lib/thumb/v7-m/nofp\libm.a
END GROUP
START GROUP
LOAD C:/ST/STM32CubeIDE_1.19.0/STM32CubeIDE/plugins/com.st.stm32cube.ide.mcu.externaltools.gnu-tools-for-stm32.13.3.rel1.win32_1.0.0.202411081344/tools/bin/../lib/gcc/arm-none-eabi/13.3.1/thumb/v7-m/nofp\libgcc.a
LOAD C:/ST/STM32CubeIDE_1.19.0/STM32CubeIDE/plugins/com.st.stm32cube.ide.mcu.externaltools.gnu-tools-for-stm32.13.3.rel1.win32_1.0.0.202411081344/tools/bin/../lib/gcc/arm-none-eabi/13.3.1/../../../../arm-none-eabi/lib/thumb/v7-m/nofp\libc_nano.a
END GROUP
START GROUP
LOAD C:/ST/STM32CubeIDE_1.19.0/STM32CubeIDE/plugins/com.st.stm32cube.ide.mcu.externaltools.gnu-tools-for-stm32.13.3.rel1.win32_1.0.0.202411081344/tools/bin/../lib/gcc/arm-none-eabi/13.3.1/thumb/v7-m/nofp\libgcc.a
LOAD C:/ST/STM32CubeIDE_1.19.0/STM32CubeIDE/plugins/com.st.stm32cube.ide.mcu.externaltools.gnu-tools-for-stm32.13.3.rel1.win32_1.0.0.202411081344/tools/bin/../lib/gcc/arm-none-eabi/13.3.1/../../../../arm-none-eabi/lib/thumb/v7-m/nofp\libc_nano.a
LOAD C:/ST/STM32CubeIDE_1.19.0/STM32CubeIDE/plugins/com.st.stm32cube.ide.mcu.externaltools.gnu-tools-for-stm32.13.3.rel1.win32_1.0.0.202411081344/tools/bin/../lib/gcc/arm-none-eabi/13.3.1/../../../../arm-none-eabi/lib/thumb/v7-m/nofp\libnosys.a
END GROUP
START GROUP
LOAD C:/ST/STM32CubeIDE_1.19.0/STM32CubeIDE/plugins/com.st.stm32cube.ide.mcu.externaltools.gnu-tools-for-stm32.13.3.rel1.win32_1.0.0.202411081344/tools/bin/../lib/gcc/arm-none-eabi/13.3.1/thumb/v7-m/nofp\libgcc.a
LOAD C:/ST/STM32CubeIDE_1.19.0/STM32CubeIDE/plugins/com.st.stm32cube.ide.mcu.externaltools.gnu-tools-for-stm32.13.3.rel1.win32_1.0.0.202411081344/tools/bin/../lib/gcc/arm-none-eabi/13.3.1/../../../../arm-none-eabi/lib/thumb/v7-m/nofp\libc_nano.a
LOAD C:/ST/STM32CubeIDE_1.19.0/STM32CubeIDE/plugins/com.st.stm32cube.ide.mcu.externaltools.gnu-tools-for-stm32.13.3.rel1.win32_1.0.0.202411081344/tools/bin/../lib/gcc/arm-none-eabi/13.3.1/../../../../arm-none-eabi/lib/thumb/v7-m/nofp\libnosys.a
END GROUP
LOAD C:/ST/STM32CubeIDE_1.19.0/STM32CubeIDE/plugins/com.st.stm32cube.ide.mcu.externaltools.gnu-tools-for-stm32.13.3.rel1.win32_1.0.0.202411081344/tools/bin/../lib/gcc/arm-none-eabi/13.3.1/thumb/v7-m/nofp/crtend.o
LOAD C:/ST/STM32CubeIDE_1.19.0/STM32CubeIDE/plugins/com.st.stm32cube.ide.mcu.externaltools.gnu-tools-for-stm32.13.3.rel1.win32_1.0.0.202411081344/tools/bin/../lib/gcc/arm-none-eabi/13.3.1/thumb/v7-m/nofp/crtn.o
                0x20005000                        _estack = (ORIGIN (RAM) + LENGTH (RAM))
                0x00000200                        _Min_Heap_Size = 0x200
                0x00000400                        _Min_Stack_Size = 0x400

.isr_vector     0x08000000      0x10c
                0x08000000                        . = ALIGN (0x4)
 *(.isr_vector)
 .isr_vector    0x08000000      0x10c ./Core/Startup/startup_stm32f103c8tx.o
                0x08000000                g_pfnVectors
                0x0800010c                        . = ALIGN (0x4)

.text           0x0800010c     0x4f40
                0x0800010c                        . = ALIGN (0x4)
 *(.text)
 .text          0x0800010c       0x40 C:/ST/STM32CubeIDE_1.19.0/STM32CubeIDE/plugins/com.st.stm32cube.ide.mcu.externaltools.gnu-tools-for-stm32.13.3.rel1.win32_1.0.0.202411081344/tools/bin/../lib/gcc/arm-none-eabi/13.3.1/thumb/v7-m/nofp/crtbegin.o
 *(.text*)
 .text.ACTION_COMM_Init
                0x0800014c       0x4c ./Core/Src/action_comm.o
                0x0800014c                ACTION_COMM_Init
 .text.SendPacket
                0x08000198       0x60 ./Core/Src/action_comm.o
 .text.ACTION_SendCommand
                0x080001f8       0x30 ./Core/Src/action_comm.o
                0x080001f8                ACTION_SendCommand
 .text.ACTION_SendMemory
                0x08000228       0x70 ./Core/Src/action_comm.o
                0x08000228                ACTION_SendMemory
 .text.ACTION_SendGoBackLevel
                0x08000298       0x34 ./Core/Src/action_comm.o
                0x08000298                ACTION_SendGoBackLevel
 .text.HAL_UART_RxCpltCallback
                0x080002cc       0xd8 ./Core/Src/action_comm.o
                0x080002cc                HAL_UART_RxCpltCallback
 .text.HAL_UART_ErrorCallback
                0x080003a4       0x44 ./Core/Src/action_comm.o
                0x080003a4                HAL_UART_ErrorCallback
 .text.BUTTON_MATRIX_Scan
                0x080003e8      0x604 ./Core/Src/button_matrix.o
                0x080003e8                BUTTON_MATRIX_Scan
 .text.LCD_HMI_Init
                0x080009ec       0x78 ./Core/Src/lcd_hmi.o
                0x080009ec                LCD_HMI_Init
 .text.lcd_set_page
                0x08000a64       0x70 ./Core/Src/lcd_hmi.o
                0x08000a64                lcd_set_page
 .text.lcd_force_page
                0x08000ad4       0x24 ./Core/Src/lcd_hmi.o
 .text.lcd_set_icon
                0x08000af8       0x58 ./Core/Src/lcd_hmi.o
                0x08000af8                lcd_set_icon
 .text.lcd_set_state_value16
                0x08000b50       0x60 ./Core/Src/lcd_hmi.o
                0x08000b50                lcd_set_state_value16
 .text.LCD_SetLock
                0x08000bb0       0x78 ./Core/Src/lcd_hmi.o
                0x08000bb0                LCD_SetLock
 .text.LCD_IsLocked
                0x08000c28       0x14 ./Core/Src/lcd_hmi.o
                0x08000c28                LCD_IsLocked
 .text.LCD_IsPowerOn
                0x08000c3c       0x14 ./Core/Src/lcd_hmi.o
                0x08000c3c                LCD_IsPowerOn
 .text.LCD_TogglePower
                0x08000c50       0x70 ./Core/Src/lcd_hmi.o
                0x08000c50                LCD_TogglePower
 .text.LCD_ToggleReverse
                0x08000cc0       0x20 ./Core/Src/lcd_hmi.o
                0x08000cc0                LCD_ToggleReverse
 .text.LCD_ShowStartupSequence
                0x08000ce0       0x78 ./Core/Src/lcd_hmi.o
                0x08000ce0                LCD_ShowStartupSequence
 .text.MapReverse
                0x08000d58       0x9c ./Core/Src/lcd_hmi.o
 .text.LCD_ResetHomeTimer
                0x08000df4       0x20 ./Core/Src/lcd_hmi.o
 .text.LCD_FeatureEnabled
                0x08000e14       0x34 ./Core/Src/lcd_hmi.o
 .text.LCD_DetailsItemAllowed
                0x08000e48       0x34 ./Core/Src/lcd_hmi.o
 .text.LCD_DetailsHasAnyAllowedItem
                0x08000e7c       0x26 ./Core/Src/lcd_hmi.o
 *fill*         0x08000ea2        0x2 
 .text.LCD_DetailsSelectFirstAllowedItem
                0x08000ea4       0x3c ./Core/Src/lcd_hmi.o
 .text.LCD_DetailsMoveCursor
                0x08000ee0       0x44 ./Core/Src/lcd_hmi.o
 .text.LCD_PageAllowed
                0x08000f24       0xac ./Core/Src/lcd_hmi.o
 .text.LCD_SetPageIfAllowed
                0x08000fd0       0x54 ./Core/Src/lcd_hmi.o
 .text.LCD_CloseCurrentPageIfDisabled
                0x08001024       0x44 ./Core/Src/lcd_hmi.o
 .text.LCD_RTP1_Seed
                0x08001068       0x40 ./Core/Src/lcd_hmi.o
 .text.LCD_Clock_Refresh
                0x080010a8       0x28 ./Core/Src/lcd_hmi.o
 .text.LCD_PushFeatureState
                0x080010d0       0x40 ./Core/Src/lcd_hmi.o
 .text.LCD_PushEditValue
                0x08001110       0x38 ./Core/Src/lcd_hmi.o
 .text.LCD_Memory_UpdateCursor
                0x08001148       0x38 ./Core/Src/lcd_hmi.o
 .text.LCD_Memory_SeedPage
                0x08001180       0x70 ./Core/Src/lcd_hmi.o
 .text.LCD_HandleKey
                0x080011f0      0xed4 ./Core/Src/lcd_hmi.o
                0x080011f0                LCD_HandleKey
 .text.LCD_StartCircularAnim
                0x080020c4       0x50 ./Core/Src/lcd_hmi.o
                0x080020c4                LCD_StartCircularAnim
 .text.LCD_StopCircularAnim
                0x08002114       0x18 ./Core/Src/lcd_hmi.o
                0x08002114                LCD_StopCircularAnim
 .text.LCD_HandleCircularAnim
                0x0800212c       0x58 ./Core/Src/lcd_hmi.o
 .text.LCD_Task
                0x08002184       0x68 ./Core/Src/lcd_hmi.o
                0x08002184                LCD_Task
 .text.LCD_UpdateSensorIcon
                0x080021ec       0x34 ./Core/Src/lcd_hmi.o
                0x080021ec                LCD_UpdateSensorIcon
 .text.LCD_ShowSensorPage
                0x08002220      0x1d0 ./Core/Src/lcd_hmi.o
                0x08002220                LCD_ShowSensorPage
 .text.LCD_ShowMemoryPage
                0x080023f0       0x50 ./Core/Src/lcd_hmi.o
                0x080023f0                LCD_ShowMemoryPage
 .text.LCD_RefreshHeightPage
                0x08002440       0x94 ./Core/Src/lcd_hmi.o
                0x08002440                LCD_RefreshHeightPage
 .text.LCD_PushRTP1Values
                0x080024d4       0x70 ./Core/Src/lcd_hmi.o
                0x080024d4                LCD_PushRTP1Values
 .text.LCD_UpdateBattery
                0x08002544       0x40 ./Core/Src/lcd_hmi.o
                0x08002544                LCD_UpdateBattery
 .text.main     0x08002584       0xbc ./Core/Src/main.o
                0x08002584                main
 .text.SystemClock_Config
                0x08002640       0x82 ./Core/Src/main.o
                0x08002640                SystemClock_Config
 *fill*         0x080026c2        0x2 
 .text.MX_CAN_Init
                0x080026c4       0x6c ./Core/Src/main.o
 .text.MX_USART1_UART_Init
                0x08002730       0x54 ./Core/Src/main.o
 .text.MX_USART2_UART_Init
                0x08002784       0x54 ./Core/Src/main.o
 .text.MX_USART3_UART_Init
                0x080027d8       0x54 ./Core/Src/main.o
 .text.MX_GPIO_Init
                0x0800282c      0x124 ./Core/Src/main.o
 .text.Error_Handler
                0x08002950        0xc ./Core/Src/main.o
                0x08002950                Error_Handler
 .text.Sensor_Init
                0x0800295c       0x78 ./Core/Src/sensor_manager.o
                0x0800295c                Sensor_Init
 .text.Sensor_IsActive
                0x080029d4       0x14 ./Core/Src/sensor_manager.o
                0x080029d4                Sensor_IsActive
 .text.Sensor_GetActualHeight
                0x080029e8       0x14 ./Core/Src/sensor_manager.o
                0x080029e8                Sensor_GetActualHeight
 .text.Sensor_GetSlide
                0x080029fc       0x14 ./Core/Src/sensor_manager.o
                0x080029fc                Sensor_GetSlide
 .text.Sensor_ParsePacket
                0x08002a10       0xdc ./Core/Src/sensor_manager.o
                0x08002a10                Sensor_ParsePacket
 .text.Sensor_UpdateDisplay
                0x08002aec       0x78 ./Core/Src/sensor_manager.o
                0x08002aec                Sensor_UpdateDisplay
 .text.Sensor_ProcessKeys
                0x08002b64       0xa0 ./Core/Src/sensor_manager.o
                0x08002b64                Sensor_ProcessKeys
 .text.increaseValue
                0x08002c04       0x94 ./Core/Src/sensor_manager.o
 .text.decreaseValue
                0x08002c98       0xdc ./Core/Src/sensor_manager.o
 .text.HAL_MspInit
                0x08002d74       0x64 ./Core/Src/stm32f1xx_hal_msp.o
                0x08002d74                HAL_MspInit
 .text.HAL_CAN_MspInit
                0x08002dd8       0x98 ./Core/Src/stm32f1xx_hal_msp.o
                0x08002dd8                HAL_CAN_MspInit
 .text.HAL_UART_MspInit
                0x08002e70      0x1b0 ./Core/Src/stm32f1xx_hal_msp.o
                0x08002e70                HAL_UART_MspInit
 .text.NMI_Handler
                0x08003020        0x8 ./Core/Src/stm32f1xx_it.o
                0x08003020                NMI_Handler
 .text.HardFault_Handler
                0x08003028        0x8 ./Core/Src/stm32f1xx_it.o
                0x08003028                HardFault_Handler
 .text.MemManage_Handler
                0x08003030        0x8 ./Core/Src/stm32f1xx_it.o
                0x08003030                MemManage_Handler
 .text.BusFault_Handler
                0x08003038        0x8 ./Core/Src/stm32f1xx_it.o
                0x08003038                BusFault_Handler
 .text.UsageFault_Handler
                0x08003040        0x8 ./Core/Src/stm32f1xx_it.o
                0x08003040                UsageFault_Handler
 .text.SVC_Handler
                0x08003048        0xc ./Core/Src/stm32f1xx_it.o
                0x08003048                SVC_Handler
 .text.DebugMon_Handler
                0x08003054        0xc ./Core/Src/stm32f1xx_it.o
                0x08003054                DebugMon_Handler
 .text.PendSV_Handler
                0x08003060        0xc ./Core/Src/stm32f1xx_it.o
                0x08003060                PendSV_Handler
 .text.SysTick_Handler
                0x0800306c        0xc ./Core/Src/stm32f1xx_it.o
                0x0800306c                SysTick_Handler
 .text.USART1_IRQHandler
                0x08003078       0x14 ./Core/Src/stm32f1xx_it.o
                0x08003078                USART1_IRQHandler
 .text.USART2_IRQHandler
                0x0800308c       0x14 ./Core/Src/stm32f1xx_it.o
                0x0800308c                USART2_IRQHandler
 .text.USART3_IRQHandler
                0x080030a0       0x14 ./Core/Src/stm32f1xx_it.o
                0x080030a0                USART3_IRQHandler
 .text.SystemInit
                0x080030b4        0xc ./Core/Src/system_stm32f1xx.o
                0x080030b4                SystemInit
 .text.Reset_Handler
                0x080030c0       0x48 ./Core/Startup/startup_stm32f103c8tx.o
                0x080030c0                Reset_Handler
 .text.Default_Handler
                0x08003108        0x2 ./Core/Startup/startup_stm32f103c8tx.o
                0x08003108                RTC_Alarm_IRQHandler
                0x08003108                EXTI2_IRQHandler
                0x08003108                TIM1_CC_IRQHandler
                0x08003108                PVD_IRQHandler
                0x08003108                EXTI3_IRQHandler
                0x08003108                EXTI0_IRQHandler
                0x08003108                I2C2_EV_IRQHandler
                0x08003108                ADC1_2_IRQHandler
                0x08003108                SPI1_IRQHandler
                0x08003108                TAMPER_IRQHandler
                0x08003108                DMA1_Channel4_IRQHandler
                0x08003108                RTC_IRQHandler
                0x08003108                DMA1_Channel7_IRQHandler
                0x08003108                CAN1_RX1_IRQHandler
                0x08003108                TIM4_IRQHandler
                0x08003108                I2C1_EV_IRQHandler
                0x08003108                DMA1_Channel6_IRQHandler
                0x08003108                TIM3_IRQHandler
                0x08003108                RCC_IRQHandler
                0x08003108                TIM1_TRG_COM_IRQHandler
                0x08003108                DMA1_Channel1_IRQHandler
                0x08003108                Default_Handler
                0x08003108                EXTI15_10_IRQHandler
                0x08003108                EXTI9_5_IRQHandler
                0x08003108                SPI2_IRQHandler
                0x08003108                DMA1_Channel5_IRQHandler
                0x08003108                EXTI4_IRQHandler
                0x08003108                USB_LP_CAN1_RX0_IRQHandler
                0x08003108                USB_HP_CAN1_TX_IRQHandler
                0x08003108                DMA1_Channel3_IRQHandler
                0x08003108                TIM1_UP_IRQHandler
                0x08003108                WWDG_IRQHandler
                0x08003108                TIM2_IRQHandler
                0x08003108                TIM1_BRK_IRQHandler
                0x08003108                EXTI1_IRQHandler
                0x08003108                I2C2_ER_IRQHandler
                0x08003108                DMA1_Channel2_IRQHandler
                0x08003108                CAN1_SCE_IRQHandler
                0x08003108                FLASH_IRQHandler
                0x08003108                I2C1_ER_IRQHandler
                0x08003108                USBWakeUp_IRQHandler
 *fill*         0x0800310a        0x2 
 .text.HAL_Init
                0x0800310c       0x2c ./Drivers/STM32F1xx_HAL_Driver/Src/stm32f1xx_hal.o
                0x0800310c                HAL_Init
 .text.HAL_InitTick
                0x08003138       0x60 ./Drivers/STM32F1xx_HAL_Driver/Src/stm32f1xx_hal.o
                0x08003138                HAL_InitTick
 .text.HAL_IncTick
                0x08003198       0x24 ./Drivers/STM32F1xx_HAL_Driver/Src/stm32f1xx_hal.o
                0x08003198                HAL_IncTick
 .text.HAL_GetTick
                0x080031bc       0x14 ./Drivers/STM32F1xx_HAL_Driver/Src/stm32f1xx_hal.o
                0x080031bc                HAL_GetTick
 .text.HAL_Delay
                0x080031d0       0x48 ./Drivers/STM32F1xx_HAL_Driver/Src/stm32f1xx_hal.o
                0x080031d0                HAL_Delay
 .text.HAL_CAN_Init
                0x08003218      0x1f6 ./Drivers/STM32F1xx_HAL_Driver/Src/stm32f1xx_hal_can.o
                0x08003218                HAL_CAN_Init
 *fill*         0x0800340e        0x2 
 .text.__NVIC_SetPriorityGrouping
                0x08003410       0x48 ./Drivers/STM32F1xx_HAL_Driver/Src/stm32f1xx_hal_cortex.o
 .text.__NVIC_GetPriorityGrouping
                0x08003458       0x1c ./Drivers/STM32F1xx_HAL_Driver/Src/stm32f1xx_hal_cortex.o
 .text.__NVIC_EnableIRQ
                0x08003474       0x38 ./Drivers/STM32F1xx_HAL_Driver/Src/stm32f1xx_hal_cortex.o
 .text.__NVIC_SetPriority
                0x080034ac       0x54 ./Drivers/STM32F1xx_HAL_Driver/Src/stm32f1xx_hal_cortex.o
 .text.NVIC_EncodePriority
                0x08003500       0x64 ./Drivers/STM32F1xx_HAL_Driver/Src/stm32f1xx_hal_cortex.o
 .text.SysTick_Config
                0x08003564       0x44 ./Drivers/STM32F1xx_HAL_Driver/Src/stm32f1xx_hal_cortex.o
 .text.HAL_NVIC_SetPriorityGrouping
                0x080035a8       0x16 ./Drivers/STM32F1xx_HAL_Driver/Src/stm32f1xx_hal_cortex.o
                0x080035a8                HAL_NVIC_SetPriorityGrouping
 .text.HAL_NVIC_SetPriority
                0x080035be       0x38 ./Drivers/STM32F1xx_HAL_Driver/Src/stm32f1xx_hal_cortex.o
                0x080035be                HAL_NVIC_SetPriority
 .text.HAL_NVIC_EnableIRQ
                0x080035f6       0x1c ./Drivers/STM32F1xx_HAL_Driver/Src/stm32f1xx_hal_cortex.o
                0x080035f6                HAL_NVIC_EnableIRQ
 .text.HAL_SYSTICK_Config
                0x08003612       0x18 ./Drivers/STM32F1xx_HAL_Driver/Src/stm32f1xx_hal_cortex.o
                0x08003612                HAL_SYSTICK_Config
 .text.HAL_DMA_Abort
                0x0800362a       0x76 ./Drivers/STM32F1xx_HAL_Driver/Src/stm32f1xx_hal_dma.o
                0x0800362a                HAL_DMA_Abort
 .text.HAL_DMA_Abort_IT
                0x080036a0       0xf0 ./Drivers/STM32F1xx_HAL_Driver/Src/stm32f1xx_hal_dma.o
                0x080036a0                HAL_DMA_Abort_IT
 .text.HAL_GPIO_Init
                0x08003790      0x308 ./Drivers/STM32F1xx_HAL_Driver/Src/stm32f1xx_hal_gpio.o
                0x08003790                HAL_GPIO_Init
 .text.HAL_GPIO_ReadPin
                0x08003a98       0x2e ./Drivers/STM32F1xx_HAL_Driver/Src/stm32f1xx_hal_gpio.o
                0x08003a98                HAL_GPIO_ReadPin
 .text.HAL_GPIO_WritePin
                0x08003ac6       0x30 ./Drivers/STM32F1xx_HAL_Driver/Src/stm32f1xx_hal_gpio.o
                0x08003ac6                HAL_GPIO_WritePin
 *fill*         0x08003af6        0x2 
 .text.HAL_RCC_OscConfig
                0x08003af8      0x504 ./Drivers/STM32F1xx_HAL_Driver/Src/stm32f1xx_hal_rcc.o
                0x08003af8                HAL_RCC_OscConfig
 .text.HAL_RCC_ClockConfig
                0x08003ffc      0x1d4 ./Drivers/STM32F1xx_HAL_Driver/Src/stm32f1xx_hal_rcc.o
                0x08003ffc                HAL_RCC_ClockConfig
 .text.HAL_RCC_GetSysClockFreq
                0x080041d0       0xa8 ./Drivers/STM32F1xx_HAL_Driver/Src/stm32f1xx_hal_rcc.o
                0x080041d0                HAL_RCC_GetSysClockFreq
 .text.HAL_RCC_GetHCLKFreq
                0x08004278       0x14 ./Drivers/STM32F1xx_HAL_Driver/Src/stm32f1xx_hal_rcc.o
                0x08004278                HAL_RCC_GetHCLKFreq
 .text.HAL_RCC_GetPCLK1Freq
                0x0800428c       0x28 ./Drivers/STM32F1xx_HAL_Driver/Src/stm32f1xx_hal_rcc.o
                0x0800428c                HAL_RCC_GetPCLK1Freq
 .text.HAL_RCC_GetPCLK2Freq
                0x080042b4       0x28 ./Drivers/STM32F1xx_HAL_Driver/Src/stm32f1xx_hal_rcc.o
                0x080042b4                HAL_RCC_GetPCLK2Freq
 .text.RCC_Delay
                0x080042dc       0x3c ./Drivers/STM32F1xx_HAL_Driver/Src/stm32f1xx_hal_rcc.o
 .text.HAL_UART_Init
                0x08004318       0xa0 ./Drivers/STM32F1xx_HAL_Driver/Src/stm32f1xx_hal_uart.o
                0x08004318                HAL_UART_Init
 .text.HAL_UART_Transmit
                0x080043b8      0x116 ./Drivers/STM32F1xx_HAL_Driver/Src/stm32f1xx_hal_uart.o
                0x080043b8                HAL_UART_Transmit
 .text.HAL_UART_Receive_IT
                0x080044ce       0x4a ./Drivers/STM32F1xx_HAL_Driver/Src/stm32f1xx_hal_uart.o
                0x080044ce                HAL_UART_Receive_IT
 .text.HAL_UART_IRQHandler
                0x08004518      0x524 ./Drivers/STM32F1xx_HAL_Driver/Src/stm32f1xx_hal_uart.o
                0x08004518                HAL_UART_IRQHandler
 .text.HAL_UART_TxCpltCallback
                0x08004a3c       0x12 ./Drivers/STM32F1xx_HAL_Driver/Src/stm32f1xx_hal_uart.o
                0x08004a3c                HAL_UART_TxCpltCallback
 .text.HAL_UARTEx_RxEventCallback
                0x08004a4e       0x16 ./Drivers/STM32F1xx_HAL_Driver/Src/stm32f1xx_hal_uart.o
                0x08004a4e                HAL_UARTEx_RxEventCallback
 .text.UART_WaitOnFlagUntilTimeout
                0x08004a64       0xb2 ./Drivers/STM32F1xx_HAL_Driver/Src/stm32f1xx_hal_uart.o
 .text.UART_Start_Receive_IT
                0x08004b16       0x72 ./Drivers/STM32F1xx_HAL_Driver/Src/stm32f1xx_hal_uart.o
                0x08004b16                UART_Start_Receive_IT
 .text.UART_EndRxTransfer
                0x08004b88       0xc4 ./Drivers/STM32F1xx_HAL_Driver/Src/stm32f1xx_hal_uart.o
 .text.UART_DMAAbortOnError
                0x08004c4c       0x28 ./Drivers/STM32F1xx_HAL_Driver/Src/stm32f1xx_hal_uart.o
 .text.UART_Transmit_IT
                0x08004c74       0x9e ./Drivers/STM32F1xx_HAL_Driver/Src/stm32f1xx_hal_uart.o
 .text.UART_EndTransmit_IT
                0x08004d12       0x30 ./Drivers/STM32F1xx_HAL_Driver/Src/stm32f1xx_hal_uart.o
 .text.UART_Receive_IT
                0x08004d42      0x17c ./Drivers/STM32F1xx_HAL_Driver/Src/stm32f1xx_hal_uart.o
 *fill*         0x08004ebe        0x2 
 .text.UART_SetConfig
                0x08004ec0      0x11c ./Drivers/STM32F1xx_HAL_Driver/Src/stm32f1xx_hal_uart.o
 .text.memset   0x08004fdc       0x10 C:/ST/STM32CubeIDE_1.19.0/STM32CubeIDE/plugins/com.st.stm32cube.ide.mcu.externaltools.gnu-tools-for-stm32.13.3.rel1.win32_1.0.0.202411081344/tools/bin/../lib/gcc/arm-none-eabi/13.3.1/../../../../arm-none-eabi/lib/thumb/v7-m/nofp\libc_nano.a(libc_a-memset.o)
                0x08004fdc                memset
 .text.__libc_init_array
                0x08004fec       0x48 C:/ST/STM32CubeIDE_1.19.0/STM32CubeIDE/plugins/com.st.stm32cube.ide.mcu.externaltools.gnu-tools-for-stm32.13.3.rel1.win32_1.0.0.202411081344/tools/bin/../lib/gcc/arm-none-eabi/13.3.1/../../../../arm-none-eabi/lib/thumb/v7-m/nofp\libc_nano.a(libc_a-init.o)
                0x08004fec                __libc_init_array
 *(.glue_7)
 .glue_7        0x08005034        0x0 linker stubs
 *(.glue_7t)
 .glue_7t       0x08005034        0x0 linker stubs
 *(.eh_frame)
 .eh_frame      0x08005034        0x0 C:/ST/STM32CubeIDE_1.19.0/STM32CubeIDE/plugins/com.st.stm32cube.ide.mcu.externaltools.gnu-tools-for-stm32.13.3.rel1.win32_1.0.0.202411081344/tools/bin/../lib/gcc/arm-none-eabi/13.3.1/thumb/v7-m/nofp/crtbegin.o
 *(.init)
 .init          0x08005034        0x4 C:/ST/STM32CubeIDE_1.19.0/STM32CubeIDE/plugins/com.st.stm32cube.ide.mcu.externaltools.gnu-tools-for-stm32.13.3.rel1.win32_1.0.0.202411081344/tools/bin/../lib/gcc/arm-none-eabi/13.3.1/thumb/v7-m/nofp/crti.o
                0x08005034                _init
 .init          0x08005038        0x8 C:/ST/STM32CubeIDE_1.19.0/STM32CubeIDE/plugins/com.st.stm32cube.ide.mcu.externaltools.gnu-tools-for-stm32.13.3.rel1.win32_1.0.0.202411081344/tools/bin/../lib/gcc/arm-none-eabi/13.3.1/thumb/v7-m/nofp/crtn.o
 *(.fini)
 .fini          0x08005040        0x4 C:/ST/STM32CubeIDE_1.19.0/STM32CubeIDE/plugins/com.st.stm32cube.ide.mcu.externaltools.gnu-tools-for-stm32.13.3.rel1.win32_1.0.0.202411081344/tools/bin/../lib/gcc/arm-none-eabi/13.3.1/thumb/v7-m/nofp/crti.o
                0x08005040                _fini
 .fini          0x08005044        0x8 C:/ST/STM32CubeIDE_1.19.0/STM32CubeIDE/plugins/com.st.stm32cube.ide.mcu.externaltools.gnu-tools-for-stm32.13.3.rel1.win32_1.0.0.202411081344/tools/bin/../lib/gcc/arm-none-eabi/13.3.1/thumb/v7-m/nofp/crtn.o
                0x0800504c                        . = ALIGN (0x4)
                0x0800504c                        _etext = .

.vfp11_veneer   0x0800504c        0x0
 .vfp11_veneer  0x0800504c        0x0 linker stubs

.v4_bx          0x0800504c        0x0
 .v4_bx         0x0800504c        0x0 linker stubs

.iplt           0x0800504c        0x0
 .iplt          0x0800504c        0x0 C:/ST/STM32CubeIDE_1.19.0/STM32CubeIDE/plugins/com.st.stm32cube.ide.mcu.externaltools.gnu-tools-for-stm32.13.3.rel1.win32_1.0.0.202411081344/tools/bin/../lib/gcc/arm-none-eabi/13.3.1/thumb/v7-m/nofp/crtbegin.o

.rodata         0x0800504c       0xdc
                0x0800504c                        . = ALIGN (0x4)
 *(.rodata)
 *(.rodata*)
 .rodata.basePacket
                0x0800504c       0x10 ./Core/Src/action_comm.o
 .rodata.keyCmdCode
                0x0800505c       0x23 ./Core/Src/button_matrix.o
 *fill*         0x0800507f        0x1 
 .rodata.col_port
                0x08005080       0x1c ./Core/Src/button_matrix.o
 .rodata.col_pin
                0x0800509c        0xe ./Core/Src/button_matrix.o
 *fill*         0x080050aa        0x2 
 .rodata.row_port
                0x080050ac       0x14 ./Core/Src/button_matrix.o
 .rodata.row_pin
                0x080050c0        0xa ./Core/Src/button_matrix.o
 *fill*         0x080050ca        0x2 
 .rodata.memSlotVP
                0x080050cc        0x5 ./Core/Src/lcd_hmi.o
 *fill*         0x080050d1        0x3 
 .rodata.comboHeightVP
                0x080050d4        0x7 ./Core/Src/lcd_hmi.o
 *fill*         0x080050db        0x1 
 .rodata.comboHeightEdit
                0x080050dc        0x7 ./Core/Src/lcd_hmi.o
 *fill*         0x080050e3        0x1 
 .rodata.featureVP
                0x080050e4        0x7 ./Core/Src/lcd_hmi.o
 *fill*         0x080050eb        0x1 
 .rodata.editVP
                0x080050ec        0x8 ./Core/Src/lcd_hmi.o
 .rodata.rtp1VP
                0x080050f4        0x8 ./Core/Src/lcd_hmi.o
 .rodata.AHBPrescTable
                0x080050fc       0x10 ./Core/Src/system_stm32f1xx.o
                0x080050fc                AHBPrescTable
 .rodata.APBPrescTable
                0x0800510c        0x8 ./Core/Src/system_stm32f1xx.o
                0x0800510c                APBPrescTable
 .rodata.aPLLMULFactorTable.1
                0x08005114       0x10 ./Drivers/STM32F1xx_HAL_Driver/Src/stm32f1xx_hal_rcc.o
 .rodata.aPredivFactorTable.0
                0x08005124        0x2 ./Drivers/STM32F1xx_HAL_Driver/Src/stm32f1xx_hal_rcc.o
                0x08005128                        . = ALIGN (0x4)
 *fill*         0x08005126        0x2 

.ARM.extab      0x08005128        0x0
                0x08005128                        . = ALIGN (0x4)
 *(.ARM.extab* .gnu.linkonce.armextab.*)
                0x08005128                        . = ALIGN (0x4)

.ARM            0x08005128        0x0
                0x08005128                        . = ALIGN (0x4)
                0x08005128                        __exidx_start = .
 *(.ARM.exidx*)
                0x08005128                        __exidx_end = .
                0x08005128                        . = ALIGN (0x4)

.preinit_array  0x08005128        0x0
                0x08005128                        . = ALIGN (0x4)
                0x08005128                        PROVIDE (__preinit_array_start = .)
 *(.preinit_array*)
                0x08005128                        PROVIDE (__preinit_array_end = .)
                0x08005128                        . = ALIGN (0x4)

.init_array     0x08005128        0x4
                0x08005128                        . = ALIGN (0x4)
                0x08005128                        PROVIDE (__init_array_start = .)
 *(SORT_BY_NAME(.init_array.*))
 *(.init_array*)
 .init_array    0x08005128        0x4 C:/ST/STM32CubeIDE_1.19.0/STM32CubeIDE/plugins/com.st.stm32cube.ide.mcu.externaltools.gnu-tools-for-stm32.13.3.rel1.win32_1.0.0.202411081344/tools/bin/../lib/gcc/arm-none-eabi/13.3.1/thumb/v7-m/nofp/crtbegin.o
                0x0800512c                        PROVIDE (__init_array_end = .)
                0x0800512c                        . = ALIGN (0x4)

.fini_array     0x0800512c        0x4
                0x0800512c                        . = ALIGN (0x4)
                [!provide]                        PROVIDE (__fini_array_start = .)
 *(SORT_BY_NAME(.fini_array.*))
 *(.fini_array*)
 .fini_array    0x0800512c        0x4 C:/ST/STM32CubeIDE_1.19.0/STM32CubeIDE/plugins/com.st.stm32cube.ide.mcu.externaltools.gnu-tools-for-stm32.13.3.rel1.win32_1.0.0.202411081344/tools/bin/../lib/gcc/arm-none-eabi/13.3.1/thumb/v7-m/nofp/crtbegin.o
                [!provide]                        PROVIDE (__fini_array_end = .)
                0x08005130                        . = ALIGN (0x4)
                0x08005130                        _sidata = LOADADDR (.data)

.rel.dyn        0x08005130        0x0
 .rel.iplt      0x08005130        0x0 C:/ST/STM32CubeIDE_1.19.0/STM32CubeIDE/plugins/com.st.stm32cube.ide.mcu.externaltools.gnu-tools-for-stm32.13.3.rel1.win32_1.0.0.202411081344/tools/bin/../lib/gcc/arm-none-eabi/13.3.1/thumb/v7-m/nofp/crtbegin.o

.data           0x20000000       0x18 load address 0x08005130
                0x20000000                        . = ALIGN (0x4)
                0x20000000                        _sdata = .
 *(.data)
 *(.data*)
 .data.currentPage
                0x20000000        0x1 ./Core/Src/lcd_hmi.o
 .data.tiltState
                0x20000001        0x1 ./Core/Src/lcd_hmi.o
 .data.lcdPowerOn
                0x20000002        0x1 ./Core/Src/lcd_hmi.o
 .data.memoryMode
                0x20000003        0x1 ./Core/Src/lcd_hmi.o
 .data.featureEnable
                0x20000004        0x7 ./Core/Src/lcd_hmi.o
 *fill*         0x2000000b        0x1 
 .data.SystemCoreClock
                0x2000000c        0x4 ./Core/Src/system_stm32f1xx.o
                0x2000000c                SystemCoreClock
 .data.uwTickPrio
                0x20000010        0x4 ./Drivers/STM32F1xx_HAL_Driver/Src/stm32f1xx_hal.o
                0x20000010                uwTickPrio
 .data.uwTickFreq
                0x20000014        0x1 ./Drivers/STM32F1xx_HAL_Driver/Src/stm32f1xx_hal.o
                0x20000014                uwTickFreq
 *(.RamFunc)
 *(.RamFunc*)
                0x20000018                        . = ALIGN (0x4)
 *fill*         0x20000015        0x3 
                0x20000018                        _edata = .

.igot.plt       0x20000018        0x0 load address 0x08005148
 .igot.plt      0x20000018        0x0 C:/ST/STM32CubeIDE_1.19.0/STM32CubeIDE/plugins/com.st.stm32cube.ide.mcu.externaltools.gnu-tools-for-stm32.13.3.rel1.win32_1.0.0.202411081344/tools/bin/../lib/gcc/arm-none-eabi/13.3.1/thumb/v7-m/nofp/crtbegin.o
                0x20000018                        . = ALIGN (0x4)

.bss            0x20000018      0x2cc load address 0x08005148
                0x20000018                        _sbss = .
                0x20000018                        __bss_start__ = _sbss
 *(.bss)
 .bss           0x20000018       0x1c C:/ST/STM32CubeIDE_1.19.0/STM32CubeIDE/plugins/com.st.stm32cube.ide.mcu.externaltools.gnu-tools-for-stm32.13.3.rel1.win32_1.0.0.202411081344/tools/bin/../lib/gcc/arm-none-eabi/13.3.1/thumb/v7-m/nofp/crtbegin.o
 *(.bss*)
 .bss.uart_bt   0x20000034        0x4 ./Core/Src/action_comm.o
 .bss.uart_act  0x20000038        0x4 ./Core/Src/action_comm.o
 .bss.uart_screen
                0x2000003c        0x4 ./Core/Src/action_comm.o
 .bss.txPacket  0x20000040       0x10 ./Core/Src/action_comm.o
 .bss.rxByte    0x20000050        0x1 ./Core/Src/action_comm.o
 *fill*         0x20000051        0x3 
 .bss.packetBuffer
                0x20000054       0x19 ./Core/Src/action_comm.o
 .bss.packetIndex
                0x2000006d        0x1 ./Core/Src/action_comm.o
 .bss.headerState
                0x2000006e        0x1 ./Core/Src/action_comm.o
 *fill*         0x2000006f        0x1 
 .bss.key_matrix
                0x20000070       0x23 ./Core/Src/button_matrix.o
 *fill*         0x20000093        0x1 
 .bss.stableCount
                0x20000094       0x23 ./Core/Src/button_matrix.o
 *fill*         0x200000b7        0x1 
 .bss.pressStart
                0x200000b8       0x8c ./Core/Src/button_matrix.o
 .bss.longActive
                0x20000144       0x23 ./Core/Src/button_matrix.o
 .bss.comboLatch_Flex
                0x20000167        0x1 ./Core/Src/button_matrix.o
 .bss.comboLatch_Height
                0x20000168        0x1 ./Core/Src/button_matrix.o
 .bss.comboLatch_Accept
                0x20000169        0x1 ./Core/Src/button_matrix.o
 .bss.comboLatch_Slide
                0x2000016a        0x1 ./Core/Src/button_matrix.o
 .bss.comboLatch_Level
                0x2000016b        0x1 ./Core/Src/button_matrix.o
 .bss.lcd_uart  0x2000016c        0x4 ./Core/Src/lcd_hmi.o
 .bss.uiState   0x20000170        0x1 ./Core/Src/lcd_hmi.o
 .bss.parentState
                0x20000171        0x1 ./Core/Src/lcd_hmi.o
 .bss.details_cursor
                0x20000172        0x1 ./Core/Src/lcd_hmi.o
 .bss.selRTP1   0x20000173        0x1 ./Core/Src/lcd_hmi.o
 .bss.selRTP2   0x20000174        0x1 ./Core/Src/lcd_hmi.o
 *fill*         0x20000175        0x3 
 .bss.rtp1Val   0x20000178        0x8 ./Core/Src/lcd_hmi.o
 .bss.batteryLevel
                0x20000180        0x1 ./Core/Src/lcd_hmi.o
 .bss.selSetting
                0x20000181        0x1 ./Core/Src/lcd_hmi.o
 .bss.clockCursor
                0x20000182        0x1 ./Core/Src/lcd_hmi.o
 .bss.clockHour
                0x20000183        0x1 ./Core/Src/lcd_hmi.o
 .bss.clockMin  0x20000184        0x1 ./Core/Src/lcd_hmi.o
 .bss.heightState
                0x20000185        0x1 ./Core/Src/lcd_hmi.o
 .bss.trendState
                0x20000186        0x1 ./Core/Src/lcd_hmi.o
 .bss.backState
                0x20000187        0x1 ./Core/Src/lcd_hmi.o
 .bss.slideState
                0x20000188        0x1 ./Core/Src/lcd_hmi.o
 .bss.flexState
                0x20000189        0x1 ./Core/Src/lcd_hmi.o
 .bss.valueChanged
                0x2000018a        0x1 ./Core/Src/lcd_hmi.o
 .bss.animStepping
                0x2000018b        0x1 ./Core/Src/lcd_hmi.o
 .bss.animActive
                0x2000018c        0x1 ./Core/Src/lcd_hmi.o
 .bss.animCmd   0x2000018d        0x1 ./Core/Src/lcd_hmi.o
 *fill*         0x2000018e        0x2 
 .bss.animTick  0x20000190        0x4 ./Core/Src/lcd_hmi.o
 .bss.reverseMode
                0x20000194        0x1 ./Core/Src/lcd_hmi.o
 .bss.lcdLocked
                0x20000195        0x1 ./Core/Src/lcd_hmi.o
 .bss.selFeature
                0x20000196        0x1 ./Core/Src/lcd_hmi.o
 .bss.selComboHeight
                0x20000197        0x1 ./Core/Src/lcd_hmi.o
 .bss.selComboAccept
                0x20000198        0x1 ./Core/Src/lcd_hmi.o
 .bss.selMemory
                0x20000199        0x1 ./Core/Src/lcd_hmi.o
 *fill*         0x2000019a        0x2 
 .bss.memSlotSaved
                0x2000019c        0x5 ./Core/Src/lcd_hmi.o
 *fill*         0x200001a1        0x3 
 .bss.comboHeightVal
                0x200001a4        0xe ./Core/Src/lcd_hmi.o
 *fill*         0x200001b2        0x2 
 .bss.editVal   0x200001b4       0x10 ./Core/Src/lcd_hmi.o
 .bss.homeTimer
                0x200001c4        0x4 ./Core/Src/lcd_hmi.o
 .bss.homeActive
                0x200001c8        0x1 ./Core/Src/lcd_hmi.o
 *fill*         0x200001c9        0x3 
 .bss.hcan      0x200001cc       0x28 ./Core/Src/main.o
                0x200001cc                hcan
 .bss.huart1    0x200001f4       0x48 ./Core/Src/main.o
                0x200001f4                huart1
 .bss.huart2    0x2000023c       0x48 ./Core/Src/main.o
                0x2000023c                huart2
 .bss.huart3    0x20000284       0x48 ./Core/Src/main.o
                0x20000284                huart3
 .bss.sensorState
                0x200002cc        0xb ./Core/Src/sensor_manager.o
 .bss.selected_sensor
                0x200002d7        0x1 ./Core/Src/sensor_manager.o
 .bss.edit_mode
                0x200002d8        0x1 ./Core/Src/sensor_manager.o
 .bss.sensorPageActive
                0x200002d9        0x1 ./Core/Src/sensor_manager.o
 .bss.sensorDirty
                0x200002da        0x1 ./Core/Src/sensor_manager.o
 .bss.testModeActive
                0x200002db        0x1 ./Core/Src/sensor_manager.o
 .bss.testSensorType
                0x200002dc        0x1 ./Core/Src/sensor_manager.o
 .bss.testValue
                0x200002dd        0x1 ./Core/Src/sensor_manager.o
 *fill*         0x200002de        0x2 
 .bss.uwTick    0x200002e0        0x4 ./Drivers/STM32F1xx_HAL_Driver/Src/stm32f1xx_hal.o
                0x200002e0                uwTick
 *(COMMON)
                0x200002e4                        . = ALIGN (0x4)
                0x200002e4                        _ebss = .
                0x200002e4                        __bss_end__ = _ebss

._user_heap_stack
                0x200002e4      0x604 load address 0x08005148
                0x200002e8                        . = ALIGN (0x8)
 *fill*         0x200002e4        0x4 
                [!provide]                        PROVIDE (end = .)
                0x200002e8                        PROVIDE (_end = .)
                0x200004e8                        . = (. + _Min_Heap_Size)
 *fill*         0x200002e8      0x200 
                0x200008e8                        . = (. + _Min_Stack_Size)
 *fill*         0x200004e8      0x400 
                0x200008e8                        . = ALIGN (0x8)

/DISCARD/
 libc.a(*)
 libm.a(*)
 libgcc.a(*)

.ARM.attributes
                0x00000000       0x29
 *(.ARM.attributes)
 .ARM.attributes
                0x00000000       0x1d C:/ST/STM32CubeIDE_1.19.0/STM32CubeIDE/plugins/com.st.stm32cube.ide.mcu.externaltools.gnu-tools-for-stm32.13.3.rel1.win32_1.0.0.202411081344/tools/bin/../lib/gcc/arm-none-eabi/13.3.1/thumb/v7-m/nofp/crti.o
 .ARM.attributes
                0x0000001d       0x2d C:/ST/STM32CubeIDE_1.19.0/STM32CubeIDE/plugins/com.st.stm32cube.ide.mcu.externaltools.gnu-tools-for-stm32.13.3.rel1.win32_1.0.0.202411081344/tools/bin/../lib/gcc/arm-none-eabi/13.3.1/thumb/v7-m/nofp/crtbegin.o
 .ARM.attributes
                0x0000004a       0x2d ./Core/Src/action_comm.o
 .ARM.attributes
                0x00000077       0x2d ./Core/Src/button_matrix.o
 .ARM.attributes
                0x000000a4       0x2d ./Core/Src/lcd_hmi.o
 .ARM.attributes
                0x000000d1       0x2d ./Core/Src/main.o
 .ARM.attributes
                0x000000fe       0x2d ./Core/Src/sensor_manager.o
 .ARM.attributes
                0x0000012b       0x2d ./Core/Src/stm32f1xx_hal_msp.o
 .ARM.attributes
                0x00000158       0x2d ./Core/Src/stm32f1xx_it.o
 .ARM.attributes
                0x00000185       0x2d ./Core/Src/system_stm32f1xx.o
 .ARM.attributes
                0x000001b2       0x21 ./Core/Startup/startup_stm32f103c8tx.o
 .ARM.attributes
                0x000001d3       0x2d ./Drivers/STM32F1xx_HAL_Driver/Src/stm32f1xx_hal.o
 .ARM.attributes
                0x00000200       0x2d ./Drivers/STM32F1xx_HAL_Driver/Src/stm32f1xx_hal_can.o
 .ARM.attributes
                0x0000022d       0x2d ./Drivers/STM32F1xx_HAL_Driver/Src/stm32f1xx_hal_cortex.o
 .ARM.attributes
                0x0000025a       0x2d ./Drivers/STM32F1xx_HAL_Driver/Src/stm32f1xx_hal_dma.o
 .ARM.attributes
                0x00000287       0x2d ./Drivers/STM32F1xx_HAL_Driver/Src/stm32f1xx_hal_gpio.o
 .ARM.attributes
                0x000002b4       0x2d ./Drivers/STM32F1xx_HAL_Driver/Src/stm32f1xx_hal_rcc.o
 .ARM.attributes
                0x000002e1       0x2d ./Drivers/STM32F1xx_HAL_Driver/Src/stm32f1xx_hal_uart.o
 .ARM.attributes
                0x0000030e       0x2d C:/ST/STM32CubeIDE_1.19.0/STM32CubeIDE/plugins/com.st.stm32cube.ide.mcu.externaltools.gnu-tools-for-stm32.13.3.rel1.win32_1.0.0.202411081344/tools/bin/../lib/gcc/arm-none-eabi/13.3.1/../../../../arm-none-eabi/lib/thumb/v7-m/nofp\libc_nano.a(libc_a-memset.o)
 .ARM.attributes
                0x0000033b       0x2d C:/ST/STM32CubeIDE_1.19.0/STM32CubeIDE/plugins/com.st.stm32cube.ide.mcu.externaltools.gnu-tools-for-stm32.13.3.rel1.win32_1.0.0.202411081344/tools/bin/../lib/gcc/arm-none-eabi/13.3.1/../../../../arm-none-eabi/lib/thumb/v7-m/nofp\libc_nano.a(libc_a-init.o)
 .ARM.attributes
                0x00000368       0x1d C:/ST/STM32CubeIDE_1.19.0/STM32CubeIDE/plugins/com.st.stm32cube.ide.mcu.externaltools.gnu-tools-for-stm32.13.3.rel1.win32_1.0.0.202411081344/tools/bin/../lib/gcc/arm-none-eabi/13.3.1/thumb/v7-m/nofp/crtn.o
OUTPUT(table.elf elf32-littlearm)
LOAD linker stubs
LOAD C:/ST/STM32CubeIDE_1.19.0/STM32CubeIDE/plugins/com.st.stm32cube.ide.mcu.externaltools.gnu-tools-for-stm32.13.3.rel1.win32_1.0.0.202411081344/tools/bin/../lib/gcc/arm-none-eabi/13.3.1/../../../../arm-none-eabi/lib/thumb/v7-m/nofp\libc.a
LOAD C:/ST/STM32CubeIDE_1.19.0/STM32CubeIDE/plugins/com.st.stm32cube.ide.mcu.externaltools.gnu-tools-for-stm32.13.3.rel1.win32_1.0.0.202411081344/tools/bin/../lib/gcc/arm-none-eabi/13.3.1/../../../../arm-none-eabi/lib/thumb/v7-m/nofp\libm.a
LOAD C:/ST/STM32CubeIDE_1.19.0/STM32CubeIDE/plugins/com.st.stm32cube.ide.mcu.externaltools.gnu-tools-for-stm32.13.3.rel1.win32_1.0.0.202411081344/tools/bin/../lib/gcc/arm-none-eabi/13.3.1/thumb/v7-m/nofp\libgcc.a

.debug_info     0x00000000     0xab6d
 .debug_info    0x00000000      0x790 ./Core/Src/action_comm.o
 .debug_info    0x00000790      0x558 ./Core/Src/button_matrix.o
 .debug_info    0x00000ce8     0x1263 ./Core/Src/lcd_hmi.o
 .debug_info    0x00001f4b      0xe2f ./Core/Src/main.o
 .debug_info    0x00002d7a      0x369 ./Core/Src/sensor_manager.o
 .debug_info    0x000030e3      0xe3e ./Core/Src/stm32f1xx_hal_msp.o
 .debug_info    0x00003f21      0x61d ./Core/Src/stm32f1xx_it.o
 .debug_info    0x0000453e      0x222 ./Core/Src/system_stm32f1xx.o
 .debug_info    0x00004760       0x30 ./Core/Startup/startup_stm32f103c8tx.o
 .debug_info    0x00004790      0x704 ./Drivers/STM32F1xx_HAL_Driver/Src/stm32f1xx_hal.o
 .debug_info    0x00004e94      0xf13 ./Drivers/STM32F1xx_HAL_Driver/Src/stm32f1xx_hal_can.o
 .debug_info    0x00005da7      0xa87 ./Drivers/STM32F1xx_HAL_Driver/Src/stm32f1xx_hal_cortex.o
 .debug_info    0x0000682e      0x6d2 ./Drivers/STM32F1xx_HAL_Driver/Src/stm32f1xx_hal_dma.o
 .debug_info    0x00006f00      0x5ab ./Drivers/STM32F1xx_HAL_Driver/Src/stm32f1xx_hal_gpio.o
 .debug_info    0x000074ab      0x7d5 ./Drivers/STM32F1xx_HAL_Driver/Src/stm32f1xx_hal_rcc.o
 .debug_info    0x00007c80     0x2eed ./Drivers/STM32F1xx_HAL_Driver/Src/stm32f1xx_hal_uart.o

.debug_abbrev   0x00000000     0x20fd
 .debug_abbrev  0x00000000      0x1fb ./Core/Src/action_comm.o
 .debug_abbrev  0x000001fb      0x1b4 ./Core/Src/button_matrix.o
 .debug_abbrev  0x000003af      0x35d ./Core/Src/lcd_hmi.o
 .debug_abbrev  0x0000070c      0x2dd ./Core/Src/main.o
 .debug_abbrev  0x000009e9      0x16a ./Core/Src/sensor_manager.o
 .debug_abbrev  0x00000b53      0x23a ./Core/Src/stm32f1xx_hal_msp.o
 .debug_abbrev  0x00000d8d      0x178 ./Core/Src/stm32f1xx_it.o
 .debug_abbrev  0x00000f05      0x13f ./Core/Src/system_stm32f1xx.o
 .debug_abbrev  0x00001044       0x24 ./Core/Startup/startup_stm32f103c8tx.o
 .debug_abbrev  0x00001068      0x201 ./Drivers/STM32F1xx_HAL_Driver/Src/stm32f1xx_hal.o
 .debug_abbrev  0x00001269      0x21c ./Drivers/STM32F1xx_HAL_Driver/Src/stm32f1xx_hal_can.o
 .debug_abbrev  0x00001485      0x2f8 ./Drivers/STM32F1xx_HAL_Driver/Src/stm32f1xx_hal_cortex.o
 .debug_abbrev  0x0000177d      0x20b ./Drivers/STM32F1xx_HAL_Driver/Src/stm32f1xx_hal_dma.o
 .debug_abbrev  0x00001988      0x1ca ./Drivers/STM32F1xx_HAL_Driver/Src/stm32f1xx_hal_gpio.o
 .debug_abbrev  0x00001b52      0x2b3 ./Drivers/STM32F1xx_HAL_Driver/Src/stm32f1xx_hal_rcc.o
 .debug_abbrev  0x00001e05      0x2f8 ./Drivers/STM32F1xx_HAL_Driver/Src/stm32f1xx_hal_uart.o

.debug_aranges  0x00000000      0xa58
 .debug_aranges
                0x00000000       0x58 ./Core/Src/action_comm.o
 .debug_aranges
                0x00000058       0x20 ./Core/Src/button_matrix.o
 .debug_aranges
                0x00000078      0x188 ./Core/Src/lcd_hmi.o
 .debug_aranges
                0x00000200       0x58 ./Core/Src/main.o
 .debug_aranges
                0x00000258       0x70 ./Core/Src/sensor_manager.o
 .debug_aranges
                0x000002c8       0x40 ./Core/Src/stm32f1xx_hal_msp.o
 .debug_aranges
                0x00000308       0x78 ./Core/Src/stm32f1xx_it.o
 .debug_aranges
                0x00000380       0x28 ./Core/Src/system_stm32f1xx.o
 .debug_aranges
                0x000003a8       0x28 ./Core/Startup/startup_stm32f103c8tx.o
 .debug_aranges
                0x000003d0       0xe0 ./Drivers/STM32F1xx_HAL_Driver/Src/stm32f1xx_hal.o
 .debug_aranges
                0x000004b0      0x138 ./Drivers/STM32F1xx_HAL_Driver/Src/stm32f1xx_hal_can.o
 .debug_aranges
                0x000005e8      0x100 ./Drivers/STM32F1xx_HAL_Driver/Src/stm32f1xx_hal_cortex.o
 .debug_aranges
                0x000006e8       0x80 ./Drivers/STM32F1xx_HAL_Driver/Src/stm32f1xx_hal_dma.o
 .debug_aranges
                0x00000768       0x58 ./Drivers/STM32F1xx_HAL_Driver/Src/stm32f1xx_hal_gpio.o
 .debug_aranges
                0x000007c0       0x90 ./Drivers/STM32F1xx_HAL_Driver/Src/stm32f1xx_hal_rcc.o
 .debug_aranges
                0x00000850      0x208 ./Drivers/STM32F1xx_HAL_Driver/Src/stm32f1xx_hal_uart.o

.debug_rnglists
                0x00000000      0x7f5
 .debug_rnglists
                0x00000000       0x3e ./Core/Src/action_comm.o
 .debug_rnglists
                0x0000003e       0x32 ./Core/Src/button_matrix.o
 .debug_rnglists
                0x00000070      0x126 ./Core/Src/lcd_hmi.o
 .debug_rnglists
                0x00000196       0x40 ./Core/Src/main.o
 .debug_rnglists
                0x000001d6       0x53 ./Core/Src/sensor_manager.o
 .debug_rnglists
                0x00000229       0x2e ./Core/Src/stm32f1xx_hal_msp.o
 .debug_rnglists
                0x00000257       0x55 ./Core/Src/stm32f1xx_it.o
 .debug_rnglists
                0x000002ac       0x1a ./Core/Src/system_stm32f1xx.o
 .debug_rnglists
                0x000002c6       0x19 ./Core/Startup/startup_stm32f103c8tx.o
 .debug_rnglists
                0x000002df       0xa3 ./Drivers/STM32F1xx_HAL_Driver/Src/stm32f1xx_hal.o
 .debug_rnglists
                0x00000382       0xed ./Drivers/STM32F1xx_HAL_Driver/Src/stm32f1xx_hal_can.o
 .debug_rnglists
                0x0000046f       0xbb ./Drivers/STM32F1xx_HAL_Driver/Src/stm32f1xx_hal_cortex.o
 .debug_rnglists
                0x0000052a       0x64 ./Drivers/STM32F1xx_HAL_Driver/Src/stm32f1xx_hal_dma.o
 .debug_rnglists
                0x0000058e       0x3f ./Drivers/STM32F1xx_HAL_Driver/Src/stm32f1xx_hal_gpio.o
 .debug_rnglists
                0x000005cd       0x6c ./Drivers/STM32F1xx_HAL_Driver/Src/stm32f1xx_hal_rcc.o
 .debug_rnglists
                0x00000639      0x1bc ./Drivers/STM32F1xx_HAL_Driver/Src/stm32f1xx_hal_uart.o

.debug_macro    0x00000000    0x17c49
 .debug_macro   0x00000000      0x291 ./Core/Src/action_comm.o
 .debug_macro   0x00000291      0xacc ./Core/Src/action_comm.o
 .debug_macro   0x00000d5d      0x21b ./Core/Src/action_comm.o
 .debug_macro   0x00000f78       0x2e ./Core/Src/action_comm.o
 .debug_macro   0x00000fa6       0x22 ./Core/Src/action_comm.o
 .debug_macro   0x00000fc8       0x22 ./Core/Src/action_comm.o
 .debug_macro   0x00000fea       0x8e ./Core/Src/action_comm.o
 .debug_macro   0x00001078       0x51 ./Core/Src/action_comm.o
 .debug_macro   0x000010c9      0x103 ./Core/Src/action_comm.o
 .debug_macro   0x000011cc       0x6a ./Core/Src/action_comm.o
 .debug_macro   0x00001236      0x1df ./Core/Src/action_comm.o
 .debug_macro   0x00001415       0x1c ./Core/Src/action_comm.o
 .debug_macro   0x00001431       0x22 ./Core/Src/action_comm.o
 .debug_macro   0x00001453       0xbd ./Core/Src/action_comm.o
 .debug_macro   0x00001510      0xd23 ./Core/Src/action_comm.o
 .debug_macro   0x00002233     0xe09e ./Core/Src/action_comm.o
 .debug_macro   0x000102d1       0x6d ./Core/Src/action_comm.o
 .debug_macro   0x0001033e     0x34a2 ./Core/Src/action_comm.o
 .debug_macro   0x000137e0      0x190 ./Core/Src/action_comm.o
 .debug_macro   0x00013970       0x5c ./Core/Src/action_comm.o
 .debug_macro   0x000139cc      0x5bc ./Core/Src/action_comm.o
 .debug_macro   0x00013f88      0x289 ./Core/Src/action_comm.o
 .debug_macro   0x00014211      0x1cb ./Core/Src/action_comm.o
 .debug_macro   0x000143dc      0x114 ./Core/Src/action_comm.o
 .debug_macro   0x000144f0      0x1b2 ./Core/Src/action_comm.o
 .debug_macro   0x000146a2       0x27 ./Core/Src/action_comm.o
 .debug_macro   0x000146c9      0x136 ./Core/Src/action_comm.o
 .debug_macro   0x000147ff      0x1bc ./Core/Src/action_comm.o
 .debug_macro   0x000149bb       0x34 ./Core/Src/action_comm.o
 .debug_macro   0x000149ef       0x3c ./Core/Src/action_comm.o
 .debug_macro   0x00014a2b      0x408 ./Core/Src/action_comm.o
 .debug_macro   0x00014e33       0x57 ./Core/Src/action_comm.o
 .debug_macro   0x00014e8a       0x87 ./Core/Src/action_comm.o
 .debug_macro   0x00014f11      0x240 ./Core/Src/action_comm.o
 .debug_macro   0x00015151      0x140 ./Core/Src/action_comm.o
 .debug_macro   0x00015291      0x28e ./Core/Src/action_comm.o
 .debug_macro   0x0001551f       0x83 ./Core/Src/action_comm.o
 .debug_macro   0x000155a2       0x1c ./Core/Src/action_comm.o
 .debug_macro   0x000155be       0x61 ./Core/Src/action_comm.o
 .debug_macro   0x0001561f       0x24 ./Core/Src/action_comm.o
 .debug_macro   0x00015643       0x43 ./Core/Src/action_comm.o
 .debug_macro   0x00015686       0x34 ./Core/Src/action_comm.o
 .debug_macro   0x000156ba      0x370 ./Core/Src/action_comm.o
 .debug_macro   0x00015a2a       0x16 ./Core/Src/action_comm.o
 .debug_macro   0x00015a40       0x4a ./Core/Src/action_comm.o
 .debug_macro   0x00015a8a       0x34 ./Core/Src/action_comm.o
 .debug_macro   0x00015abe       0x10 ./Core/Src/action_comm.o
 .debug_macro   0x00015ace       0x58 ./Core/Src/action_comm.o
 .debug_macro   0x00015b26       0x8e ./Core/Src/action_comm.o
 .debug_macro   0x00015bb4       0x1c ./Core/Src/action_comm.o
 .debug_macro   0x00015bd0      0x185 ./Core/Src/action_comm.o
 .debug_macro   0x00015d55       0x10 ./Core/Src/action_comm.o
 .debug_macro   0x00015d65       0x3c ./Core/Src/action_comm.o
 .debug_macro   0x00015da1       0x20 ./Core/Src/action_comm.o
 .debug_macro   0x00015dc1      0x1de ./Core/Src/button_matrix.o
 .debug_macro   0x00015f9f       0x22 ./Core/Src/button_matrix.o
 .debug_macro   0x00015fc1      0x239 ./Core/Src/button_matrix.o
 .debug_macro   0x000161fa       0xac ./Core/Src/button_matrix.o
 .debug_macro   0x000162a6      0x20b ./Core/Src/lcd_hmi.o
 .debug_macro   0x000164b1      0x233 ./Core/Src/lcd_hmi.o
 .debug_macro   0x000166e4      0x1cc ./Core/Src/main.o
 .debug_macro   0x000168b0       0xa6 ./Core/Src/main.o
 .debug_macro   0x00016956       0x28 ./Core/Src/main.o
 .debug_macro   0x0001697e      0x1ec ./Core/Src/sensor_manager.o
 .debug_macro   0x00016b6a       0x16 ./Core/Src/sensor_manager.o
 .debug_macro   0x00016b80      0x1a7 ./Core/Src/stm32f1xx_hal_msp.o
 .debug_macro   0x00016d27      0x1b1 ./Core/Src/stm32f1xx_it.o
 .debug_macro   0x00016ed8      0x198 ./Core/Src/system_stm32f1xx.o
 .debug_macro   0x00017070      0x1bc ./Drivers/STM32F1xx_HAL_Driver/Src/stm32f1xx_hal.o
 .debug_macro   0x0001722c      0x1a7 ./Drivers/STM32F1xx_HAL_Driver/Src/stm32f1xx_hal_can.o
 .debug_macro   0x000173d3      0x198 ./Drivers/STM32F1xx_HAL_Driver/Src/stm32f1xx_hal_cortex.o
 .debug_macro   0x0001756b      0x198 ./Drivers/STM32F1xx_HAL_Driver/Src/stm32f1xx_hal_dma.o
 .debug_macro   0x00017703      0x203 ./Drivers/STM32F1xx_HAL_Driver/Src/stm32f1xx_hal_gpio.o
 .debug_macro   0x00017906      0x1aa ./Drivers/STM32F1xx_HAL_Driver/Src/stm32f1xx_hal_rcc.o
 .debug_macro   0x00017ab0      0x199 ./Drivers/STM32F1xx_HAL_Driver/Src/stm32f1xx_hal_uart.o

.debug_line     0x00000000     0xc823
 .debug_line    0x00000000      0x9ab ./Core/Src/action_comm.o
 .debug_line    0x000009ab      0xacb ./Core/Src/button_matrix.o
 .debug_line    0x00001476     0x1895 ./Core/Src/lcd_hmi.o
 .debug_line    0x00002d0b      0x8e5 ./Core/Src/main.o
 .debug_line    0x000035f0      0x981 ./Core/Src/sensor_manager.o
 .debug_line    0x00003f71      0x803 ./Core/Src/stm32f1xx_hal_msp.o
 .debug_line    0x00004774      0x7d9 ./Core/Src/stm32f1xx_it.o
 .debug_line    0x00004f4d      0x761 ./Core/Src/system_stm32f1xx.o
 .debug_line    0x000056ae       0x78 ./Core/Startup/startup_stm32f103c8tx.o
 .debug_line    0x00005726      0x992 ./Drivers/STM32F1xx_HAL_Driver/Src/stm32f1xx_hal.o
 .debug_line    0x000060b8     0x118b ./Drivers/STM32F1xx_HAL_Driver/Src/stm32f1xx_hal_can.o
 .debug_line    0x00007243      0xb5c ./Drivers/STM32F1xx_HAL_Driver/Src/stm32f1xx_hal_cortex.o
 .debug_line    0x00007d9f      0xd9c ./Drivers/STM32F1xx_HAL_Driver/Src/stm32f1xx_hal_dma.o
 .debug_line    0x00008b3b      0x9ef ./Drivers/STM32F1xx_HAL_Driver/Src/stm32f1xx_hal_gpio.o
 .debug_line    0x0000952a      0xe4b ./Drivers/STM32F1xx_HAL_Driver/Src/stm32f1xx_hal_rcc.o
 .debug_line    0x0000a375     0x24ae ./Drivers/STM32F1xx_HAL_Driver/Src/stm32f1xx_hal_uart.o

.debug_str      0x00000000    0x85853
 .debug_str     0x00000000    0x85853 ./Core/Src/action_comm.o
                              0x82318 (size before relaxing)
 .debug_str     0x00085853    0x7f70a ./Core/Src/button_matrix.o
 .debug_str     0x00085853    0x8025a ./Core/Src/lcd_hmi.o
 .debug_str     0x00085853    0x7fe23 ./Core/Src/main.o
 .debug_str     0x00085853    0x7f4c6 ./Core/Src/sensor_manager.o
 .debug_str     0x00085853    0x7f802 ./Core/Src/stm32f1xx_hal_msp.o
 .debug_str     0x00085853    0x7f264 ./Core/Src/stm32f1xx_it.o
 .debug_str     0x00085853    0x7ebc2 ./Core/Src/system_stm32f1xx.o
 .debug_str     0x00085853       0x60 ./Core/Startup/startup_stm32f103c8tx.o
 .debug_str     0x00085853    0x7f2f5 ./Drivers/STM32F1xx_HAL_Driver/Src/stm32f1xx_hal.o
 .debug_str     0x00085853    0x7f3ca ./Drivers/STM32F1xx_HAL_Driver/Src/stm32f1xx_hal_can.o
 .debug_str     0x00085853    0x7f241 ./Drivers/STM32F1xx_HAL_Driver/Src/stm32f1xx_hal_cortex.o
 .debug_str     0x00085853    0x7ef6b ./Drivers/STM32F1xx_HAL_Driver/Src/stm32f1xx_hal_dma.o
 .debug_str     0x00085853    0x7ef48 ./Drivers/STM32F1xx_HAL_Driver/Src/stm32f1xx_hal_gpio.o
 .debug_str     0x00085853    0x7eff1 ./Drivers/STM32F1xx_HAL_Driver/Src/stm32f1xx_hal_rcc.o
 .debug_str     0x00085853    0x7f662 ./Drivers/STM32F1xx_HAL_Driver/Src/stm32f1xx_hal_uart.o

.comment        0x00000000       0x43
 .comment       0x00000000       0x43 ./Core/Src/action_comm.o
                                 0x44 (size before relaxing)
 .comment       0x00000043       0x44 ./Core/Src/button_matrix.o
 .comment       0x00000043       0x44 ./Core/Src/lcd_hmi.o
 .comment       0x00000043       0x44 ./Core/Src/main.o
 .comment       0x00000043       0x44 ./Core/Src/sensor_manager.o
 .comment       0x00000043       0x44 ./Core/Src/stm32f1xx_hal_msp.o
 .comment       0x00000043       0x44 ./Core/Src/stm32f1xx_it.o
 .comment       0x00000043       0x44 ./Core/Src/system_stm32f1xx.o
 .comment       0x00000043       0x44 ./Drivers/STM32F1xx_HAL_Driver/Src/stm32f1xx_hal.o
 .comment       0x00000043       0x44 ./Drivers/STM32F1xx_HAL_Driver/Src/stm32f1xx_hal_can.o
 .comment       0x00000043       0x44 ./Drivers/STM32F1xx_HAL_Driver/Src/stm32f1xx_hal_cortex.o
 .comment       0x00000043       0x44 ./Drivers/STM32F1xx_HAL_Driver/Src/stm32f1xx_hal_dma.o
 .comment       0x00000043       0x44 ./Drivers/STM32F1xx_HAL_Driver/Src/stm32f1xx_hal_gpio.o
 .comment       0x00000043       0x44 ./Drivers/STM32F1xx_HAL_Driver/Src/stm32f1xx_hal_rcc.o
 .comment       0x00000043       0x44 ./Drivers/STM32F1xx_HAL_Driver/Src/stm32f1xx_hal_uart.o

.debug_frame    0x00000000     0x2898
 .debug_frame   0x00000000      0x130 ./Core/Src/action_comm.o
 .debug_frame   0x00000130       0x38 ./Core/Src/button_matrix.o
 .debug_frame   0x00000168      0x638 ./Core/Src/lcd_hmi.o
 .debug_frame   0x000007a0       0xfc ./Core/Src/main.o
 .debug_frame   0x0000089c      0x18c ./Core/Src/sensor_manager.o
 .debug_frame   0x00000a28       0xc8 ./Core/Src/stm32f1xx_hal_msp.o
 .debug_frame   0x00000af0      0x158 ./Core/Src/stm32f1xx_it.o
 .debug_frame   0x00000c48       0x58 ./Core/Src/system_stm32f1xx.o
 .debug_frame   0x00000ca0      0x334 ./Drivers/STM32F1xx_HAL_Driver/Src/stm32f1xx_hal.o
 .debug_frame   0x00000fd4      0x5a0 ./Drivers/STM32F1xx_HAL_Driver/Src/stm32f1xx_hal_can.o
 .debug_frame   0x00001574      0x428 ./Drivers/STM32F1xx_HAL_Driver/Src/stm32f1xx_hal_cortex.o
 .debug_frame   0x0000199c      0x208 ./Drivers/STM32F1xx_HAL_Driver/Src/stm32f1xx_hal_dma.o
 .debug_frame   0x00001ba4      0x14c ./Drivers/STM32F1xx_HAL_Driver/Src/stm32f1xx_hal_gpio.o
 .debug_frame   0x00001cf0      0x218 ./Drivers/STM32F1xx_HAL_Driver/Src/stm32f1xx_hal_rcc.o
 .debug_frame   0x00001f08      0x944 ./Drivers/STM32F1xx_HAL_Driver/Src/stm32f1xx_hal_uart.o
 .debug_frame   0x0000284c       0x20 C:/ST/STM32CubeIDE_1.19.0/STM32CubeIDE/plugins/com.st.stm32cube.ide.mcu.externaltools.gnu-tools-for-stm32.13.3.rel1.win32_1.0.0.202411081344/tools/bin/../lib/gcc/arm-none-eabi/13.3.1/../../../../arm-none-eabi/lib/thumb/v7-m/nofp\libc_nano.a(libc_a-memset.o)
 .debug_frame   0x0000286c       0x2c C:/ST/STM32CubeIDE_1.19.0/STM32CubeIDE/plugins/com.st.stm32cube.ide.mcu.externaltools.gnu-tools-for-stm32.13.3.rel1.win32_1.0.0.202411081344/tools/bin/../lib/gcc/arm-none-eabi/13.3.1/../../../../arm-none-eabi/lib/thumb/v7-m/nofp\libc_nano.a(libc_a-init.o)

.debug_line_str
                0x00000000       0x44
 .debug_line_str
                0x00000000       0x44 ./Core/Startup/startup_stm32f103c8tx.o
