Archive member included to satisfy reference by file (symbol)

C:/ST/STM32CubeIDE_1.19.0/STM32CubeIDE/plugins/com.st.stm32cube.ide.mcu.externaltools.gnu-tools-for-stm32.13.3.rel1.win32_1.0.0.202411081344/tools/bin/../lib/gcc/arm-none-eabi/13.3.1/../../../../arm-none-eabi/lib/thumb/v7-m/nofp\libc_nano.a(libc_a-exit.o)
                              C:/ST/STM32CubeIDE_1.19.0/STM32CubeIDE/plugins/com.st.stm32cube.ide.mcu.externaltools.gnu-tools-for-stm32.13.3.rel1.win32_1.0.0.202411081344/tools/bin/../lib/gcc/arm-none-eabi/13.3.1/../../../../arm-none-eabi/lib/thumb/v7-m/nofp/crt0.o (exit)
C:/ST/STM32CubeIDE_1.19.0/STM32CubeIDE/plugins/com.st.stm32cube.ide.mcu.externaltools.gnu-tools-for-stm32.13.3.rel1.win32_1.0.0.202411081344/tools/bin/../lib/gcc/arm-none-eabi/13.3.1/../../../../arm-none-eabi/lib/thumb/v7-m/nofp\libc_nano.a(libc_a-rand.o)
                              ./Core/Src/rtc_manager.o (srand)
C:/ST/STM32CubeIDE_1.19.0/STM32CubeIDE/plugins/com.st.stm32cube.ide.mcu.externaltools.gnu-tools-for-stm32.13.3.rel1.win32_1.0.0.202411081344/tools/bin/../lib/gcc/arm-none-eabi/13.3.1/../../../../arm-none-eabi/lib/thumb/v7-m/nofp\libc_nano.a(libc_a-findfp.o)
                              C:/ST/STM32CubeIDE_1.19.0/STM32CubeIDE/plugins/com.st.stm32cube.ide.mcu.externaltools.gnu-tools-for-stm32.13.3.rel1.win32_1.0.0.202411081344/tools/bin/../lib/gcc/arm-none-eabi/13.3.1/../../../../arm-none-eabi/lib/thumb/v7-m/nofp\libc_nano.a(libc_a-exit.o) (__stdio_exit_handler)
C:/ST/STM32CubeIDE_1.19.0/STM32CubeIDE/plugins/com.st.stm32cube.ide.mcu.externaltools.gnu-tools-for-stm32.13.3.rel1.win32_1.0.0.202411081344/tools/bin/../lib/gcc/arm-none-eabi/13.3.1/../../../../arm-none-eabi/lib/thumb/v7-m/nofp\libc_nano.a(libc_a-fwalk.o)
                              C:/ST/STM32CubeIDE_1.19.0/STM32CubeIDE/plugins/com.st.stm32cube.ide.mcu.externaltools.gnu-tools-for-stm32.13.3.rel1.win32_1.0.0.202411081344/tools/bin/../lib/gcc/arm-none-eabi/13.3.1/../../../../arm-none-eabi/lib/thumb/v7-m/nofp\libc_nano.a(libc_a-findfp.o) (_fwalk_sglue)
C:/ST/STM32CubeIDE_1.19.0/STM32CubeIDE/plugins/com.st.stm32cube.ide.mcu.externaltools.gnu-tools-for-stm32.13.3.rel1.win32_1.0.0.202411081344/tools/bin/../lib/gcc/arm-none-eabi/13.3.1/../../../../arm-none-eabi/lib/thumb/v7-m/nofp\libc_nano.a(libc_a-stdio.o)
                              C:/ST/STM32CubeIDE_1.19.0/STM32CubeIDE/plugins/com.st.stm32cube.ide.mcu.externaltools.gnu-tools-for-stm32.13.3.rel1.win32_1.0.0.202411081344/tools/bin/../lib/gcc/arm-none-eabi/13.3.1/../../../../arm-none-eabi/lib/thumb/v7-m/nofp\libc_nano.a(libc_a-findfp.o) (__sread)
C:/ST/STM32CubeIDE_1.19.0/STM32CubeIDE/plugins/com.st.stm32cube.ide.mcu.externaltools.gnu-tools-for-stm32.13.3.rel1.win32_1.0.0.202411081344/tools/bin/../lib/gcc/arm-none-eabi/13.3.1/../../../../arm-none-eabi/lib/thumb/v7-m/nofp\libc_nano.a(libc_a-memset.o)
                              C:/ST/STM32CubeIDE_1.19.0/STM32CubeIDE/plugins/com.st.stm32cube.ide.mcu.externaltools.gnu-tools-for-stm32.13.3.rel1.win32_1.0.0.202411081344/tools/bin/../lib/gcc/arm-none-eabi/13.3.1/../../../../arm-none-eabi/lib/thumb/v7-m/nofp/crt0.o (memset)
C:/ST/STM32CubeIDE_1.19.0/STM32CubeIDE/plugins/com.st.stm32cube.ide.mcu.externaltools.gnu-tools-for-stm32.13.3.rel1.win32_1.0.0.202411081344/tools/bin/../lib/gcc/arm-none-eabi/13.3.1/../../../../arm-none-eabi/lib/thumb/v7-m/nofp\libc_nano.a(libc_a-closer.o)
                              C:/ST/STM32CubeIDE_1.19.0/STM32CubeIDE/plugins/com.st.stm32cube.ide.mcu.externaltools.gnu-tools-for-stm32.13.3.rel1.win32_1.0.0.202411081344/tools/bin/../lib/gcc/arm-none-eabi/13.3.1/../../../../arm-none-eabi/lib/thumb/v7-m/nofp\libc_nano.a(libc_a-stdio.o) (_close_r)
C:/ST/STM32CubeIDE_1.19.0/STM32CubeIDE/plugins/com.st.stm32cube.ide.mcu.externaltools.gnu-tools-for-stm32.13.3.rel1.win32_1.0.0.202411081344/tools/bin/../lib/gcc/arm-none-eabi/13.3.1/../../../../arm-none-eabi/lib/thumb/v7-m/nofp\libc_nano.a(libc_a-reent.o)
                              C:/ST/STM32CubeIDE_1.19.0/STM32CubeIDE/plugins/com.st.stm32cube.ide.mcu.externaltools.gnu-tools-for-stm32.13.3.rel1.win32_1.0.0.202411081344/tools/bin/../lib/gcc/arm-none-eabi/13.3.1/../../../../arm-none-eabi/lib/thumb/v7-m/nofp\libc_nano.a(libc_a-closer.o) (errno)
C:/ST/STM32CubeIDE_1.19.0/STM32CubeIDE/plugins/com.st.stm32cube.ide.mcu.externaltools.gnu-tools-for-stm32.13.3.rel1.win32_1.0.0.202411081344/tools/bin/../lib/gcc/arm-none-eabi/13.3.1/../../../../arm-none-eabi/lib/thumb/v7-m/nofp\libc_nano.a(libc_a-impure.o)
                              C:/ST/STM32CubeIDE_1.19.0/STM32CubeIDE/plugins/com.st.stm32cube.ide.mcu.externaltools.gnu-tools-for-stm32.13.3.rel1.win32_1.0.0.202411081344/tools/bin/../lib/gcc/arm-none-eabi/13.3.1/../../../../arm-none-eabi/lib/thumb/v7-m/nofp\libc_nano.a(libc_a-rand.o) (_impure_ptr)
[...]
Memory Configuration

Name             Origin             Length             Attributes
RAM              0x20000000         0x00005000         xrw
FLASH            0x08000000         0x00010000         xr
*default*        0x00000000         0xffffffff

Linker script and memory map

LOAD C:/ST/STM32CubeIDE_1.19.0/STM32CubeIDE/plugins/com.st.stm32cube.ide.mcu.externaltools.gnu-tools-for-stm32.13.3.rel1.win32_1.0.0.202411081344/tools/bin/../lib/gcc/arm-none-eabi/13.3.1/thumb/v7-m/nofp/crti.o
LOAD C:/ST/STM32CubeIDE_1.19.0/STM32CubeIDE/plugins/com.st.stm32cube.ide.mcu.externaltools.gnu-tools-for-stm32.13.3.rel1.win32_1.0.0.202411081344/tools/bin/../lib/gcc/arm-none-eabi/13.3.1/thumb/v7-m/nofp/crtbegin.o
LOAD C:/ST/STM32CubeIDE_1.19.0/STM32CubeIDE/plugins/com.st.stm32cube.ide.mcu.externaltools.gnu-tools-for-stm32.13.3.rel1.win32_1.0.0.202411081344/tools/bin/../lib/gcc/arm-none-eabi/13.3.1/../../../../arm-none-eabi/lib/thumb/v7-m/nofp/crt0.o
LOAD ./Core/Src/action_comm.o
LOAD ./Core/Src/button_matrix.o
LOAD ./Core/Src/lcd_hmi.o
LOAD ./Core/Src/main.o
LOAD ./Core/Src/rtc_manager.o
LOAD ./Core/Src/sensor_manager.o
LOAD ./Core/Src/stm32f1xx_hal_msp.o
LOAD ./Core/Src/stm32f1xx_it.o
LOAD ./Core/Src/syscalls.o
LOAD ./Core/Src/sysmem.o
LOAD ./Core/Src/system_stm32f1xx.o
LOAD ./Core/Startup/startup_stm32f103c8tx.o
LOAD ./Drivers/STM32F1xx_HAL_Driver/Src/stm32f1xx_hal.o
LOAD ./Drivers/STM32F1xx_HAL_Driver/Src/stm32f1xx_hal_can.o
LOAD ./Drivers/STM32F1xx_HAL_Driver/Src/stm32f1xx_hal_cortex.o
LOAD ./Drivers/STM32F1xx_HAL_Driver/Src/stm32f1xx_hal_dma.o
LOAD ./Drivers/STM32F1xx_HAL_Driver/Src/stm32f1xx_hal_exti.o
LOAD ./Drivers/STM32F1xx_HAL_Driver/Src/stm32f1xx_hal_flash.o
LOAD ./Drivers/STM32F1xx_HAL_Driver/Src/stm32f1xx_hal_flash_ex.o
LOAD ./Drivers/STM32F1xx_HAL_Driver/Src/stm32f1xx_hal_gpio.o
LOAD ./Drivers/STM32F1xx_HAL_Driver/Src/stm32f1xx_hal_gpio_ex.o
LOAD ./Drivers/STM32F1xx_HAL_Driver/Src/stm32f1xx_hal_i2c.o
LOAD ./Drivers/STM32F1xx_HAL_Driver/Src/stm32f1xx_hal_pwr.o
LOAD ./Drivers/STM32F1xx_HAL_Driver/Src/stm32f1xx_hal_rcc.o
LOAD ./Drivers/STM32F1xx_HAL_Driver/Src/stm32f1xx_hal_rcc_ex.o
LOAD ./Drivers/STM32F1xx_HAL_Driver/Src/stm32f1xx_hal_uart.o
START GROUP
LOAD C:/ST/STM32CubeIDE_1.19.0/STM32CubeIDE/plugins/com.st.stm32cube.ide.mcu.externaltools.gnu-tools-for-stm32.13.3.rel1.win32_1.0.0.202411081344/tools/bin/../lib/gcc/arm-none-eabi/13.3.1/../../../../arm-none-eabi/lib/thumb/v7-m/nofp\libc_nano.a
LOAD C:/ST/STM32CubeIDE_1.19.0/STM32CubeIDE/plugins/com.st.stm32cube.ide.mcu.externaltools.gnu-tools-for-stm32.13.3.rel1.win32_1.0.0.202411081344/tools/bin/../lib/gcc/arm-none-eabi/13.3.1/../../../../arm-none-eabi/lib/thumb/v7-m/nofp\libm.a
END GROUP
START GROUP
LOAD C:/ST/STM32CubeIDE_1.19.0/STM32CubeIDE/plugins/com.st.stm32cube.ide.mcu.externaltools.gnu-tools-for-stm32.13.3.rel1.win32_1.0.0.202411081344/tools/bin/../lib/gcc/arm-none-eabi/13.3.1/thumb/v7-m/nofp\libgcc.a
LOAD C:/ST/STM32CubeIDE_1.19.0/STM32CubeIDE/plugins/com.st.stm32cube.ide.mcu.externaltools.gnu-tools-for-stm32.13.3.rel1.win32_1.0.0.202411081344/tools/bin/../lib/gcc/arm-none-eabi/13.3.1/../../../../arm-none-eabi/lib/thumb/v7-m/nofp\libc_nano.a
END GROUP
START GROUP
LOAD C:/ST/STM32CubeIDE_1.19.0/STM32CubeIDE/plugins/com.st.stm32cube.ide.mcu.externaltools.gnu-tools-for-stm32.13.3.rel1.win32_1.0.0.202411081344/tools/bin/../lib/gcc/arm-none-eabi/13.3.1/thumb/v7-m/nofp\libgcc.a
LOAD C:/ST/STM32CubeIDE_1.19.0/STM32CubeIDE/plugins/com.st.stm32cube.ide.mcu.externaltools.gnu-tools-for-stm32.13.3.rel1.win32_1.0.0.202411081344/tools/bin/../lib/gcc/arm-none-eabi/13.3.1/../../../../arm-none-eabi/lib/thumb/v7-m/nofp\libc_nano.a
LOAD C:/ST/STM32CubeIDE_1.19.0/STM32CubeIDE/plugins/com.st.stm32cube.ide.mcu.externaltools.gnu-tools-for-stm32.13.3.rel1.win32_1.0.0.202411081344/tools/bin/../lib/gcc/arm-none-eabi/13.3.1/../../../../arm-none-eabi/lib/thumb/v7-m/nofp\libnosys.a
END GROUP
START GROUP
LOAD C:/ST/STM32CubeIDE_1.19.0/STM32CubeIDE/plugins/com.st.stm32cube.ide.mcu.externaltools.gnu-tools-for-stm32.13.3.rel1.win32_1.0.0.202411081344/tools/bin/../lib/gcc/arm-none-eabi/13.3.1/thumb/v7-m/nofp\libgcc.a
LOAD C:/ST/STM32CubeIDE_1.19.0/STM32CubeIDE/plugins/com.st.stm32cube.ide.mcu.externaltools.gnu-tools-for-stm32.13.3.rel1.win32_1.0.0.202411081344/tools/bin/../lib/gcc/arm-none-eabi/13.3.1/../../../../arm-none-eabi/lib/thumb/v7-m/nofp\libc_nano.a
LOAD C:/ST/STM32CubeIDE_1.19.0/STM32CubeIDE/plugins/com.st.stm32cube.ide.mcu.externaltools.gnu-tools-for-stm32.13.3.rel1.win32_1.0.0.202411081344/tools/bin/../lib/gcc/arm-none-eabi/13.3.1/../../../../arm-none-eabi/lib/thumb/v7-m/nofp\libnosys.a
END GROUP
LOAD C:/ST/STM32CubeIDE_1.19.0/STM32CubeIDE/plugins/com.st.stm32cube.ide.mcu.externaltools.gnu-tools-for-stm32.13.3.rel1.win32_1.0.0.202411081344/tools/bin/../lib/gcc/arm-none-eabi/13.3.1/thumb/v7-m/nofp/crtend.o
LOAD C:/ST/STM32CubeIDE_1.19.0/STM32CubeIDE/plugins/com.st.stm32cube.ide.mcu.externaltools.gnu-tools-for-stm32.13.3.rel1.win32_1.0.0.202411081344/tools/bin/../lib/gcc/arm-none-eabi/13.3.1/thumb/v7-m/nofp/crtn.o
                0x20005000                        _estack = (ORIGIN (RAM) + LENGTH (RAM))
                0x00000200                        _Min_Heap_Size = 0x200
                0x00000400                        _Min_Stack_Size = 0x400

.isr_vector     0x08000000      0x10c
                0x08000000                        . = ALIGN (0x4)
 *(.isr_vector)
 .isr_vector    0x08000000      0x10c ./Core/Startup/startup_stm32f103c8tx.o
                0x08000000                g_pfnVectors
                0x0800010c                        . = ALIGN (0x4)

.text           0x0800010c     0x6968
                0x0800010c                        . = ALIGN (0x4)
 *(.text)
 .text          0x0800010c       0x40 C:/ST/STM32CubeIDE_1.19.0/STM32CubeIDE/plugins/com.st.stm32cube.ide.mcu.externaltools.gnu-tools-for-stm32.13.3.rel1.win32_1.0.0.202411081344/tools/bin/../lib/gcc/arm-none-eabi/13.3.1/thumb/v7-m/nofp/crtbegin.o
 *(.text*)
 .text.ACTION_COMM_Init
                0x0800014c       0x4c ./Core/Src/action_comm.o
                0x0800014c                ACTION_COMM_Init
 .text.SendPacket
                0x08000198       0x60 ./Core/Src/action_comm.o
 .text.ACTION_SendCommand
                0x080001f8       0x30 ./Core/Src/action_comm.o
                0x080001f8                ACTION_SendCommand
 .text.ACTION_SendMemory
                0x08000228       0x70 ./Core/Src/action_comm.o
                0x08000228                ACTION_SendMemory
 .text.ACTION_SendGoBackLevel
                0x08000298       0x34 ./Core/Src/action_comm.o
                0x08000298                ACTION_SendGoBackLevel
 .text.HAL_UART_RxCpltCallback
                0x080002cc       0xd8 ./Core/Src/action_comm.o
                0x080002cc                HAL_UART_RxCpltCallback
 .text.HAL_UART_ErrorCallback
                0x080003a4       0x44 ./Core/Src/action_comm.o
                0x080003a4                HAL_UART_ErrorCallback
 .text.BUTTON_MATRIX_Scan
                0x080003e8      0x624 ./Core/Src/button_matrix.o
                0x080003e8                BUTTON_MATRIX_Scan
 .text.LCD_HMI_Init
                0x08000a0c       0x84 ./Core/Src/lcd_hmi.o
                0x08000a0c                LCD_HMI_Init
 .text.lcd_set_page
                0x08000a90       0x70 ./Core/Src/lcd_hmi.o
                0x08000a90                lcd_set_page
 .text.lcd_force_page
                0x08000b00       0x24 ./Core/Src/lcd_hmi.o
 .text.lcd_set_icon
                0x08000b24       0x58 ./Core/Src/lcd_hmi.o
                0x08000b24                lcd_set_icon
 .text.lcd_set_state_value16
                0x08000b7c       0x60 ./Core/Src/lcd_hmi.o
                0x08000b7c                lcd_set_state_value16
 .text.LCD_SetLock
                0x08000bdc       0x78 ./Core/Src/lcd_hmi.o
                0x08000bdc                LCD_SetLock
 .text.LCD_IsLocked
                0x08000c54       0x14 ./Core/Src/lcd_hmi.o
                0x08000c54                LCD_IsLocked
 .text.LCD_IsPowerOn
                0x08000c68       0x14 ./Core/Src/lcd_hmi.o
                0x08000c68                LCD_IsPowerOn
 .text.LCD_TogglePower
                0x08000c7c       0x70 ./Core/Src/lcd_hmi.o
                0x08000c7c                LCD_TogglePower
 .text.LCD_ToggleReverse
                0x08000cec       0x2c ./Core/Src/lcd_hmi.o
                0x08000cec                LCD_ToggleReverse
 .text.LCD_ShowStartupSequence
                0x08000d18       0x8c ./Core/Src/lcd_hmi.o
                0x08000d18                LCD_ShowStartupSequence
 .text.MapReverse
                0x08000da4       0x3c ./Core/Src/lcd_hmi.o
 .text.LCD_ResetHomeTimer
                0x08000de0       0x20 ./Core/Src/lcd_hmi.o
 .text.LCD_FeatureEnabled
                0x08000e00       0x34 ./Core/Src/lcd_hmi.o
 .text.LCD_DetailsItemAllowed
                0x08000e34       0x34 ./Core/Src/lcd_hmi.o
 .text.LCD_DetailsHasAnyAllowedItem
                0x08000e68       0x26 ./Core/Src/lcd_hmi.o
 *fill*         0x08000e8e        0x2 
 .text.LCD_DetailsSelectFirstAllowedItem
                0x08000e90       0x3c ./Core/Src/lcd_hmi.o
 .text.LCD_DetailsMoveCursor
                0x08000ecc       0x44 ./Core/Src/lcd_hmi.o
 .text.LCD_PageAllowed
                0x08000f10       0xac ./Core/Src/lcd_hmi.o
 .text.LCD_SetPageIfAllowed
                0x08000fbc       0x54 ./Core/Src/lcd_hmi.o
 .text.LCD_CloseCurrentPageIfDisabled
                0x08001010       0x44 ./Core/Src/lcd_hmi.o
 .text.LCD_RTP1_Seed
                0x08001054       0x40 ./Core/Src/lcd_hmi.o
 .text.LCD_Clock_Refresh
                0x08001094       0x28 ./Core/Src/lcd_hmi.o
 .text.LCD_PushFeatureState
                0x080010bc       0x40 ./Core/Src/lcd_hmi.o
 .text.LCD_PushEditValue
                0x080010fc       0x38 ./Core/Src/lcd_hmi.o
 .text.LCD_Memory_UpdateCursor
                0x08001134       0x38 ./Core/Src/lcd_hmi.o
 .text.LCD_Memory_SeedPage
                0x0800116c       0x70 ./Core/Src/lcd_hmi.o
 .text.LCD_HandleKey
                0x080011dc      0xed4 ./Core/Src/lcd_hmi.o
                0x080011dc                LCD_HandleKey
 .text.LCD_StartCircularAnim
                0x080020b0       0x50 ./Core/Src/lcd_hmi.o
                0x080020b0                LCD_StartCircularAnim
 .text.LCD_StopCircularAnim
                0x08002100       0x18 ./Core/Src/lcd_hmi.o
                0x08002100                LCD_StopCircularAnim
 .text.LCD_HandleCircularAnim
                0x08002118       0x58 ./Core/Src/lcd_hmi.o
 .text.LCD_Task
                0x08002170       0x68 ./Core/Src/lcd_hmi.o
                0x08002170                LCD_Task
 .text.LCD_UpdateSensorIcon
                0x080021d8       0x34 ./Core/Src/lcd_hmi.o
                0x080021d8                LCD_UpdateSensorIcon
 .text.LCD_ShowSensorPage
                0x0800220c      0x1d0 ./Core/Src/lcd_hmi.o
                0x0800220c                LCD_ShowSensorPage
 .text.LCD_ShowMemoryPage
                0x080023dc       0x50 ./Core/Src/lcd_hmi.o
                0x080023dc                LCD_ShowMemoryPage
 .text.LCD_RefreshHeightPage
                0x0800242c       0x94 ./Core/Src/lcd_hmi.o
                0x0800242c                LCD_RefreshHeightPage
 .text.LCD_PushRTP1Values
                0x080024c0       0x70 ./Core/Src/lcd_hmi.o
                0x080024c0                LCD_PushRTP1Values
 .text.LCD_UpdateBattery
                0x08002530       0x40 ./Core/Src/lcd_hmi.o
                0x08002530                LCD_UpdateBattery
 .text.main     0x08002570       0xd8 ./Core/Src/main.o
                0x08002570                main
 .text.SystemClock_Config
                0x08002648       0x82 ./Core/Src/main.o
                0x08002648                SystemClock_Config
 *fill*         0x080026ca        0x2 
 .text.MX_CAN_Init
                0x080026cc       0x68 ./Core/Src/main.o
 .text.MX_I2C1_Init
                0x08002734       0x5c ./Core/Src/main.o
 .text.MX_USART1_UART_Init
                0x08002790       0x54 ./Core/Src/main.o
 .text.MX_USART2_UART_Init
                0x080027e4       0x54 ./Core/Src/main.o
 .text.MX_USART3_UART_Init
                0x08002838       0x54 ./Core/Src/main.o
 .text.MX_GPIO_Init
                0x0800288c      0x108 ./Core/Src/main.o
 .text.Error_Handler
                0x08002994        0xc ./Core/Src/main.o
                0x08002994                Error_Handler
 .text.RTC_IsLeap
                0x080029a0       0x5c ./Core/Src/rtc_manager.o
 .text.RTC_MonthLength
                0x080029fc       0x44 ./Core/Src/rtc_manager.o
 .text.RTC_ComputeWeekday
                0x08002a40       0xd8 ./Core/Src/rtc_manager.o
 .text.RTC_Send
                0x08002b18       0x74 ./Core/Src/rtc_manager.o
 .text.RTC_Init
                0x08002b8c       0x58 ./Core/Src/rtc_manager.o
                0x08002b8c                RTC_Init
 .text.RTC_SetDateTime
                0x08002be4       0xe8 ./Core/Src/rtc_manager.o
                0x08002be4                RTC_SetDateTime
 .text.RTC_SetRandom
                0x08002ccc       0xfc ./Core/Src/rtc_manager.o
                0x08002ccc                RTC_SetRandom
 .text.RTC_GetTime
                0x08002dc8       0x2c ./Core/Src/rtc_manager.o
                0x08002dc8                RTC_GetTime
 .text.RTC_Advance1s
                0x08002df4       0xfc ./Core/Src/rtc_manager.o
 .text.RTC_Tick
                0x08002ef0       0x3c ./Core/Src/rtc_manager.o
                0x08002ef0                RTC_Tick
 .text.Sensor_Init
                0x08002f2c       0x78 ./Core/Src/sensor_manager.o
                0x08002f2c                Sensor_Init
 .text.Sensor_IsActive
                0x08002fa4       0x14 ./Core/Src/sensor_manager.o
                0x08002fa4                Sensor_IsActive
 .text.Sensor_GetActualHeight
                0x08002fb8       0x14 ./Core/Src/sensor_manager.o
                0x08002fb8                Sensor_GetActualHeight
 .text.Sensor_GetSlide
                0x08002fcc       0x14 ./Core/Src/sensor_manager.o
                0x08002fcc                Sensor_GetSlide
 .text.Sensor_ParsePacket
                0x08002fe0       0xdc ./Core/Src/sensor_manager.o
                0x08002fe0                Sensor_ParsePacket
 .text.Sensor_UpdateDisplay
                0x080030bc       0x78 ./Core/Src/sensor_manager.o
                0x080030bc                Sensor_UpdateDisplay
 .text.Sensor_ProcessKeys
                0x08003134       0xa0 ./Core/Src/sensor_manager.o
                0x08003134                Sensor_ProcessKeys
 .text.increaseValue
                0x080031d4       0x94 ./Core/Src/sensor_manager.o
 .text.decreaseValue
                0x08003268       0xdc ./Core/Src/sensor_manager.o
 .text.HAL_MspInit
                0x08003344       0x64 ./Core/Src/stm32f1xx_hal_msp.o
                0x08003344                HAL_MspInit
 .text.HAL_CAN_MspInit
                0x080033a8       0x98 ./Core/Src/stm32f1xx_hal_msp.o
                0x080033a8                HAL_CAN_MspInit
 .text.HAL_I2C_MspInit
                0x08003440       0x7c ./Core/Src/stm32f1xx_hal_msp.o
                0x08003440                HAL_I2C_MspInit
 .text.HAL_UART_MspInit
                0x080034bc      0x1b0 ./Core/Src/stm32f1xx_hal_msp.o
                0x080034bc                HAL_UART_MspInit
 .text.NMI_Handler
                0x0800366c        0x8 ./Core/Src/stm32f1xx_it.o
                0x0800366c                NMI_Handler
 .text.HardFault_Handler
                0x08003674        0x8 ./Core/Src/stm32f1xx_it.o
                0x08003674                HardFault_Handler
 .text.MemManage_Handler
                0x0800367c        0x8 ./Core/Src/stm32f1xx_it.o
                0x0800367c                MemManage_Handler
 .text.BusFault_Handler
                0x08003684        0x8 ./Core/Src/stm32f1xx_it.o
                0x08003684                BusFault_Handler
 .text.UsageFault_Handler
                0x0800368c        0x8 ./Core/Src/stm32f1xx_it.o
                0x0800368c                UsageFault_Handler
 .text.SVC_Handler
                0x08003694        0xc ./Core/Src/stm32f1xx_it.o
                0x08003694                SVC_Handler
 .text.DebugMon_Handler
                0x080036a0        0xc ./Core/Src/stm32f1xx_it.o
                0x080036a0                DebugMon_Handler
 .text.PendSV_Handler
                0x080036ac        0xc ./Core/Src/stm32f1xx_it.o
                0x080036ac                PendSV_Handler
 .text.SysTick_Handler
                0x080036b8        0xc ./Core/Src/stm32f1xx_it.o
                0x080036b8                SysTick_Handler
 .text.USART1_IRQHandler
                0x080036c4       0x14 ./Core/Src/stm32f1xx_it.o
                0x080036c4                USART1_IRQHandler
 .text.USART2_IRQHandler
                0x080036d8       0x14 ./Core/Src/stm32f1xx_it.o
                0x080036d8                USART2_IRQHandler
 .text.USART3_IRQHandler
                0x080036ec       0x14 ./Core/Src/stm32f1xx_it.o
                0x080036ec                USART3_IRQHandler
 .text._getpid  0x08003700        0xe ./Core/Src/syscalls.o
                0x08003700                _getpid
 .text._kill    0x0800370e       0x20 ./Core/Src/syscalls.o
                0x0800370e                _kill
 .text._exit    0x0800372e       0x16 ./Core/Src/syscalls.o
                0x0800372e                _exit
 .text._read    0x08003744       0x3a ./Core/Src/syscalls.o
                0x08003744                _read
 .text._write   0x0800377e       0x38 ./Core/Src/syscalls.o
                0x0800377e                _write
 .text._close   0x080037b6       0x16 ./Core/Src/syscalls.o
                0x080037b6                _close
 .text._fstat   0x080037cc       0x1e ./Core/Src/syscalls.o
                0x080037cc                _fstat
 .text._isatty  0x080037ea       0x14 ./Core/Src/syscalls.o
                0x080037ea                _isatty
 .text._lseek   0x080037fe       0x18 ./Core/Src/syscalls.o
                0x080037fe                _lseek
 *fill*         0x08003816        0x2 
 .text._sbrk    0x08003818       0x6c ./Core/Src/sysmem.o
                0x08003818                _sbrk
 .text.SystemInit
                0x08003884        0xc ./Core/Src/system_stm32f1xx.o
                0x08003884                SystemInit
 .text.Reset_Handler
                0x08003890       0x48 ./Core/Startup/startup_stm32f103c8tx.o
                0x08003890                Reset_Handler
 .text.Default_Handler
                0x080038d8        0x2 ./Core/Startup/startup_stm32f103c8tx.o
                0x080038d8                RTC_Alarm_IRQHandler
                0x080038d8                EXTI2_IRQHandler
                0x080038d8                TIM1_CC_IRQHandler
                0x080038d8                PVD_IRQHandler
                0x080038d8                EXTI3_IRQHandler
                0x080038d8                EXTI0_IRQHandler
                0x080038d8                I2C2_EV_IRQHandler
                0x080038d8                ADC1_2_IRQHandler
                0x080038d8                SPI1_IRQHandler
                0x080038d8                TAMPER_IRQHandler
                0x080038d8                DMA1_Channel4_IRQHandler
                0x080038d8                RTC_IRQHandler
                0x080038d8                DMA1_Channel7_IRQHandler
                0x080038d8                CAN1_RX1_IRQHandler
                0x080038d8                TIM4_IRQHandler
                0x080038d8                I2C1_EV_IRQHandler
                0x080038d8                DMA1_Channel6_IRQHandler
                0x080038d8                TIM3_IRQHandler
                0x080038d8                RCC_IRQHandler
                0x080038d8                TIM1_TRG_COM_IRQHandler
                0x080038d8                DMA1_Channel1_IRQHandler
                0x080038d8                Default_Handler
                0x080038d8                EXTI15_10_IRQHandler
                0x080038d8                EXTI9_5_IRQHandler
                0x080038d8                SPI2_IRQHandler
                0x080038d8                DMA1_Channel5_IRQHandler
                0x080038d8                EXTI4_IRQHandler
                0x080038d8                USB_LP_CAN1_RX0_IRQHandler
                0x080038d8                USB_HP_CAN1_TX_IRQHandler
                0x080038d8                DMA1_Channel3_IRQHandler
                0x080038d8                TIM1_UP_IRQHandler
                0x080038d8                WWDG_IRQHandler
                0x080038d8                TIM2_IRQHandler
                0x080038d8                TIM1_BRK_IRQHandler
                0x080038d8                EXTI1_IRQHandler
                0x080038d8                I2C2_ER_IRQHandler
                0x080038d8                DMA1_Channel2_IRQHandler
                0x080038d8                CAN1_SCE_IRQHandler
                0x080038d8                FLASH_IRQHandler
                0x080038d8                I2C1_ER_IRQHandler
                0x080038d8                USBWakeUp_IRQHandler
 *fill*         0x080038da        0x2 
 .text.HAL_Init
                0x080038dc       0x2c ./Drivers/STM32F1xx_HAL_Driver/Src/stm32f1xx_hal.o
                0x080038dc                HAL_Init
 .text.HAL_InitTick
                0x08003908       0x60 ./Drivers/STM32F1xx_HAL_Driver/Src/stm32f1xx_hal.o
                0x08003908                HAL_InitTick
 .text.HAL_IncTick
                0x08003968       0x24 ./Drivers/STM32F1xx_HAL_Driver/Src/stm32f1xx_hal.o
                0x08003968                HAL_IncTick
 .text.HAL_GetTick
                0x0800398c       0x14 ./Drivers/STM32F1xx_HAL_Driver/Src/stm32f1xx_hal.o
                0x0800398c                HAL_GetTick
 .text.HAL_Delay
                0x080039a0       0x48 ./Drivers/STM32F1xx_HAL_Driver/Src/stm32f1xx_hal.o
                0x080039a0                HAL_Delay
 .text.HAL_CAN_Init
                0x080039e8      0x1f6 ./Drivers/STM32F1xx_HAL_Driver/Src/stm32f1xx_hal_can.o
                0x080039e8                HAL_CAN_Init
 *fill*         0x08003bde        0x2 
 .text.__NVIC_SetPriorityGrouping
                0x08003be0       0x48 ./Drivers/STM32F1xx_HAL_Driver/Src/stm32f1xx_hal_cortex.o
 .text.__NVIC_GetPriorityGrouping
                0x08003c28       0x1c ./Drivers/STM32F1xx_HAL_Driver/Src/stm32f1xx_hal_cortex.o
 .text.__NVIC_EnableIRQ
                0x08003c44       0x38 ./Drivers/STM32F1xx_HAL_Driver/Src/stm32f1xx_hal_cortex.o
 .text.__NVIC_SetPriority
                0x08003c7c       0x54 ./Drivers/STM32F1xx_HAL_Driver/Src/stm32f1xx_hal_cortex.o
 .text.NVIC_EncodePriority
                0x08003cd0       0x64 ./Drivers/STM32F1xx_HAL_Driver/Src/stm32f1xx_hal_cortex.o
 .text.SysTick_Config
                0x08003d34       0x44 ./Drivers/STM32F1xx_HAL_Driver/Src/stm32f1xx_hal_cortex.o
 .text.HAL_NVIC_SetPriorityGrouping
                0x08003d78       0x16 ./Drivers/STM32F1xx_HAL_Driver/Src/stm32f1xx_hal_cortex.o
                0x08003d78                HAL_NVIC_SetPriorityGrouping
 .text.HAL_NVIC_SetPriority
                0x08003d8e       0x38 ./Drivers/STM32F1xx_HAL_Driver/Src/stm32f1xx_hal_cortex.o
                0x08003d8e                HAL_NVIC_SetPriority
 .text.HAL_NVIC_EnableIRQ
                0x08003dc6       0x1c ./Drivers/STM32F1xx_HAL_Driver/Src/stm32f1xx_hal_cortex.o
                0x08003dc6                HAL_NVIC_EnableIRQ
 .text.HAL_SYSTICK_Config
                0x08003de2       0x18 ./Drivers/STM32F1xx_HAL_Driver/Src/stm32f1xx_hal_cortex.o
                0x08003de2                HAL_SYSTICK_Config
 .text.HAL_DMA_Abort
                0x08003dfa       0x76 ./Drivers/STM32F1xx_HAL_Driver/Src/stm32f1xx_hal_dma.o
                0x08003dfa                HAL_DMA_Abort
 .text.HAL_DMA_Abort_IT
                0x08003e70       0xf0 ./Drivers/STM32F1xx_HAL_Driver/Src/stm32f1xx_hal_dma.o
                0x08003e70                HAL_DMA_Abort_IT
 .text.HAL_GPIO_Init
                0x08003f60      0x308 ./Drivers/STM32F1xx_HAL_Driver/Src/stm32f1xx_hal_gpio.o
                0x08003f60                HAL_GPIO_Init
 .text.HAL_GPIO_ReadPin
                0x08004268       0x2e ./Drivers/STM32F1xx_HAL_Driver/Src/stm32f1xx_hal_gpio.o
                0x08004268                HAL_GPIO_ReadPin
 .text.HAL_GPIO_WritePin
                0x08004296       0x30 ./Drivers/STM32F1xx_HAL_Driver/Src/stm32f1xx_hal_gpio.o
                0x08004296                HAL_GPIO_WritePin
 *fill*         0x080042c6        0x2 
 .text.HAL_I2C_Init
                0x080042c8      0x288 ./Drivers/STM32F1xx_HAL_Driver/Src/stm32f1xx_hal_i2c.o
                0x080042c8                HAL_I2C_Init
 .text.HAL_RCC_OscConfig
                0x08004550      0x504 ./Drivers/STM32F1xx_HAL_Driver/Src/stm32f1xx_hal_rcc.o
                0x08004550                HAL_RCC_OscConfig
 .text.HAL_RCC_ClockConfig
                0x08004a54      0x1d4 ./Drivers/STM32F1xx_HAL_Driver/Src/stm32f1xx_hal_rcc.o
                0x08004a54                HAL_RCC_ClockConfig
 .text.HAL_RCC_GetSysClockFreq
                0x08004c28       0xa8 ./Drivers/STM32F1xx_HAL_Driver/Src/stm32f1xx_hal_rcc.o
                0x08004c28                HAL_RCC_GetSysClockFreq
 .text.HAL_RCC_GetHCLKFreq
                0x08004cd0       0x14 ./Drivers/STM32F1xx_HAL_Driver/Src/stm32f1xx_hal_rcc.o
                0x08004cd0                HAL_RCC_GetHCLKFreq
 .text.HAL_RCC_GetPCLK1Freq
                0x08004ce4       0x28 ./Drivers/STM32F1xx_HAL_Driver/Src/stm32f1xx_hal_rcc.o
                0x08004ce4                HAL_RCC_GetPCLK1Freq
 .text.HAL_RCC_GetPCLK2Freq
                0x08004d0c       0x28 ./Drivers/STM32F1xx_HAL_Driver/Src/stm32f1xx_hal_rcc.o
                0x08004d0c                HAL_RCC_GetPCLK2Freq
 .text.RCC_Delay
                0x08004d34       0x3c ./Drivers/STM32F1xx_HAL_Driver/Src/stm32f1xx_hal_rcc.o
 .text.HAL_UART_Init
                0x08004d70       0xa0 ./Drivers/STM32F1xx_HAL_Driver/Src/stm32f1xx_hal_uart.o
                0x08004d70                HAL_UART_Init
 .text.HAL_UART_Transmit
                0x08004e10      0x116 ./Drivers/STM32F1xx_HAL_Driver/Src/stm32f1xx_hal_uart.o
                0x08004e10                HAL_UART_Transmit
 .text.HAL_UART_Receive_IT
                0x08004f26       0x4a ./Drivers/STM32F1xx_HAL_Driver/Src/stm32f1xx_hal_uart.o
                0x08004f26                HAL_UART_Receive_IT
 .text.HAL_UART_IRQHandler
                0x08004f70      0x524 ./Drivers/STM32F1xx_HAL_Driver/Src/stm32f1xx_hal_uart.o
                0x08004f70                HAL_UART_IRQHandler
 .text.HAL_UART_TxCpltCallback
                0x08005494       0x12 ./Drivers/STM32F1xx_HAL_Driver/Src/stm32f1xx_hal_uart.o
                0x08005494                HAL_UART_TxCpltCallback
 .text.HAL_UARTEx_RxEventCallback
                0x080054a6       0x16 ./Drivers/STM32F1xx_HAL_Driver/Src/stm32f1xx_hal_uart.o
                0x080054a6                HAL_UARTEx_RxEventCallback
 .text.UART_WaitOnFlagUntilTimeout
                0x080054bc       0xb2 ./Drivers/STM32F1xx_HAL_Driver/Src/stm32f1xx_hal_uart.o
 .text.UART_Start_Receive_IT
                0x0800556e       0x72 ./Drivers/STM32F1xx_HAL_Driver/Src/stm32f1xx_hal_uart.o
                0x0800556e                UART_Start_Receive_IT
 .text.UART_EndRxTransfer
                0x080055e0       0xc4 ./Drivers/STM32F1xx_HAL_Driver/Src/stm32f1xx_hal_uart.o
 .text.UART_DMAAbortOnError
                0x080056a4       0x28 ./Drivers/STM32F1xx_HAL_Driver/Src/stm32f1xx_hal_uart.o
 .text.UART_Transmit_IT
                0x080056cc       0x9e ./Drivers/STM32F1xx_HAL_Driver/Src/stm32f1xx_hal_uart.o
 .text.UART_EndTransmit_IT
                0x0800576a       0x30 ./Drivers/STM32F1xx_HAL_Driver/Src/stm32f1xx_hal_uart.o
 .text.UART_Receive_IT
                0x0800579a      0x17c ./Drivers/STM32F1xx_HAL_Driver/Src/stm32f1xx_hal_uart.o
 *fill*         0x08005916        0x2 
 .text.UART_SetConfig
                0x08005918      0x11c ./Drivers/STM32F1xx_HAL_Driver/Src/stm32f1xx_hal_uart.o
 .text.srand    0x08005a34       0x5c C:/ST/STM32CubeIDE_1.19.0/STM32CubeIDE/plugins/com.st.stm32cube.ide.mcu.externaltools.gnu-tools-for-stm32.13.3.rel1.win32_1.0.0.202411081344/tools/bin/../lib/gcc/arm-none-eabi/13.3.1/../../../../arm-none-eabi/lib/thumb/v7-m/nofp\libc_nano.a(libc_a-rand.o)
                0x08005a34                srand
 .text.rand     0x08005a90       0x7c C:/ST/STM32CubeIDE_1.19.0/STM32CubeIDE/plugins/com.st.stm32cube.ide.mcu.externaltools.gnu-tools-for-stm32.13.3.rel1.win32_1.0.0.202411081344/tools/bin/../lib/gcc/arm-none-eabi/13.3.1/../../../../arm-none-eabi/lib/thumb/v7-m/nofp\libc_nano.a(libc_a-rand.o)
                0x08005a90                rand
 .text.std      0x08005b0c       0x6c C:/ST/STM32CubeIDE_1.19.0/STM32CubeIDE/plugins/com.st.stm32cube.ide.mcu.externaltools.gnu-tools-for-stm32.13.3.rel1.win32_1.0.0.202411081344/tools/bin/../lib/gcc/arm-none-eabi/13.3.1/../../../../arm-none-eabi/lib/thumb/v7-m/nofp\libc_nano.a(libc_a-findfp.o)
 .text.stdio_exit_handler
                0x08005b78       0x18 C:/ST/STM32CubeIDE_1.19.0/STM32CubeIDE/plugins/com.st.stm32cube.ide.mcu.externaltools.gnu-tools-for-stm32.13.3.rel1.win32_1.0.0.202411081344/tools/bin/../lib/gcc/arm-none-eabi/13.3.1/../../../../arm-none-eabi/lib/thumb/v7-m/nofp\libc_nano.a(libc_a-findfp.o)
 .text.cleanup_stdio
                0x08005b90       0x40 C:/ST/STM32CubeIDE_1.19.0/STM32CubeIDE/plugins/com.st.stm32cube.ide.mcu.externaltools.gnu-tools-for-stm32.13.3.rel1.win32_1.0.0.202411081344/tools/bin/../lib/gcc/arm-none-eabi/13.3.1/../../../../arm-none-eabi/lib/thumb/v7-m/nofp\libc_nano.a(libc_a-findfp.o)
 .text.global_stdio_init.part.0
                0x08005bd0       0x3c C:/ST/STM32CubeIDE_1.19.0/STM32CubeIDE/plugins/com.st.stm32cube.ide.mcu.externaltools.gnu-tools-for-stm32.13.3.rel1.win32_1.0.0.202411081344/tools/bin/../lib/gcc/arm-none-eabi/13.3.1/../../../../arm-none-eabi/lib/thumb/v7-m/nofp\libc_nano.a(libc_a-findfp.o)
 .text.__sfp_lock_acquire
                0x08005c0c        0xc C:/ST/STM32CubeIDE_1.19.0/STM32CubeIDE/plugins/com.st.stm32cube.ide.mcu.externaltools.gnu-tools-for-stm32.13.3.rel1.win32_1.0.0.202411081344/tools/bin/../lib/gcc/arm-none-eabi/13.3.1/../../../../arm-none-eabi/lib/thumb/v7-m/nofp\libc_nano.a(libc_a-findfp.o)
                0x08005c0c                __sfp_lock_acquire
 .text.__sfp_lock_release
                0x08005c18        0xc C:/ST/STM32CubeIDE_1.19.0/STM32CubeIDE/plugins/com.st.stm32cube.ide.mcu.externaltools.gnu-tools-for-stm32.13.3.rel1.win32_1.0.0.202411081344/tools/bin/../lib/gcc/arm-none-eabi/13.3.1/../../../../arm-none-eabi/lib/thumb/v7-m/nofp\libc_nano.a(libc_a-findfp.o)
                0x08005c18                __sfp_lock_release
 .text.__sinit  0x08005c24       0x30 C:/ST/STM32CubeIDE_1.19.0/STM32CubeIDE/plugins/com.st.stm32cube.ide.mcu.externaltools.gnu-tools-for-stm32.13.3.rel1.win32_1.0.0.202411081344/tools/bin/../lib/gcc/arm-none-eabi/13.3.1/../../../../arm-none-eabi/lib/thumb/v7-m/nofp\libc_nano.a(libc_a-findfp.o)
                0x08005c24                __sinit
 .text._fwalk_sglue
                0x08005c54       0x3c C:/ST/STM32CubeIDE_1.19.0/STM32CubeIDE/plugins/com.st.stm32cube.ide.mcu.externaltools.gnu-tools-for-stm32.13.3.rel1.win32_1.0.0.202411081344/tools/bin/../lib/gcc/arm-none-eabi/13.3.1/../../../../arm-none-eabi/lib/thumb/v7-m/nofp\libc_nano.a(libc_a-fwalk.o)
                0x08005c54                _fwalk_sglue
 .text.__sread  0x08005c90       0x22 C:/ST/STM32CubeIDE_1.19.0/STM32CubeIDE/plugins/com.st.stm32cube.ide.mcu.externaltools.gnu-tools-for-stm32.13.3.rel1.win32_1.0.0.202411081344/tools/bin/../lib/gcc/arm-none-eabi/13.3.1/../../../../arm-none-eabi/lib/thumb/v7-m/nofp\libc_nano.a(libc_a-stdio.o)
                0x08005c90                __sread
 .text.__swrite
                0x08005cb2       0x38 C:/ST/STM32CubeIDE_1.19.0/STM32CubeIDE/plugins/com.st.stm32cube.ide.mcu.externaltools.gnu-tools-for-stm32.13.3.rel1.win32_1.0.0.202411081344/tools/bin/../lib/gcc/arm-none-eabi/13.3.1/../../../../arm-none-eabi/lib/thumb/v7-m/nofp\libc_nano.a(libc_a-stdio.o)
                0x08005cb2                __swrite
 .text.__sseek  0x08005cea       0x24 C:/ST/STM32CubeIDE_1.19.0/STM32CubeIDE/plugins/com.st.stm32cube.ide.mcu.externaltools.gnu-tools-for-stm32.13.3.rel1.win32_1.0.0.202411081344/tools/bin/../lib/gcc/arm-none-eabi/13.3.1/../../../../arm-none-eabi/lib/thumb/v7-m/nofp\libc_nano.a(libc_a-stdio.o)
                0x08005cea                __sseek
 .text.__sclose
                0x08005d0e        0x8 C:/ST/STM32CubeIDE_1.19.0/STM32CubeIDE/plugins/com.st.stm32cube.ide.mcu.externaltools.gnu-tools-for-stm32.13.3.rel1.win32_1.0.0.202411081344/tools/bin/../lib/gcc/arm-none-eabi/13.3.1/../../../../arm-none-eabi/lib/thumb/v7-m/nofp\libc_nano.a(libc_a-stdio.o)
                0x08005d0e                __sclose
 .text.memset   0x08005d16       0x10 C:/ST/STM32CubeIDE_1.19.0/STM32CubeIDE/plugins/com.st.stm32cube.ide.mcu.externaltools.gnu-tools-for-stm32.13.3.rel1.win32_1.0.0.202411081344/tools/bin/../lib/gcc/arm-none-eabi/13.3.1/../../../../arm-none-eabi/lib/thumb/v7-m/nofp\libc_nano.a(libc_a-memset.o)
                0x08005d16                memset
 *fill*         0x08005d26        0x2 
 .text._close_r
                0x08005d28       0x20 C:/ST/STM32CubeIDE_1.19.0/STM32CubeIDE/plugins/com.st.stm32cube.ide.mcu.externaltools.gnu-tools-for-stm32.13.3.rel1.win32_1.0.0.202411081344/tools/bin/../lib/gcc/arm-none-eabi/13.3.1/../../../../arm-none-eabi/lib/thumb/v7-m/nofp\libc_nano.a(libc_a-closer.o)
                0x08005d28                _close_r
 .text._lseek_r
                0x08005d48       0x24 C:/ST/STM32CubeIDE_1.19.0/STM32CubeIDE/plugins/com.st.stm32cube.ide.mcu.externaltools.gnu-tools-for-stm32.13.3.rel1.win32_1.0.0.202411081344/tools/bin/../lib/gcc/arm-none-eabi/13.3.1/../../../../arm-none-eabi/lib/thumb/v7-m/nofp\libc_nano.a(libc_a-lseekr.o)
                0x08005d48                _lseek_r
 .text._read_r  0x08005d6c       0x24 C:/ST/STM32CubeIDE_1.19.0/STM32CubeIDE/plugins/com.st.stm32cube.ide.mcu.externaltools.gnu-tools-for-stm32.13.3.rel1.win32_1.0.0.202411081344/tools/bin/../lib/gcc/arm-none-eabi/13.3.1/../../../../arm-none-eabi/lib/thumb/v7-m/nofp\libc_nano.a(libc_a-readr.o)
                0x08005d6c                _read_r
 .text._write_r
                0x08005d90       0x24 C:/ST/STM32CubeIDE_1.19.0/STM32CubeIDE/plugins/com.st.stm32cube.ide.mcu.externaltools.gnu-tools-for-stm32.13.3.rel1.win32_1.0.0.202411081344/tools/bin/../lib/gcc/arm-none-eabi/13.3.1/../../../../arm-none-eabi/lib/thumb/v7-m/nofp\libc_nano.a(libc_a-writer.o)
                0x08005d90                _write_r
 .text.__errno  0x08005db4        0xc C:/ST/STM32CubeIDE_1.19.0/STM32CubeIDE/plugins/com.st.stm32cube.ide.mcu.externaltools.gnu-tools-for-stm32.13.3.rel1.win32_1.0.0.202411081344/tools/bin/../lib/gcc/arm-none-eabi/13.3.1/../../../../arm-none-eabi/lib/thumb/v7-m/nofp\libc_nano.a(libc_a-errno.o)
                0x08005db4                __errno
 .text.__libc_init_array
                0x08005dc0       0x48 C:/ST/STM32CubeIDE_1.19.0/STM32CubeIDE/plugins/com.st.stm32cube.ide.mcu.externaltools.gnu-tools-for-stm32.13.3.rel1.win32_1.0.0.202411081344/tools/bin/../lib/gcc/arm-none-eabi/13.3.1/../../../../arm-none-eabi/lib/thumb/v7-m/nofp\libc_nano.a(libc_a-init.o)
                0x08005dc0                __libc_init_array
 .text.__retarget_lock_init_recursive
                0x08005e08        0x2 C:/ST/STM32CubeIDE_1.19.0/STM32CubeIDE/plugins/com.st.stm32cube.ide.mcu.externaltools.gnu-tools-for-stm32.13.3.rel1.win32_1.0.0.202411081344/tools/bin/../lib/gcc/arm-none-eabi/13.3.1/../../../../arm-none-eabi/lib/thumb/v7-m/nofp\libc_nano.a(libc_a-lock.o)
                0x08005e08                __retarget_lock_init_recursive
 .text.__retarget_lock_acquire_recursive
                0x08005e0a        0x2 C:/ST/STM32CubeIDE_1.19.0/STM32CubeIDE/plugins/com.st.stm32cube.ide.mcu.externaltools.gnu-tools-for-stm32.13.3.rel1.win32_1.0.0.202411081344/tools/bin/../lib/gcc/arm-none-eabi/13.3.1/../../../../arm-none-eabi/lib/thumb/v7-m/nofp\libc_nano.a(libc_a-lock.o)
                0x08005e0a                __retarget_lock_acquire_recursive
 .text.__retarget_lock_release_recursive
                0x08005e0c        0x2 C:/ST/STM32CubeIDE_1.19.0/STM32CubeIDE/plugins/com.st.stm32cube.ide.mcu.externaltools.gnu-tools-for-stm32.13.3.rel1.win32_1.0.0.202411081344/tools/bin/../lib/gcc/arm-none-eabi/13.3.1/../../../../arm-none-eabi/lib/thumb/v7-m/nofp\libc_nano.a(libc_a-lock.o)
                0x08005e0c                __retarget_lock_release_recursive
 *fill*         0x08005e0e        0x2 
 .text.__assert_func
                0x08005e10       0x3c C:/ST/STM32CubeIDE_1.19.0/STM32CubeIDE/plugins/com.st.stm32cube.ide.mcu.externaltools.gnu-tools-for-stm32.13.3.rel1.win32_1.0.0.202411081344/tools/bin/../lib/gcc/arm-none-eabi/13.3.1/../../../../arm-none-eabi/lib/thumb/v7-m/nofp\libc_nano.a(libc_a-assert.o)
                0x08005e10                __assert_func
 .text._free_r  0x08005e4c       0x90 C:/ST/STM32CubeIDE_1.19.0/STM32CubeIDE/plugins/com.st.stm32cube.ide.mcu.externaltools.gnu-tools-for-stm32.13.3.rel1.win32_1.0.0.202411081344/tools/bin/../lib/gcc/arm-none-eabi/13.3.1/../../../../arm-none-eabi/lib/thumb/v7-m/nofp\libc_nano.a(libc_a-freer.o)
                0x08005e4c                _free_r
 .text.malloc   0x08005edc       0x10 C:/ST/STM32CubeIDE_1.19.0/STM32CubeIDE/plugins/com.st.stm32cube.ide.mcu.externaltools.gnu-tools-for-stm32.13.3.rel1.win32_1.0.0.202411081344/tools/bin/../lib/gcc/arm-none-eabi/13.3.1/../../../../arm-none-eabi/lib/thumb/v7-m/nofp\libc_nano.a(libc_a-malloc.o)
                0x08005edc                malloc
 .text.sbrk_aligned
                0x08005eec       0x44 C:/ST/STM32CubeIDE_1.19.0/STM32CubeIDE/plugins/com.st.stm32cube.ide.mcu.externaltools.gnu-tools-for-stm32.13.3.rel1.win32_1.0.0.202411081344/tools/bin/../lib/gcc/arm-none-eabi/13.3.1/../../../../arm-none-eabi/lib/thumb/v7-m/nofp\libc_nano.a(libc_a-mallocr.o)
 .text._malloc_r
                0x08005f30      0x100 C:/ST/STM32CubeIDE_1.19.0/STM32CubeIDE/plugins/com.st.stm32cube.ide.mcu.externaltools.gnu-tools-for-stm32.13.3.rel1.win32_1.0.0.202411081344/tools/bin/../lib/gcc/arm-none-eabi/13.3.1/../../../../arm-none-eabi/lib/thumb/v7-m/nofp\libc_nano.a(libc_a-mallocr.o)
                0x08005f30                _malloc_r
 .text.__malloc_lock
                0x08006030        0xc C:/ST/STM32CubeIDE_1.19.0/STM32CubeIDE/plugins/com.st.stm32cube.ide.mcu.externaltools.gnu-tools-for-stm32.13.3.rel1.win32_1.0.0.202411081344/tools/bin/../lib/gcc/arm-none-eabi/13.3.1/../../../../arm-none-eabi/lib/thumb/v7-m/nofp\libc_nano.a(libc_a-mlock.o)
                0x08006030                __malloc_lock
 .text.__malloc_unlock
                0x0800603c        0xc C:/ST/STM32CubeIDE_1.19.0/STM32CubeIDE/plugins/com.st.stm32cube.ide.mcu.externaltools.gnu-tools-for-stm32.13.3.rel1.win32_1.0.0.202411081344/tools/bin/../lib/gcc/arm-none-eabi/13.3.1/../../../../arm-none-eabi/lib/thumb/v7-m/nofp\libc_nano.a(libc_a-mlock.o)
                0x0800603c                __malloc_unlock
 .text.__sflush_r
                0x08006048      0x100 C:/ST/STM32CubeIDE_1.19.0/STM32CubeIDE/plugins/com.st.stm32cube.ide.mcu.externaltools.gnu-tools-for-stm32.13.3.rel1.win32_1.0.0.202411081344/tools/bin/../lib/gcc/arm-none-eabi/13.3.1/../../../../arm-none-eabi/lib/thumb/v7-m/nofp\libc_nano.a(libc_a-fflush.o)
                0x08006048                __sflush_r
 .text._fflush_r
                0x08006148       0x50 C:/ST/STM32CubeIDE_1.19.0/STM32CubeIDE/plugins/com.st.stm32cube.ide.mcu.externaltools.gnu-tools-for-stm32.13.3.rel1.win32_1.0.0.202411081344/tools/bin/../lib/gcc/arm-none-eabi/13.3.1/../../../../arm-none-eabi/lib/thumb/v7-m/nofp\libc_nano.a(libc_a-fflush.o)
                0x08006148                _fflush_r
 .text.fprintf  0x08006198       0x24 C:/ST/STM32CubeIDE_1.19.0/STM32CubeIDE/plugins/com.st.stm32cube.ide.mcu.externaltools.gnu-tools-for-stm32.13.3.rel1.win32_1.0.0.202411081344/tools/bin/../lib/gcc/arm-none-eabi/13.3.1/../../../../arm-none-eabi/lib/thumb/v7-m/nofp\libc_nano.a(libc_a-fprintf.o)
                0x08006198                fiprintf
                0x08006198                fprintf
 .text._sbrk_r  0x080061bc       0x20 C:/ST/STM32CubeIDE_1.19.0/STM32CubeIDE/plugins/com.st.stm32cube.ide.mcu.externaltools.gnu-tools-for-stm32.13.3.rel1.win32_1.0.0.202411081344/tools/bin/../lib/gcc/arm-none-eabi/13.3.1/../../../../arm-none-eabi/lib/thumb/v7-m/nofp\libc_nano.a(libc_a-sbrkr.o)
                0x080061bc                _sbrk_r
 .text.abort    0x080061dc        0xe C:/ST/STM32CubeIDE_1.19.0/STM32CubeIDE/plugins/com.st.stm32cube.ide.mcu.externaltools.gnu-tools-for-stm32.13.3.rel1.win32_1.0.0.202411081344/tools/bin/../lib/gcc/arm-none-eabi/13.3.1/../../../../arm-none-eabi/lib/thumb/v7-m/nofp\libc_nano.a(libc_a-abort.o)
                0x080061dc                abort
 .text.__sfputc_r
                0x080061ea       0x2a C:/ST/STM32CubeIDE_1.19.0/STM32CubeIDE/plugins/com.st.stm32cube.ide.mcu.externaltools.gnu-tools-for-stm32.13.3.rel1.win32_1.0.0.202411081344/tools/bin/../lib/gcc/arm-none-eabi/13.3.1/../../../../arm-none-eabi/lib/thumb/v7-m/nofp\libc_nano.a(libc_a-nano-vfprintf.o)
 .text.__sfputs_r
                0x08006214       0x24 C:/ST/STM32CubeIDE_1.19.0/STM32CubeIDE/plugins/com.st.stm32cube.ide.mcu.externaltools.gnu-tools-for-stm32.13.3.rel1.win32_1.0.0.202411081344/tools/bin/../lib/gcc/arm-none-eabi/13.3.1/../../../../arm-none-eabi/lib/thumb/v7-m/nofp\libc_nano.a(libc_a-nano-vfprintf.o)
                0x08006214                __sfputs_r
 .text._vfprintf_r
                0x08006238      0x230 C:/ST/STM32CubeIDE_1.19.0/STM32CubeIDE/plugins/com.st.stm32cube.ide.mcu.externaltools.gnu-tools-for-stm32.13.3.rel1.win32_1.0.0.202411081344/tools/bin/../lib/gcc/arm-none-eabi/13.3.1/../../../../arm-none-eabi/lib/thumb/v7-m/nofp\libc_nano.a(libc_a-nano-vfprintf.o)
                0x08006238                _vfprintf_r
                0x08006238                _vfiprintf_r
 .text._printf_common
                0x08006468       0xe4 C:/ST/STM32CubeIDE_1.19.0/STM32CubeIDE/plugins/com.st.stm32cube.ide.mcu.externaltools.gnu-tools-for-stm32.13.3.rel1.win32_1.0.0.202411081344/tools/bin/../lib/gcc/arm-none-eabi/13.3.1/../../../../arm-none-eabi/lib/thumb/v7-m/nofp\libc_nano.a(libc_a-nano-vfprintf_i.o)
                0x08006468                _printf_common
 .text._printf_i
                0x0800654c      0x23c C:/ST/STM32CubeIDE_1.19.0/STM32CubeIDE/plugins/com.st.stm32cube.ide.mcu.externaltools.gnu-tools-for-stm32.13.3.rel1.win32_1.0.0.202411081344/tools/bin/../lib/gcc/arm-none-eabi/13.3.1/../../../../arm-none-eabi/lib/thumb/v7-m/nofp\libc_nano.a(libc_a-nano-vfprintf_i.o)
                0x0800654c                _printf_i
 .text.__swbuf_r
                0x08006788       0x7c C:/ST/STM32CubeIDE_1.19.0/STM32CubeIDE/plugins/com.st.stm32cube.ide.mcu.externaltools.gnu-tools-for-stm32.13.3.rel1.win32_1.0.0.202411081344/tools/bin/../lib/gcc/arm-none-eabi/13.3.1/../../../../arm-none-eabi/lib/thumb/v7-m/nofp\libc_nano.a(libc_a-wbuf.o)
                0x08006788                __swbuf_r
 .text.__swsetup_r
                0x08006804       0xac C:/ST/STM32CubeIDE_1.19.0/STM32CubeIDE/plugins/com.st.stm32cube.ide.mcu.externaltools.gnu-tools-for-stm32.13.3.rel1.win32_1.0.0.202411081344/tools/bin/../lib/gcc/arm-none-eabi/13.3.1/../../../../arm-none-eabi/lib/thumb/v7-m/nofp\libc_nano.a(libc_a-wsetup.o)
                0x08006804                __swsetup_r
 .text._raise_r
                0x080068b0       0x50 C:/ST/STM32CubeIDE_1.19.0/STM32CubeIDE/plugins/com.st.stm32cube.ide.mcu.externaltools.gnu-tools-for-stm32.13.3.rel1.win32_1.0.0.202411081344/tools/bin/../lib/gcc/arm-none-eabi/13.3.1/../../../../arm-none-eabi/lib/thumb/v7-m/nofp\libc_nano.a(libc_a-signal.o)
                0x080068b0                _raise_r
 .text.raise    0x08006900       0x10 C:/ST/STM32CubeIDE_1.19.0/STM32CubeIDE/plugins/com.st.stm32cube.ide.mcu.externaltools.gnu-tools-for-stm32.13.3.rel1.win32_1.0.0.202411081344/tools/bin/../lib/gcc/arm-none-eabi/13.3.1/../../../../arm-none-eabi/lib/thumb/v7-m/nofp\libc_nano.a(libc_a-signal.o)
                0x08006900                raise
 .text._kill_r  0x08006910       0x24 C:/ST/STM32CubeIDE_1.19.0/STM32CubeIDE/plugins/com.st.stm32cube.ide.mcu.externaltools.gnu-tools-for-stm32.13.3.rel1.win32_1.0.0.202411081344/tools/bin/../lib/gcc/arm-none-eabi/13.3.1/../../../../arm-none-eabi/lib/thumb/v7-m/nofp\libc_nano.a(libc_a-signalr.o)
                0x08006910                _kill_r
 .text._getpid_r
                0x08006934        0x4 C:/ST/STM32CubeIDE_1.19.0/STM32CubeIDE/plugins/com.st.stm32cube.ide.mcu.externaltools.gnu-tools-for-stm32.13.3.rel1.win32_1.0.0.202411081344/tools/bin/../lib/gcc/arm-none-eabi/13.3.1/../../../../arm-none-eabi/lib/thumb/v7-m/nofp\libc_nano.a(libc_a-signalr.o)
                0x08006934                _getpid_r
 .text.memchr   0x08006938       0x1c C:/ST/STM32CubeIDE_1.19.0/STM32CubeIDE/plugins/com.st.stm32cube.ide.mcu.externaltools.gnu-tools-for-stm32.13.3.rel1.win32_1.0.0.202411081344/tools/bin/../lib/gcc/arm-none-eabi/13.3.1/../../../../arm-none-eabi/lib/thumb/v7-m/nofp\libc_nano.a(libc_a-memchr-stub.o)
                0x08006938                memchr
 .text.__swhatbuf_r
                0x08006954       0x4a C:/ST/STM32CubeIDE_1.19.0/STM32CubeIDE/plugins/com.st.stm32cube.ide.mcu.externaltools.gnu-tools-for-stm32.13.3.rel1.win32_1.0.0.202411081344/tools/bin/../lib/gcc/arm-none-eabi/13.3.1/../../../../arm-none-eabi/lib/thumb/v7-m/nofp\libc_nano.a(libc_a-makebuf.o)
                0x08006954                __swhatbuf_r
 .text.__smakebuf_r
                0x0800699e       0x78 C:/ST/STM32CubeIDE_1.19.0/STM32CubeIDE/plugins/com.st.stm32cube.ide.mcu.externaltools.gnu-tools-for-stm32.13.3.rel1.win32_1.0.0.202411081344/tools/bin/../lib/gcc/arm-none-eabi/13.3.1/../../../../arm-none-eabi/lib/thumb/v7-m/nofp\libc_nano.a(libc_a-makebuf.o)
                0x0800699e                __smakebuf_r
 *fill*         0x08006a16        0x2 
 .text._fstat_r
                0x08006a18       0x24 C:/ST/STM32CubeIDE_1.19.0/STM32CubeIDE/plugins/com.st.stm32cube.ide.mcu.externaltools.gnu-tools-for-stm32.13.3.rel1.win32_1.0.0.202411081344/tools/bin/../lib/gcc/arm-none-eabi/13.3.1/../../../../arm-none-eabi/lib/thumb/v7-m/nofp\libc_nano.a(libc_a-fstatr.o)
                0x08006a18                _fstat_r
 .text._isatty_r
                0x08006a3c       0x20 C:/ST/STM32CubeIDE_1.19.0/STM32CubeIDE/plugins/com.st.stm32cube.ide.mcu.externaltools.gnu-tools-for-stm32.13.3.rel1.win32_1.0.0.202411081344/tools/bin/../lib/gcc/arm-none-eabi/13.3.1/../../../../arm-none-eabi/lib/thumb/v7-m/nofp\libc_nano.a(libc_a-isattyr.o)
                0x08006a3c                _isatty_r
 *(.glue_7)
 .glue_7        0x08006a5c        0x0 linker stubs
 *(.glue_7t)
 .glue_7t       0x08006a5c        0x0 linker stubs
 *(.eh_frame)
 .eh_frame      0x08006a5c        0x0 C:/ST/STM32CubeIDE_1.19.0/STM32CubeIDE/plugins/com.st.stm32cube.ide.mcu.externaltools.gnu-tools-for-stm32.13.3.rel1.win32_1.0.0.202411081344/tools/bin/../lib/gcc/arm-none-eabi/13.3.1/thumb/v7-m/nofp/crtbegin.o
 *(.init)
 .init          0x08006a5c        0x4 C:/ST/STM32CubeIDE_1.19.0/STM32CubeIDE/plugins/com.st.stm32cube.ide.mcu.externaltools.gnu-tools-for-stm32.13.3.rel1.win32_1.0.0.202411081344/tools/bin/../lib/gcc/arm-none-eabi/13.3.1/thumb/v7-m/nofp/crti.o
                0x08006a5c                _init
 .init          0x08006a60        0x8 C:/ST/STM32CubeIDE_1.19.0/STM32CubeIDE/plugins/com.st.stm32cube.ide.mcu.externaltools.gnu-tools-for-stm32.13.3.rel1.win32_1.0.0.202411081344/tools/bin/../lib/gcc/arm-none-eabi/13.3.1/thumb/v7-m/nofp/crtn.o
 *(.fini)
 .fini          0x08006a68        0x4 C:/ST/STM32CubeIDE_1.19.0/STM32CubeIDE/plugins/com.st.stm32cube.ide.mcu.externaltools.gnu-tools-for-stm32.13.3.rel1.win32_1.0.0.202411081344/tools/bin/../lib/gcc/arm-none-eabi/13.3.1/thumb/v7-m/nofp/crti.o
                0x08006a68                _fini
 .fini          0x08006a6c        0x8 C:/ST/STM32CubeIDE_1.19.0/STM32CubeIDE/plugins/com.st.stm32cube.ide.mcu.externaltools.gnu-tools-for-stm32.13.3.rel1.win32_1.0.0.202411081344/tools/bin/../lib/gcc/arm-none-eabi/13.3.1/thumb/v7-m/nofp/crtn.o
                0x08006a74                        . = ALIGN (0x4)
                0x08006a74                        _etext = .

.vfp11_veneer   0x08006a74        0x0
 .vfp11_veneer  0x08006a74        0x0 linker stubs

.v4_bx          0x08006a74        0x0
 .v4_bx         0x08006a74        0x0 linker stubs

.iplt           0x08006a74        0x0
 .iplt          0x08006a74        0x0 C:/ST/STM32CubeIDE_1.19.0/STM32CubeIDE/plugins/com.st.stm32cube.ide.mcu.externaltools.gnu-tools-for-stm32.13.3.rel1.win32_1.0.0.202411081344/tools/bin/../lib/gcc/arm-none-eabi/13.3.1/thumb/v7-m/nofp/crtbegin.o

.rodata         0x08006a74      0x1c8
                0x08006a74                        . = ALIGN (0x4)
 *(.rodata)
 *(.rodata*)
 .rodata.basePacket
                0x08006a74       0x10 ./Core/Src/action_comm.o
 .rodata.keyCmdCode
                0x08006a84       0x23 ./Core/Src/button_matrix.o
 *fill*         0x08006aa7        0x1 
 .rodata.col_port
                0x08006aa8       0x1c ./Core/Src/button_matrix.o
 .rodata.col_pin
                0x08006ac4        0xe ./Core/Src/button_matrix.o
 *fill*         0x08006ad2        0x2 
 .rodata.row_port
                0x08006ad4       0x14 ./Core/Src/button_matrix.o
 .rodata.row_pin
                0x08006ae8        0xa ./Core/Src/button_matrix.o
 *fill*         0x08006af2        0x2 
 .rodata.memSlotVP
                0x08006af4        0x5 ./Core/Src/lcd_hmi.o
 *fill*         0x08006af9        0x3 
 .rodata.comboHeightVP
                0x08006afc        0x7 ./Core/Src/lcd_hmi.o
 *fill*         0x08006b03        0x1 
 .rodata.comboHeightEdit
                0x08006b04        0x7 ./Core/Src/lcd_hmi.o
 *fill*         0x08006b0b        0x1 
 .rodata.featureVP
                0x08006b0c        0x7 ./Core/Src/lcd_hmi.o
 *fill*         0x08006b13        0x1 
 .rodata.editVP
                0x08006b14        0x8 ./Core/Src/lcd_hmi.o
 .rodata.rtp1VP
                0x08006b1c        0x8 ./Core/Src/lcd_hmi.o
 .rodata.daysInMonth
                0x08006b24        0xd ./Core/Src/rtc_manager.o
 *fill*         0x08006b31        0x3 
 .rodata.AHBPrescTable
                0x08006b34       0x10 ./Core/Src/system_stm32f1xx.o
                0x08006b34                AHBPrescTable
 .rodata.APBPrescTable
                0x08006b44        0x8 ./Core/Src/system_stm32f1xx.o
                0x08006b44                APBPrescTable
 .rodata.aPLLMULFactorTable.1
                0x08006b4c       0x10 ./Drivers/STM32F1xx_HAL_Driver/Src/stm32f1xx_hal_rcc.o
 .rodata.aPredivFactorTable.0
                0x08006b5c        0x2 ./Drivers/STM32F1xx_HAL_Driver/Src/stm32f1xx_hal_rcc.o
 .rodata.srand.str1.1
                0x08006b5e       0xde C:/ST/STM32CubeIDE_1.19.0/STM32CubeIDE/plugins/com.st.stm32cube.ide.mcu.externaltools.gnu-tools-for-stm32.13.3.rel1.win32_1.0.0.202411081344/tools/bin/../lib/gcc/arm-none-eabi/13.3.1/../../../../arm-none-eabi/lib/thumb/v7-m/nofp\libc_nano.a(libc_a-rand.o)
                                 0x6f (size before relaxing)
 .rodata.__assert_func.str1.1
                0x08006c3c       0x3d C:/ST/STM32CubeIDE_1.19.0/STM32CubeIDE/plugins/com.st.stm32cube.ide.mcu.externaltools.gnu-tools-for-stm32.13.3.rel1.win32_1.0.0.202411081344/tools/bin/../lib/gcc/arm-none-eabi/13.3.1/../../../../arm-none-eabi/lib/thumb/v7-m/nofp\libc_nano.a(libc_a-assert.o)
 .rodata._vfprintf_r.str1.1
                0x08006c3c       0x11 C:/ST/STM32CubeIDE_1.19.0/STM32CubeIDE/plugins/com.st.stm32cube.ide.mcu.externaltools.gnu-tools-for-stm32.13.3.rel1.win32_1.0.0.202411081344/tools/bin/../lib/gcc/arm-none-eabi/13.3.1/../../../../arm-none-eabi/lib/thumb/v7-m/nofp\libc_nano.a(libc_a-nano-vfprintf.o)
 .rodata._printf_i.str1.1
                0x08006c3c       0x22 C:/ST/STM32CubeIDE_1.19.0/STM32CubeIDE/plugins/com.st.stm32cube.ide.mcu.externaltools.gnu-tools-for-stm32.13.3.rel1.win32_1.0.0.202411081344/tools/bin/../lib/gcc/arm-none-eabi/13.3.1/../../../../arm-none-eabi/lib/thumb/v7-m/nofp\libc_nano.a(libc_a-nano-vfprintf_i.o)
                0x08006c7c                        . = ALIGN (0x4)

.ARM.extab      0x08006c3c        0x0
                0x08006c3c                        . = ALIGN (0x4)
 *(.ARM.extab* .gnu.linkonce.armextab.*)
                0x08006c3c                        . = ALIGN (0x4)

.ARM            0x08006c3c        0x0
                0x08006c3c                        . = ALIGN (0x4)
                0x08006c3c                        __exidx_start = .
 *(.ARM.exidx*)
                0x08006c3c                        __exidx_end = .
                0x08006c3c                        . = ALIGN (0x4)

.preinit_array  0x08006c3c        0x0
                0x08006c3c                        . = ALIGN (0x4)
                0x08006c3c                        PROVIDE (__preinit_array_start = .)
 *(.preinit_array*)
                0x08006c3c                        PROVIDE (__preinit_array_end = .)
                0x08006c3c                        . = ALIGN (0x4)

.init_array     0x08006c3c        0x4
                0x08006c3c                        . = ALIGN (0x4)
                0x08006c3c                        PROVIDE (__init_array_start = .)
 *(SORT_BY_NAME(.init_array.*))
 *(.init_array*)
 .init_array    0x08006c3c        0x4 C:/ST/STM32CubeIDE_1.19.0/STM32CubeIDE/plugins/com.st.stm32cube.ide.mcu.externaltools.gnu-tools-for-stm32.13.3.rel1.win32_1.0.0.202411081344/tools/bin/../lib/gcc/arm-none-eabi/13.3.1/thumb/v7-m/nofp/crtbegin.o
                0x08006c40                        PROVIDE (__init_array_end = .)
                0x08006c40                        . = ALIGN (0x4)

.fini_array     0x08006c40        0x4
                0x08006c40                        . = ALIGN (0x4)
                [!provide]                        PROVIDE (__fini_array_start = .)
 *(SORT_BY_NAME(.fini_array.*))
 *(.fini_array*)
 .fini_array    0x08006c40        0x4 C:/ST/STM32CubeIDE_1.19.0/STM32CubeIDE/plugins/com.st.stm32cube.ide.mcu.externaltools.gnu-tools-for-stm32.13.3.rel1.win32_1.0.0.202411081344/tools/bin/../lib/gcc/arm-none-eabi/13.3.1/thumb/v7-m/nofp/crtbegin.o
                [!provide]                        PROVIDE (__fini_array_end = .)
                0x08006c44                        . = ALIGN (0x4)
                0x08006c44                        _sidata = LOADADDR (.data)

.rel.dyn        0x08006c44        0x0
 .rel.iplt      0x08006c44        0x0 C:/ST/STM32CubeIDE_1.19.0/STM32CubeIDE/plugins/com.st.stm32cube.ide.mcu.externaltools.gnu-tools-for-stm32.13.3.rel1.win32_1.0.0.202411081344/tools/bin/../lib/gcc/arm-none-eabi/13.3.1/thumb/v7-m/nofp/crtbegin.o

.data           0x20000000       0x7c load address 0x08006c44
                0x20000000                        . = ALIGN (0x4)
                0x20000000                        _sdata = .
 *(.data)
 *(.data*)
 .data.currentPage
                0x20000000        0x1 ./Core/Src/lcd_hmi.o
 .data.tiltState
                0x20000001        0x1 ./Core/Src/lcd_hmi.o
 .data.lcdPowerOn
                0x20000002        0x1 ./Core/Src/lcd_hmi.o
 .data.memoryMode
                0x20000003        0x1 ./Core/Src/lcd_hmi.o
 .data.featureEnable
                0x20000004        0x7 ./Core/Src/lcd_hmi.o
 *fill*         0x2000000b        0x1 
 .data.rtc      0x2000000c        0x7 ./Core/Src/rtc_manager.o
 *fill*         0x20000013        0x1 
 .data.SystemCoreClock
                0x20000014        0x4 ./Core/Src/system_stm32f1xx.o
                0x20000014                SystemCoreClock
 .data.uwTickPrio
                0x20000018        0x4 ./Drivers/STM32F1xx_HAL_Driver/Src/stm32f1xx_hal.o
                0x20000018                uwTickPrio
 .data.uwTickFreq
                0x2000001c        0x1 ./Drivers/STM32F1xx_HAL_Driver/Src/stm32f1xx_hal.o
                0x2000001c                uwTickFreq
 *fill*         0x2000001d        0x3 
 .data.__sglue  0x20000020        0xc C:/ST/STM32CubeIDE_1.19.0/STM32CubeIDE/plugins/com.st.stm32cube.ide.mcu.externaltools.gnu-tools-for-stm32.13.3.rel1.win32_1.0.0.202411081344/tools/bin/../lib/gcc/arm-none-eabi/13.3.1/../../../../arm-none-eabi/lib/thumb/v7-m/nofp\libc_nano.a(libc_a-findfp.o)
                0x20000020                __sglue
 .data._impure_ptr
                0x2000002c        0x4 C:/ST/STM32CubeIDE_1.19.0/STM32CubeIDE/plugins/com.st.stm32cube.ide.mcu.externaltools.gnu-tools-for-stm32.13.3.rel1.win32_1.0.0.202411081344/tools/bin/../lib/gcc/arm-none-eabi/13.3.1/../../../../arm-none-eabi/lib/thumb/v7-m/nofp\libc_nano.a(libc_a-impure.o)
                0x2000002c                _impure_ptr
 .data._impure_data
                0x20000030       0x4c C:/ST/STM32CubeIDE_1.19.0/STM32CubeIDE/plugins/com.st.stm32cube.ide.mcu.externaltools.gnu-tools-for-stm32.13.3.rel1.win32_1.0.0.202411081344/tools/bin/../lib/gcc/arm-none-eabi/13.3.1/../../../../arm-none-eabi/lib/thumb/v7-m/nofp\libc_nano.a(libc_a-impure.o)
                0x20000030                _impure_data
 *(.RamFunc)
 *(.RamFunc*)
                0x2000007c                        . = ALIGN (0x4)
                0x2000007c                        _edata = .

.igot.plt       0x2000007c        0x0 load address 0x08006cc0
 .igot.plt      0x2000007c        0x0 C:/ST/STM32CubeIDE_1.19.0/STM32CubeIDE/plugins/com.st.stm32cube.ide.mcu.externaltools.gnu-tools-for-stm32.13.3.rel1.win32_1.0.0.202411081344/tools/bin/../lib/gcc/arm-none-eabi/13.3.1/thumb/v7-m/nofp/crtbegin.o
                0x2000007c                        . = ALIGN (0x4)

.bss            0x2000007c      0x484 load address 0x08006cc0
                0x2000007c                        _sbss = .
                0x2000007c                        __bss_start__ = _sbss
 *(.bss)
 .bss           0x2000007c       0x1c C:/ST/STM32CubeIDE_1.19.0/STM32CubeIDE/plugins/com.st.stm32cube.ide.mcu.externaltools.gnu-tools-for-stm32.13.3.rel1.win32_1.0.0.202411081344/tools/bin/../lib/gcc/arm-none-eabi/13.3.1/thumb/v7-m/nofp/crtbegin.o
 *(.bss*)
 .bss.uart_bt   0x20000098        0x4 ./Core/Src/action_comm.o
 .bss.uart_act  0x2000009c        0x4 ./Core/Src/action_comm.o
 .bss.uart_screen
                0x200000a0        0x4 ./Core/Src/action_comm.o
 .bss.txPacket  0x200000a4       0x10 ./Core/Src/action_comm.o
 .bss.rxByte    0x200000b4        0x1 ./Core/Src/action_comm.o
 *fill*         0x200000b5        0x3 
 .bss.packetBuffer
                0x200000b8       0x19 ./Core/Src/action_comm.o
 .bss.packetIndex
                0x200000d1        0x1 ./Core/Src/action_comm.o
 .bss.headerState
                0x200000d2        0x1 ./Core/Src/action_comm.o
 *fill*         0x200000d3        0x1 
 .bss.key_matrix
                0x200000d4       0x23 ./Core/Src/button_matrix.o
 *fill*         0x200000f7        0x1 
 .bss.stableCount
                0x200000f8       0x23 ./Core/Src/button_matrix.o
 *fill*         0x2000011b        0x1 
 .bss.pressStart
                0x2000011c       0x8c ./Core/Src/button_matrix.o
 .bss.longActive
                0x200001a8       0x23 ./Core/Src/button_matrix.o
 .bss.g_reverseState
                0x200001cb        0x1 ./Core/Src/button_matrix.o
 .bss.comboLatch_Flex
                0x200001cc        0x1 ./Core/Src/button_matrix.o
 .bss.comboLatch_Height
                0x200001cd        0x1 ./Core/Src/button_matrix.o
 .bss.comboLatch_Accept
                0x200001ce        0x1 ./Core/Src/button_matrix.o
 .bss.comboLatch_Slide
                0x200001cf        0x1 ./Core/Src/button_matrix.o
 .bss.comboLatch_Level
                0x200001d0        0x1 ./Core/Src/button_matrix.o
 *fill*         0x200001d1        0x3 
 .bss.lcd_uart  0x200001d4        0x4 ./Core/Src/lcd_hmi.o
 .bss.uiState   0x200001d8        0x1 ./Core/Src/lcd_hmi.o
 .bss.parentState
                0x200001d9        0x1 ./Core/Src/lcd_hmi.o
 .bss.details_cursor
                0x200001da        0x1 ./Core/Src/lcd_hmi.o
 .bss.selRTP1   0x200001db        0x1 ./Core/Src/lcd_hmi.o
 .bss.selRTP2   0x200001dc        0x1 ./Core/Src/lcd_hmi.o
 *fill*         0x200001dd        0x3 
 .bss.rtp1Val   0x200001e0        0x8 ./Core/Src/lcd_hmi.o
 .bss.batteryLevel
                0x200001e8        0x1 ./Core/Src/lcd_hmi.o
 .bss.selSetting
                0x200001e9        0x1 ./Core/Src/lcd_hmi.o
 .bss.clockCursor
                0x200001ea        0x1 ./Core/Src/lcd_hmi.o
 .bss.clockHour
                0x200001eb        0x1 ./Core/Src/lcd_hmi.o
 .bss.clockMin  0x200001ec        0x1 ./Core/Src/lcd_hmi.o
 .bss.heightState
                0x200001ed        0x1 ./Core/Src/lcd_hmi.o
 .bss.trendState
                0x200001ee        0x1 ./Core/Src/lcd_hmi.o
 .bss.backState
                0x200001ef        0x1 ./Core/Src/lcd_hmi.o
 .bss.slideState
                0x200001f0        0x1 ./Core/Src/lcd_hmi.o
 .bss.flexState
                0x200001f1        0x1 ./Core/Src/lcd_hmi.o
 .bss.valueChanged
                0x200001f2        0x1 ./Core/Src/lcd_hmi.o
 .bss.animStepping
                0x200001f3        0x1 ./Core/Src/lcd_hmi.o
 .bss.animActive
                0x200001f4        0x1 ./Core/Src/lcd_hmi.o
 .bss.animCmd   0x200001f5        0x1 ./Core/Src/lcd_hmi.o
 *fill*         0x200001f6        0x2 
 .bss.animTick  0x200001f8        0x4 ./Core/Src/lcd_hmi.o
 .bss.reverseMode
                0x200001fc        0x1 ./Core/Src/lcd_hmi.o
 .bss.lcdLocked
                0x200001fd        0x1 ./Core/Src/lcd_hmi.o
 .bss.selFeature
                0x200001fe        0x1 ./Core/Src/lcd_hmi.o
 .bss.selComboHeight
                0x200001ff        0x1 ./Core/Src/lcd_hmi.o
 .bss.selComboAccept
                0x20000200        0x1 ./Core/Src/lcd_hmi.o
 .bss.selMemory
                0x20000201        0x1 ./Core/Src/lcd_hmi.o
 *fill*         0x20000202        0x2 
 .bss.memSlotSaved
                0x20000204        0x5 ./Core/Src/lcd_hmi.o
 *fill*         0x20000209        0x3 
 .bss.comboHeightVal
                0x2000020c        0xe ./Core/Src/lcd_hmi.o
 *fill*         0x2000021a        0x2 
 .bss.editVal   0x2000021c       0x10 ./Core/Src/lcd_hmi.o
 .bss.homeTimer
                0x2000022c        0x4 ./Core/Src/lcd_hmi.o
 .bss.homeActive
                0x20000230        0x1 ./Core/Src/lcd_hmi.o
 *fill*         0x20000231        0x3 
 .bss.hcan      0x20000234       0x28 ./Core/Src/main.o
                0x20000234                hcan
 .bss.hi2c1     0x2000025c       0x54 ./Core/Src/main.o
                0x2000025c                hi2c1
 .bss.huart1    0x200002b0       0x48 ./Core/Src/main.o
                0x200002b0                huart1
 .bss.huart2    0x200002f8       0x48 ./Core/Src/main.o
                0x200002f8                huart2
 .bss.huart3    0x20000340       0x48 ./Core/Src/main.o
                0x20000340                huart3
 .bss.g_ctest   0x20000388        0x8 ./Core/Src/main.o
                0x20000388                g_ctest
 .bss.rtc_uart  0x20000390        0x4 ./Core/Src/rtc_manager.o
 .bss.rtc_lastTick
                0x20000394        0x4 ./Core/Src/rtc_manager.o
 .bss.sensorState
                0x20000398        0xb ./Core/Src/sensor_manager.o
 .bss.selected_sensor
                0x200003a3        0x1 ./Core/Src/sensor_manager.o
 .bss.edit_mode
                0x200003a4        0x1 ./Core/Src/sensor_manager.o
 .bss.sensorPageActive
                0x200003a5        0x1 ./Core/Src/sensor_manager.o
 .bss.sensorDirty
                0x200003a6        0x1 ./Core/Src/sensor_manager.o
 .bss.testModeActive
                0x200003a7        0x1 ./Core/Src/sensor_manager.o
 .bss.testSensorType
                0x200003a8        0x1 ./Core/Src/sensor_manager.o
 .bss.testValue
                0x200003a9        0x1 ./Core/Src/sensor_manager.o
 *fill*         0x200003aa        0x2 
 .bss.__sbrk_heap_end
                0x200003ac        0x4 ./Core/Src/sysmem.o
 .bss.uwTick    0x200003b0        0x4 ./Drivers/STM32F1xx_HAL_Driver/Src/stm32f1xx_hal.o
                0x200003b0                uwTick
 .bss.__sf      0x200003b4      0x138 C:/ST/STM32CubeIDE_1.19.0/STM32CubeIDE/plugins/com.st.stm32cube.ide.mcu.externaltools.gnu-tools-for-stm32.13.3.rel1.win32_1.0.0.202411081344/tools/bin/../lib/gcc/arm-none-eabi/13.3.1/../../../../arm-none-eabi/lib/thumb/v7-m/nofp\libc_nano.a(libc_a-findfp.o)
                0x200003b4                __sf
 .bss.__stdio_exit_handler
                0x200004ec        0x4 C:/ST/STM32CubeIDE_1.19.0/STM32CubeIDE/plugins/com.st.stm32cube.ide.mcu.externaltools.gnu-tools-for-stm32.13.3.rel1.win32_1.0.0.202411081344/tools/bin/../lib/gcc/arm-none-eabi/13.3.1/../../../../arm-none-eabi/lib/thumb/v7-m/nofp\libc_nano.a(libc_a-findfp.o)
                0x200004ec                __stdio_exit_handler
 .bss.errno     0x200004f0        0x4 C:/ST/STM32CubeIDE_1.19.0/STM32CubeIDE/plugins/com.st.stm32cube.ide.mcu.externaltools.gnu-tools-for-stm32.13.3.rel1.win32_1.0.0.202411081344/tools/bin/../lib/gcc/arm-none-eabi/13.3.1/../../../../arm-none-eabi/lib/thumb/v7-m/nofp\libc_nano.a(libc_a-reent.o)
                0x200004f0                errno
 .bss.__lock___malloc_recursive_mutex
                0x200004f4        0x1 C:/ST/STM32CubeIDE_1.19.0/STM32CubeIDE/plugins/com.st.stm32cube.ide.mcu.externaltools.gnu-tools-for-stm32.13.3.rel1.win32_1.0.0.202411081344/tools/bin/../lib/gcc/arm-none-eabi/13.3.1/../../../../arm-none-eabi/lib/thumb/v7-m/nofp\libc_nano.a(libc_a-lock.o)
                0x200004f4                __lock___malloc_recursive_mutex
 .bss.__lock___sfp_recursive_mutex
                0x200004f5        0x1 C:/ST/STM32CubeIDE_1.19.0/STM32CubeIDE/plugins/com.st.stm32cube.ide.mcu.externaltools.gnu-tools-for-stm32.13.3.rel1.win32_1.0.0.202411081344/tools/bin/../lib/gcc/arm-none-eabi/13.3.1/../../../../arm-none-eabi/lib/thumb/v7-m/nofp\libc_nano.a(libc_a-lock.o)
                0x200004f5                __lock___sfp_recursive_mutex
 *fill*         0x200004f6        0x2 
 .bss.__malloc_sbrk_start
                0x200004f8        0x4 C:/ST/STM32CubeIDE_1.19.0/STM32CubeIDE/plugins/com.st.stm32cube.ide.mcu.externaltools.gnu-tools-for-stm32.13.3.rel1.win32_1.0.0.202411081344/tools/bin/../lib/gcc/arm-none-eabi/13.3.1/../../../../arm-none-eabi/lib/thumb/v7-m/nofp\libc_nano.a(libc_a-mallocr.o)
                0x200004f8                __malloc_sbrk_start
 .bss.__malloc_free_list
                0x200004fc        0x4 C:/ST/STM32CubeIDE_1.19.0/STM32CubeIDE/plugins/com.st.stm32cube.ide.mcu.externaltools.gnu-tools-for-stm32.13.3.rel1.win32_1.0.0.202411081344/tools/bin/../lib/gcc/arm-none-eabi/13.3.1/../../../../arm-none-eabi/lib/thumb/v7-m/nofp\libc_nano.a(libc_a-mallocr.o)
                0x200004fc                __malloc_free_list
 *(COMMON)
                0x20000500                        . = ALIGN (0x4)
                0x20000500                        _ebss = .
                0x20000500                        __bss_end__ = _ebss

._user_heap_stack
                0x20000500      0x600 load address 0x08006cc0
                0x20000500                        . = ALIGN (0x8)
                [!provide]                        PROVIDE (end = .)
                0x20000500                        PROVIDE (_end = .)
                0x20000700                        . = (. + _Min_Heap_Size)
 *fill*         0x20000500      0x200 
                0x20000b00                        . = (. + _Min_Stack_Size)
 *fill*         0x20000700      0x400 
                0x20000b00                        . = ALIGN (0x8)

/DISCARD/
 libc.a(*)
 libm.a(*)
 libgcc.a(*)

.ARM.attributes
                0x00000000       0x29
 *(.ARM.attributes)
 .ARM.attributes
                0x00000000       0x1d C:/ST/STM32CubeIDE_1.19.0/STM32CubeIDE/plugins/com.st.stm32cube.ide.mcu.externaltools.gnu-tools-for-stm32.13.3.rel1.win32_1.0.0.202411081344/tools/bin/../lib/gcc/arm-none-eabi/13.3.1/thumb/v7-m/nofp/crti.o
 .ARM.attributes
                0x0000001d       0x2d C:/ST/STM32CubeIDE_1.19.0/STM32CubeIDE/plugins/com.st.stm32cube.ide.mcu.externaltools.gnu-tools-for-stm32.13.3.rel1.win32_1.0.0.202411081344/tools/bin/../lib/gcc/arm-none-eabi/13.3.1/thumb/v7-m/nofp/crtbegin.o
 .ARM.attributes
                0x0000004a       0x2d ./Core/Src/action_comm.o
 .ARM.attributes
                0x00000077       0x2d ./Core/Src/button_matrix.o
 .ARM.attributes
                0x000000a4       0x2d ./Core/Src/lcd_hmi.o
 .ARM.attributes
                0x000000d1       0x2d ./Core/Src/main.o
 .ARM.attributes
                0x000000fe       0x2d ./Core/Src/rtc_manager.o
 .ARM.attributes
                0x0000012b       0x2d ./Core/Src/sensor_manager.o
 .ARM.attributes
                0x00000158       0x2d ./Core/Src/stm32f1xx_hal_msp.o
 .ARM.attributes
                0x00000185       0x2d ./Core/Src/stm32f1xx_it.o
 .ARM.attributes
                0x000001b2       0x2d ./Core/Src/syscalls.o
 .ARM.attributes
                0x000001df       0x2d ./Core/Src/sysmem.o
 .ARM.attributes
                0x0000020c       0x2d ./Core/Src/system_stm32f1xx.o
 .ARM.attributes
                0x00000239       0x21 ./Core/Startup/startup_stm32f103c8tx.o
 .ARM.attributes
                0x0000025a       0x2d ./Drivers/STM32F1xx_HAL_Driver/Src/stm32f1xx_hal.o
 .ARM.attributes
                0x00000287       0x2d ./Drivers/STM32F1xx_HAL_Driver/Src/stm32f1xx_hal_can.o
 .ARM.attributes
                0x000002b4       0x2d ./Drivers/STM32F1xx_HAL_Driver/Src/stm32f1xx_hal_cortex.o
 .ARM.attributes
                0x000002e1       0x2d ./Drivers/STM32F1xx_HAL_Driver/Src/stm32f1xx_hal_dma.o
 .ARM.attributes
                0x0000030e       0x2d ./Drivers/STM32F1xx_HAL_Driver/Src/stm32f1xx_hal_gpio.o
 .ARM.attributes
                0x0000033b       0x2d ./Drivers/STM32F1xx_HAL_Driver/Src/stm32f1xx_hal_i2c.o
 .ARM.attributes
                0x00000368       0x2d ./Drivers/STM32F1xx_HAL_Driver/Src/stm32f1xx_hal_rcc.o
 .ARM.attributes
                0x00000395       0x2d ./Drivers/STM32F1xx_HAL_Driver/Src/stm32f1xx_hal_uart.o
 .ARM.attributes
                0x000003c2       0x2d C:/ST/STM32CubeIDE_1.19.0/STM32CubeIDE/plugins/com.st.stm32cube.ide.mcu.externaltools.gnu-tools-for-stm32.13.3.rel1.win32_1.0.0.202411081344/tools/bin/../lib/gcc/arm-none-eabi/13.3.1/../../../../arm-none-eabi/lib/thumb/v7-m/nofp\libc_nano.a(libc_a-rand.o)
 .ARM.attributes
                0x000003ef       0x2d C:/ST/STM32CubeIDE_1.19.0/STM32CubeIDE/plugins/com.st.stm32cube.ide.mcu.externaltools.gnu-tools-for-stm32.13.3.rel1.win32_1.0.0.202411081344/tools/bin/../lib/gcc/arm-none-eabi/13.3.1/../../../../arm-none-eabi/lib/thumb/v7-m/nofp\libc_nano.a(libc_a-findfp.o)
 .ARM.attributes
                0x0000041c       0x2d C:/ST/STM32CubeIDE_1.19.0/STM32CubeIDE/plugins/com.st.stm32cube.ide.mcu.externaltools.gnu-tools-for-stm32.13.3.rel1.win32_1.0.0.202411081344/tools/bin/../lib/gcc/arm-none-eabi/13.3.1/../../../../arm-none-eabi/lib/thumb/v7-m/nofp\libc_nano.a(libc_a-fwalk.o)
 .ARM.attributes
                0x00000449       0x2d C:/ST/STM32CubeIDE_1.19.0/STM32CubeIDE/plugins/com.st.stm32cube.ide.mcu.externaltools.gnu-tools-for-stm32.13.3.rel1.win32_1.0.0.202411081344/tools/bin/../lib/gcc/arm-none-eabi/13.3.1/../../../../arm-none-eabi/lib/thumb/v7-m/nofp\libc_nano.a(libc_a-stdio.o)
 .ARM.attributes
                0x00000476       0x2d C:/ST/STM32CubeIDE_1.19.0/STM32CubeIDE/plugins/com.st.stm32cube.ide.mcu.externaltools.gnu-tools-for-stm32.13.3.rel1.win32_1.0.0.202411081344/tools/bin/../lib/gcc/arm-none-eabi/13.3.1/../../../../arm-none-eabi/lib/thumb/v7-m/nofp\libc_nano.a(libc_a-memset.o)
 .ARM.attributes
                0x000004a3       0x2d C:/ST/STM32CubeIDE_1.19.0/STM32CubeIDE/plugins/com.st.stm32cube.ide.mcu.externaltools.gnu-tools-for-stm32.13.3.rel1.win32_1.0.0.202411081344/tools/bin/../lib/gcc/arm-none-eabi/13.3.1/../../../../arm-none-eabi/lib/thumb/v7-m/nofp\libc_nano.a(libc_a-closer.o)
 .ARM.attributes
                0x000004d0       0x2d C:/ST/STM32CubeIDE_1.19.0/STM32CubeIDE/plugins/com.st.stm32cube.ide.mcu.externaltools.gnu-tools-for-stm32.13.3.rel1.win32_1.0.0.202411081344/tools/bin/../lib/gcc/arm-none-eabi/13.3.1/../../../../arm-none-eabi/lib/thumb/v7-m/nofp\libc_nano.a(libc_a-reent.o)
 .ARM.attributes
                0x000004fd       0x2d C:/ST/STM32CubeIDE_1.19.0/STM32CubeIDE/plugins/com.st.stm32cube.ide.mcu.externaltools.gnu-tools-for-stm32.13.3.rel1.win32_1.0.0.202411081344/tools/bin/../lib/gcc/arm-none-eabi/13.3.1/../../../../arm-none-eabi/lib/thumb/v7-m/nofp\libc_nano.a(libc_a-impure.o)
 .ARM.attributes
                0x0000052a       0x2d C:/ST/STM32CubeIDE_1.19.0/STM32CubeIDE/plugins/com.st.stm32cube.ide.mcu.externaltools.gnu-tools-for-stm32.13.3.rel1.win32_1.0.0.202411081344/tools/bin/../lib/gcc/arm-none-eabi/13.3.1/../../../../arm-none-eabi/lib/thumb/v7-m/nofp\libc_nano.a(libc_a-lseekr.o)
 .ARM.attributes
                0x00000557       0x2d C:/ST/STM32CubeIDE_1.19.0/STM32CubeIDE/plugins/com.st.stm32cube.ide.mcu.externaltools.gnu-tools-for-stm32.13.3.rel1.win32_1.0.0.202411081344/tools/bin/../lib/gcc/arm-none-eabi/13.3.1/../../../../arm-none-eabi/lib/thumb/v7-m/nofp\libc_nano.a(libc_a-readr.o)
 .ARM.attributes
                0x00000584       0x2d C:/ST/STM32CubeIDE_1.19.0/STM32CubeIDE/plugins/com.st.stm32cube.ide.mcu.externaltools.gnu-tools-for-stm32.13.3.rel1.win32_1.0.0.202411081344/tools/bin/../lib/gcc/arm-none-eabi/13.3.1/../../../../arm-none-eabi/lib/thumb/v7-m/nofp\libc_nano.a(libc_a-writer.o)
 .ARM.attributes
                0x000005b1       0x2d C:/ST/STM32CubeIDE_1.19.0/STM32CubeIDE/plugins/com.st.stm32cube.ide.mcu.externaltools.gnu-tools-for-stm32.13.3.rel1.win32_1.0.0.202411081344/tools/bin/../lib/gcc/arm-none-eabi/13.3.1/../../../../arm-none-eabi/lib/thumb/v7-m/nofp\libc_nano.a(libc_a-errno.o)
 .ARM.attributes
                0x000005de       0x2d C:/ST/STM32CubeIDE_1.19.0/STM32CubeIDE/plugins/com.st.stm32cube.ide.mcu.externaltools.gnu-tools-for-stm32.13.3.rel1.win32_1.0.0.202411081344/tools/bin/../lib/gcc/arm-none-eabi/13.3.1/../../../../arm-none-eabi/lib/thumb/v7-m/nofp\libc_nano.a(libc_a-init.o)
 .ARM.attributes
                0x0000060b       0x2d C:/ST/STM32CubeIDE_1.19.0/STM32CubeIDE/plugins/com.st.stm32cube.ide.mcu.externaltools.gnu-tools-for-stm32.13.3.rel1.win32_1.0.0.202411081344/tools/bin/../lib/gcc/arm-none-eabi/13.3.1/../../../../arm-none-eabi/lib/thumb/v7-m/nofp\libc_nano.a(libc_a-lock.o)
 .ARM.attributes
                0x00000638       0x2d C:/ST/STM32CubeIDE_1.19.0/STM32CubeIDE/plugins/com.st.stm32cube.ide.mcu.externaltools.gnu-tools-for-stm32.13.3.rel1.win32_1.0.0.202411081344/tools/bin/../lib/gcc/arm-none-eabi/13.3.1/../../../../arm-none-eabi/lib/thumb/v7-m/nofp\libc_nano.a(libc_a-assert.o)
 .ARM.attributes
                0x00000665       0x2d C:/ST/STM32CubeIDE_1.19.0/STM32CubeIDE/plugins/com.st.stm32cube.ide.mcu.externaltools.gnu-tools-for-stm32.13.3.rel1.win32_1.0.0.202411081344/tools/bin/../lib/gcc/arm-none-eabi/13.3.1/../../../../arm-none-eabi/lib/thumb/v7-m/nofp\libc_nano.a(libc_a-freer.o)
 .ARM.attributes
                0x00000692       0x2d C:/ST/STM32CubeIDE_1.19.0/STM32CubeIDE/plugins/com.st.stm32cube.ide.mcu.externaltools.gnu-tools-for-stm32.13.3.rel1.win32_1.0.0.202411081344/tools/bin/../lib/gcc/arm-none-eabi/13.3.1/../../../../arm-none-eabi/lib/thumb/v7-m/nofp\libc_nano.a(libc_a-malloc.o)
 .ARM.attributes
                0x000006bf       0x2d C:/ST/STM32CubeIDE_1.19.0/STM32CubeIDE/plugins/com.st.stm32cube.ide.mcu.externaltools.gnu-tools-for-stm32.13.3.rel1.win32_1.0.0.202411081344/tools/bin/../lib/gcc/arm-none-eabi/13.3.1/../../../../arm-none-eabi/lib/thumb/v7-m/nofp\libc_nano.a(libc_a-mallocr.o)
 .ARM.attributes
                0x000006ec       0x2d C:/ST/STM32CubeIDE_1.19.0/STM32CubeIDE/plugins/com.st.stm32cube.ide.mcu.externaltools.gnu-tools-for-stm32.13.3.rel1.win32_1.0.0.202411081344/tools/bin/../lib/gcc/arm-none-eabi/13.3.1/../../../../arm-none-eabi/lib/thumb/v7-m/nofp\libc_nano.a(libc_a-mlock.o)
 .ARM.attributes
                0x00000719       0x2d C:/ST/STM32CubeIDE_1.19.0/STM32CubeIDE/plugins/com.st.stm32cube.ide.mcu.externaltools.gnu-tools-for-stm32.13.3.rel1.win32_1.0.0.202411081344/tools/bin/../lib/gcc/arm-none-eabi/13.3.1/../../../../arm-none-eabi/lib/thumb/v7-m/nofp\libc_nano.a(libc_a-fflush.o)
 .ARM.attributes
                0x00000746       0x2d C:/ST/STM32CubeIDE_1.19.0/STM32CubeIDE/plugins/com.st.stm32cube.ide.mcu.externaltools.gnu-tools-for-stm32.13.3.rel1.win32_1.0.0.202411081344/tools/bin/../lib/gcc/arm-none-eabi/13.3.1/../../../../arm-none-eabi/lib/thumb/v7-m/nofp\libc_nano.a(libc_a-fprintf.o)
 .ARM.attributes
                0x00000773       0x2d C:/ST/STM32CubeIDE_1.19.0/STM32CubeIDE/plugins/com.st.stm32cube.ide.mcu.externaltools.gnu-tools-for-stm32.13.3.rel1.win32_1.0.0.202411081344/tools/bin/../lib/gcc/arm-none-eabi/13.3.1/../../../../arm-none-eabi/lib/thumb/v7-m/nofp\libc_nano.a(libc_a-sbrkr.o)
 .ARM.attributes
                0x000007a0       0x2d C:/ST/STM32CubeIDE_1.19.0/STM32CubeIDE/plugins/com.st.stm32cube.ide.mcu.externaltools.gnu-tools-for-stm32.13.3.rel1.win32_1.0.0.202411081344/tools/bin/../lib/gcc/arm-none-eabi/13.3.1/../../../../arm-none-eabi/lib/thumb/v7-m/nofp\libc_nano.a(libc_a-abort.o)
 .ARM.attributes
                0x000007cd       0x2d C:/ST/STM32CubeIDE_1.19.0/STM32CubeIDE/plugins/com.st.stm32cube.ide.mcu.externaltools.gnu-tools-for-stm32.13.3.rel1.win32_1.0.0.202411081344/tools/bin/../lib/gcc/arm-none-eabi/13.3.1/../../../../arm-none-eabi/lib/thumb/v7-m/nofp\libc_nano.a(libc_a-nano-vfprintf.o)
 .ARM.attributes
                0x000007fa       0x2d C:/ST/STM32CubeIDE_1.19.0/STM32CubeIDE/plugins/com.st.stm32cube.ide.mcu.externaltools.gnu-tools-for-stm32.13.3.rel1.win32_1.0.0.202411081344/tools/bin/../lib/gcc/arm-none-eabi/13.3.1/../../../../arm-none-eabi/lib/thumb/v7-m/nofp\libc_nano.a(libc_a-nano-vfprintf_i.o)
 .ARM.attributes
                0x00000827       0x2d C:/ST/STM32CubeIDE_1.19.0/STM32CubeIDE/plugins/com.st.stm32cube.ide.mcu.externaltools.gnu-tools-for-stm32.13.3.rel1.win32_1.0.0.202411081344/tools/bin/../lib/gcc/arm-none-eabi/13.3.1/../../../../arm-none-eabi/lib/thumb/v7-m/nofp\libc_nano.a(libc_a-wbuf.o)
 .ARM.attributes
                0x00000854       0x2d C:/ST/STM32CubeIDE_1.19.0/STM32CubeIDE/plugins/com.st.stm32cube.ide.mcu.externaltools.gnu-tools-for-stm32.13.3.rel1.win32_1.0.0.202411081344/tools/bin/../lib/gcc/arm-none-eabi/13.3.1/../../../../arm-none-eabi/lib/thumb/v7-m/nofp\libc_nano.a(libc_a-wsetup.o)
 .ARM.attributes
                0x00000881       0x2d C:/ST/STM32CubeIDE_1.19.0/STM32CubeIDE/plugins/com.st.stm32cube.ide.mcu.externaltools.gnu-tools-for-stm32.13.3.rel1.win32_1.0.0.202411081344/tools/bin/../lib/gcc/arm-none-eabi/13.3.1/../../../../arm-none-eabi/lib/thumb/v7-m/nofp\libc_nano.a(libc_a-signal.o)
 .ARM.attributes
                0x000008ae       0x2d C:/ST/STM32CubeIDE_1.19.0/STM32CubeIDE/plugins/com.st.stm32cube.ide.mcu.externaltools.gnu-tools-for-stm32.13.3.rel1.win32_1.0.0.202411081344/tools/bin/../lib/gcc/arm-none-eabi/13.3.1/../../../../arm-none-eabi/lib/thumb/v7-m/nofp\libc_nano.a(libc_a-signalr.o)
 .ARM.attributes
                0x000008db       0x2d C:/ST/STM32CubeIDE_1.19.0/STM32CubeIDE/plugins/com.st.stm32cube.ide.mcu.externaltools.gnu-tools-for-stm32.13.3.rel1.win32_1.0.0.202411081344/tools/bin/../lib/gcc/arm-none-eabi/13.3.1/../../../../arm-none-eabi/lib/thumb/v7-m/nofp\libc_nano.a(libc_a-memchr-stub.o)
 .ARM.attributes
                0x00000908       0x2d C:/ST/STM32CubeIDE_1.19.0/STM32CubeIDE/plugins/com.st.stm32cube.ide.mcu.externaltools.gnu-tools-for-stm32.13.3.rel1.win32_1.0.0.202411081344/tools/bin/../lib/gcc/arm-none-eabi/13.3.1/../../../../arm-none-eabi/lib/thumb/v7-m/nofp\libc_nano.a(libc_a-makebuf.o)
 .ARM.attributes
                0x00000935       0x2d C:/ST/STM32CubeIDE_1.19.0/STM32CubeIDE/plugins/com.st.stm32cube.ide.mcu.externaltools.gnu-tools-for-stm32.13.3.rel1.win32_1.0.0.202411081344/tools/bin/../lib/gcc/arm-none-eabi/13.3.1/../../../../arm-none-eabi/lib/thumb/v7-m/nofp\libc_nano.a(libc_a-fstatr.o)
 .ARM.attributes
                0x00000962       0x2d C:/ST/STM32CubeIDE_1.19.0/STM32CubeIDE/plugins/com.st.stm32cube.ide.mcu.externaltools.gnu-tools-for-stm32.13.3.rel1.win32_1.0.0.202411081344/tools/bin/../lib/gcc/arm-none-eabi/13.3.1/../../../../arm-none-eabi/lib/thumb/v7-m/nofp\libc_nano.a(libc_a-isattyr.o)
 .ARM.attributes
                0x0000098f       0x1d C:/ST/STM32CubeIDE_1.19.0/STM32CubeIDE/plugins/com.st.stm32cube.ide.mcu.externaltools.gnu-tools-for-stm32.13.3.rel1.win32_1.0.0.202411081344/tools/bin/../lib/gcc/arm-none-eabi/13.3.1/thumb/v7-m/nofp/crtn.o
OUTPUT(table.elf elf32-littlearm)
LOAD linker stubs
LOAD C:/ST/STM32CubeIDE_1.19.0/STM32CubeIDE/plugins/com.st.stm32cube.ide.mcu.externaltools.gnu-tools-for-stm32.13.3.rel1.win32_1.0.0.202411081344/tools/bin/../lib/gcc/arm-none-eabi/13.3.1/../../../../arm-none-eabi/lib/thumb/v7-m/nofp\libc.a
LOAD C:/ST/STM32CubeIDE_1.19.0/STM32CubeIDE/plugins/com.st.stm32cube.ide.mcu.externaltools.gnu-tools-for-stm32.13.3.rel1.win32_1.0.0.202411081344/tools/bin/../lib/gcc/arm-none-eabi/13.3.1/../../../../arm-none-eabi/lib/thumb/v7-m/nofp\libm.a
LOAD C:/ST/STM32CubeIDE_1.19.0/STM32CubeIDE/plugins/com.st.stm32cube.ide.mcu.externaltools.gnu-tools-for-stm32.13.3.rel1.win32_1.0.0.202411081344/tools/bin/../lib/gcc/arm-none-eabi/13.3.1/thumb/v7-m/nofp\libgcc.a

.debug_info     0x00000000     0xe8bb
 .debug_info    0x00000000      0x790 ./Core/Src/action_comm.o
 .debug_info    0x00000790      0x56c ./Core/Src/button_matrix.o
 .debug_info    0x00000cfc     0x1281 ./Core/Src/lcd_hmi.o
 .debug_info    0x00001f7d     0x11e1 ./Core/Src/main.o
 .debug_info    0x0000315e      0x922 ./Core/Src/rtc_manager.o
 .debug_info    0x00003a80      0x369 ./Core/Src/sensor_manager.o
 .debug_info    0x00003de9     0x1157 ./Core/Src/stm32f1xx_hal_msp.o
 .debug_info    0x00004f40      0x61d ./Core/Src/stm32f1xx_it.o
 .debug_info    0x0000555d      0x6a3 ./Core/Src/syscalls.o
 .debug_info    0x00005c00      0x168 ./Core/Src/sysmem.o
 .debug_info    0x00005d68      0x222 ./Core/Src/system_stm32f1xx.o
 .debug_info    0x00005f8a       0x30 ./Core/Startup/startup_stm32f103c8tx.o
 .debug_info    0x00005fba      0x704 ./Drivers/STM32F1xx_HAL_Driver/Src/stm32f1xx_hal.o
 .debug_info    0x000066be      0xf13 ./Drivers/STM32F1xx_HAL_Driver/Src/stm32f1xx_hal_can.o
 .debug_info    0x000075d1      0xa87 ./Drivers/STM32F1xx_HAL_Driver/Src/stm32f1xx_hal_cortex.o
 .debug_info    0x00008058      0x6d2 ./Drivers/STM32F1xx_HAL_Driver/Src/stm32f1xx_hal_dma.o
 .debug_info    0x0000872a      0x5ab ./Drivers/STM32F1xx_HAL_Driver/Src/stm32f1xx_hal_gpio.o
 .debug_info    0x00008cd5     0x2524 ./Drivers/STM32F1xx_HAL_Driver/Src/stm32f1xx_hal_i2c.o
 .debug_info    0x0000b1f9      0x7d5 ./Drivers/STM32F1xx_HAL_Driver/Src/stm32f1xx_hal_rcc.o
 .debug_info    0x0000b9ce     0x2eed ./Drivers/STM32F1xx_HAL_Driver/Src/stm32f1xx_hal_uart.o

.debug_abbrev   0x00000000     0x28c1
 .debug_abbrev  0x00000000      0x1fb ./Core/Src/action_comm.o
 .debug_abbrev  0x000001fb      0x1b6 ./Core/Src/button_matrix.o
 .debug_abbrev  0x000003b1      0x35b ./Core/Src/lcd_hmi.o
 .debug_abbrev  0x0000070c      0x2c6 ./Core/Src/main.o
 .debug_abbrev  0x000009d2      0x2b3 ./Core/Src/rtc_manager.o
 .debug_abbrev  0x00000c85      0x16a ./Core/Src/sensor_manager.o
 .debug_abbrev  0x00000def      0x24d ./Core/Src/stm32f1xx_hal_msp.o
 .debug_abbrev  0x0000103c      0x178 ./Core/Src/stm32f1xx_it.o
 .debug_abbrev  0x000011b4      0x1b6 ./Core/Src/syscalls.o
 .debug_abbrev  0x0000136a       0xbc ./Core/Src/sysmem.o
 .debug_abbrev  0x00001426      0x13f ./Core/Src/system_stm32f1xx.o
 .debug_abbrev  0x00001565       0x24 ./Core/Startup/startup_stm32f103c8tx.o
 .debug_abbrev  0x00001589      0x201 ./Drivers/STM32F1xx_HAL_Driver/Src/stm32f1xx_hal.o
 .debug_abbrev  0x0000178a      0x21c ./Drivers/STM32F1xx_HAL_Driver/Src/stm32f1xx_hal_can.o
 .debug_abbrev  0x000019a6      0x2f8 ./Drivers/STM32F1xx_HAL_Driver/Src/stm32f1xx_hal_cortex.o
 .debug_abbrev  0x00001c9e      0x20b ./Drivers/STM32F1xx_HAL_Driver/Src/stm32f1xx_hal_dma.o
 .debug_abbrev  0x00001ea9      0x1ca ./Drivers/STM32F1xx_HAL_Driver/Src/stm32f1xx_hal_gpio.o
 .debug_abbrev  0x00002073      0x2a3 ./Drivers/STM32F1xx_HAL_Driver/Src/stm32f1xx_hal_i2c.o
 .debug_abbrev  0x00002316      0x2b3 ./Drivers/STM32F1xx_HAL_Driver/Src/stm32f1xx_hal_rcc.o
 .debug_abbrev  0x000025c9      0x2f8 ./Drivers/STM32F1xx_HAL_Driver/Src/stm32f1xx_hal_uart.o

.debug_aranges  0x00000000      0xe60
 .debug_aranges
                0x00000000       0x58 ./Core/Src/action_comm.o
 .debug_aranges
                0x00000058       0x20 ./Core/Src/button_matrix.o
 .debug_aranges
                0x00000078      0x190 ./Core/Src/lcd_hmi.o
 .debug_aranges
                0x00000208       0x60 ./Core/Src/main.o
 .debug_aranges
                0x00000268       0x78 ./Core/Src/rtc_manager.o
 .debug_aranges
                0x000002e0       0x70 ./Core/Src/sensor_manager.o
 .debug_aranges
                0x00000350       0x50 ./Core/Src/stm32f1xx_hal_msp.o
 .debug_aranges
                0x000003a0       0x78 ./Core/Src/stm32f1xx_it.o
 .debug_aranges
                0x00000418       0xa8 ./Core/Src/syscalls.o
 .debug_aranges
                0x000004c0       0x20 ./Core/Src/sysmem.o
 .debug_aranges
                0x000004e0       0x28 ./Core/Src/system_stm32f1xx.o
 .debug_aranges
                0x00000508       0x28 ./Core/Startup/startup_stm32f103c8tx.o
 .debug_aranges
                0x00000530       0xe0 ./Drivers/STM32F1xx_HAL_Driver/Src/stm32f1xx_hal.o
 .debug_aranges
                0x00000610      0x138 ./Drivers/STM32F1xx_HAL_Driver/Src/stm32f1xx_hal_can.o
 .debug_aranges
                0x00000748      0x100 ./Drivers/STM32F1xx_HAL_Driver/Src/stm32f1xx_hal_cortex.o
 .debug_aranges
                0x00000848       0x80 ./Drivers/STM32F1xx_HAL_Driver/Src/stm32f1xx_hal_dma.o
 .debug_aranges
                0x000008c8       0x58 ./Drivers/STM32F1xx_HAL_Driver/Src/stm32f1xx_hal_gpio.o
 .debug_aranges
                0x00000920      0x2a8 ./Drivers/STM32F1xx_HAL_Driver/Src/stm32f1xx_hal_i2c.o
 .debug_aranges
                0x00000bc8       0x90 ./Drivers/STM32F1xx_HAL_Driver/Src/stm32f1xx_hal_rcc.o
 .debug_aranges
                0x00000c58      0x208 ./Drivers/STM32F1xx_HAL_Driver/Src/stm32f1xx_hal_uart.o

.debug_rnglists
                0x00000000      0xb30
 .debug_rnglists
                0x00000000       0x3e ./Core/Src/action_comm.o
 .debug_rnglists
                0x0000003e       0x32 ./Core/Src/button_matrix.o
 .debug_rnglists
                0x00000070      0x12d ./Core/Src/lcd_hmi.o
 .debug_rnglists
                0x0000019d       0x46 ./Core/Src/main.o
 .debug_rnglists
                0x000001e3       0x5a ./Core/Src/rtc_manager.o
 .debug_rnglists
                0x0000023d       0x53 ./Core/Src/sensor_manager.o
 .debug_rnglists
                0x00000290       0x3a ./Core/Src/stm32f1xx_hal_msp.o
 .debug_rnglists
                0x000002ca       0x55 ./Core/Src/stm32f1xx_it.o
 .debug_rnglists
                0x0000031f       0x79 ./Core/Src/syscalls.o
 .debug_rnglists
                0x00000398       0x13 ./Core/Src/sysmem.o
 .debug_rnglists
                0x000003ab       0x1a ./Core/Src/system_stm32f1xx.o
 .debug_rnglists
                0x000003c5       0x19 ./Core/Startup/startup_stm32f103c8tx.o
 .debug_rnglists
                0x000003de       0xa3 ./Drivers/STM32F1xx_HAL_Driver/Src/stm32f1xx_hal.o
 .debug_rnglists
                0x00000481       0xed ./Drivers/STM32F1xx_HAL_Driver/Src/stm32f1xx_hal_can.o
 .debug_rnglists
                0x0000056e       0xbb ./Drivers/STM32F1xx_HAL_Driver/Src/stm32f1xx_hal_cortex.o
 .debug_rnglists
                0x00000629       0x64 ./Drivers/STM32F1xx_HAL_Driver/Src/stm32f1xx_hal_dma.o
 .debug_rnglists
                0x0000068d       0x3f ./Drivers/STM32F1xx_HAL_Driver/Src/stm32f1xx_hal_gpio.o
 .debug_rnglists
                0x000006cc      0x23c ./Drivers/STM32F1xx_HAL_Driver/Src/stm32f1xx_hal_i2c.o
 .debug_rnglists
                0x00000908       0x6c ./Drivers/STM32F1xx_HAL_Driver/Src/stm32f1xx_hal_rcc.o
 .debug_rnglists
                0x00000974      0x1bc ./Drivers/STM32F1xx_HAL_Driver/Src/stm32f1xx_hal_uart.o

.debug_macro    0x00000000    0x19581
 .debug_macro   0x00000000      0x29b ./Core/Src/action_comm.o
 .debug_macro   0x0000029b      0xacc ./Core/Src/action_comm.o
 .debug_macro   0x00000d67      0x221 ./Core/Src/action_comm.o
 .debug_macro   0x00000f88       0x2e ./Core/Src/action_comm.o
 .debug_macro   0x00000fb6       0x22 ./Core/Src/action_comm.o
 .debug_macro   0x00000fd8       0x22 ./Core/Src/action_comm.o
 .debug_macro   0x00000ffa       0x8e ./Core/Src/action_comm.o
 .debug_macro   0x00001088       0x51 ./Core/Src/action_comm.o
 .debug_macro   0x000010d9      0x103 ./Core/Src/action_comm.o
 .debug_macro   0x000011dc       0x6a ./Core/Src/action_comm.o
 .debug_macro   0x00001246      0x1df ./Core/Src/action_comm.o
 .debug_macro   0x00001425       0x1c ./Core/Src/action_comm.o
 .debug_macro   0x00001441       0x22 ./Core/Src/action_comm.o
 .debug_macro   0x00001463       0xbd ./Core/Src/action_comm.o
 .debug_macro   0x00001520      0xd23 ./Core/Src/action_comm.o
 .debug_macro   0x00002243     0xe09e ./Core/Src/action_comm.o
 .debug_macro   0x000102e1       0x6d ./Core/Src/action_comm.o
 .debug_macro   0x0001034e     0x34a2 ./Core/Src/action_comm.o
 .debug_macro   0x000137f0      0x190 ./Core/Src/action_comm.o
 .debug_macro   0x00013980       0x5c ./Core/Src/action_comm.o
 .debug_macro   0x000139dc      0x5bc ./Core/Src/action_comm.o
 .debug_macro   0x00013f98      0x289 ./Core/Src/action_comm.o
 .debug_macro   0x00014221      0x1cb ./Core/Src/action_comm.o
 .debug_macro   0x000143ec      0x114 ./Core/Src/action_comm.o
 .debug_macro   0x00014500      0x1b2 ./Core/Src/action_comm.o
 .debug_macro   0x000146b2       0x27 ./Core/Src/action_comm.o
 .debug_macro   0x000146d9      0x136 ./Core/Src/action_comm.o
 .debug_macro   0x0001480f      0x1bc ./Core/Src/action_comm.o
 .debug_macro   0x000149cb       0x34 ./Core/Src/action_comm.o
 .debug_macro   0x000149ff       0x3c ./Core/Src/action_comm.o
 .debug_macro   0x00014a3b      0x408 ./Core/Src/action_comm.o
 .debug_macro   0x00014e43       0x57 ./Core/Src/action_comm.o
 .debug_macro   0x00014e9a       0x87 ./Core/Src/action_comm.o
 .debug_macro   0x00014f21      0x240 ./Core/Src/action_comm.o
 .debug_macro   0x00015161      0x287 ./Core/Src/action_comm.o
 .debug_macro   0x000153e8      0x140 ./Core/Src/action_comm.o
 .debug_macro   0x00015528      0x28e ./Core/Src/action_comm.o
 .debug_macro   0x000157b6       0x83 ./Core/Src/action_comm.o
 .debug_macro   0x00015839       0x1c ./Core/Src/action_comm.o
 .debug_macro   0x00015855       0x61 ./Core/Src/action_comm.o
 .debug_macro   0x000158b6       0x24 ./Core/Src/action_comm.o
 .debug_macro   0x000158da       0x43 ./Core/Src/action_comm.o
 .debug_macro   0x0001591d       0x34 ./Core/Src/action_comm.o
 .debug_macro   0x00015951      0x370 ./Core/Src/action_comm.o
 .debug_macro   0x00015cc1       0x16 ./Core/Src/action_comm.o
 .debug_macro   0x00015cd7       0x4a ./Core/Src/action_comm.o
 .debug_macro   0x00015d21       0x34 ./Core/Src/action_comm.o
 .debug_macro   0x00015d55       0x10 ./Core/Src/action_comm.o
 .debug_macro   0x00015d65       0x58 ./Core/Src/action_comm.o
 .debug_macro   0x00015dbd       0x8e ./Core/Src/action_comm.o
 .debug_macro   0x00015e4b       0x1c ./Core/Src/action_comm.o
 .debug_macro   0x00015e67      0x185 ./Core/Src/action_comm.o
 .debug_macro   0x00015fec       0x10 ./Core/Src/action_comm.o
 .debug_macro   0x00015ffc       0x3c ./Core/Src/action_comm.o
 .debug_macro   0x00016038       0x20 ./Core/Src/action_comm.o
 .debug_macro   0x00016058      0x1e8 ./Core/Src/button_matrix.o
 .debug_macro   0x00016240       0x22 ./Core/Src/button_matrix.o
 .debug_macro   0x00016262      0x239 ./Core/Src/button_matrix.o
 .debug_macro   0x0001649b       0xac ./Core/Src/button_matrix.o
 .debug_macro   0x00016547      0x21b ./Core/Src/lcd_hmi.o
 .debug_macro   0x00016762      0x233 ./Core/Src/lcd_hmi.o
 .debug_macro   0x00016995      0x1e9 ./Core/Src/main.o
 .debug_macro   0x00016b7e       0xa6 ./Core/Src/main.o
 .debug_macro   0x00016c24       0x28 ./Core/Src/main.o
 .debug_macro   0x00016c4c       0x10 ./Core/Src/main.o
 .debug_macro   0x00016c5c      0x28c ./Core/Src/rtc_manager.o
 .debug_macro   0x00016ee8       0x16 ./Core/Src/rtc_manager.o
 .debug_macro   0x00016efe       0x16 ./Core/Src/rtc_manager.o
 .debug_macro   0x00016f14       0x29 ./Core/Src/rtc_manager.o
 .debug_macro   0x00016f3d      0x1f6 ./Core/Src/sensor_manager.o
 .debug_macro   0x00017133       0x16 ./Core/Src/sensor_manager.o
 .debug_macro   0x00017149      0x1b1 ./Core/Src/stm32f1xx_hal_msp.o
 .debug_macro   0x000172fa      0x1bb ./Core/Src/stm32f1xx_it.o
 .debug_macro   0x000174b5      0x274 ./Core/Src/syscalls.o
 .debug_macro   0x00017729       0x5b ./Core/Src/syscalls.o
 .debug_macro   0x00017784       0x94 ./Core/Src/syscalls.o
 .debug_macro   0x00017818       0x57 ./Core/Src/syscalls.o
 .debug_macro   0x0001786f       0x10 ./Core/Src/syscalls.o
 .debug_macro   0x0001787f       0x10 ./Core/Src/syscalls.o
 .debug_macro   0x0001788f       0x10 ./Core/Src/syscalls.o
 .debug_macro   0x0001789f       0x10 ./Core/Src/syscalls.o
 .debug_macro   0x000178af       0x1c ./Core/Src/syscalls.o
 .debug_macro   0x000178cb       0x52 ./Core/Src/syscalls.o
 .debug_macro   0x0001791d       0x22 ./Core/Src/syscalls.o
 .debug_macro   0x0001793f       0x10 ./Core/Src/syscalls.o
 .debug_macro   0x0001794f       0x52 ./Core/Src/syscalls.o
 .debug_macro   0x000179a1       0xcf ./Core/Src/syscalls.o
 .debug_macro   0x00017a70       0x1c ./Core/Src/syscalls.o
 .debug_macro   0x00017a8c       0x3d ./Core/Src/syscalls.o
 .debug_macro   0x00017ac9       0x35 ./Core/Src/syscalls.o
 .debug_macro   0x00017afe      0x12c ./Core/Src/syscalls.o
 .debug_macro   0x00017c2a       0x10 ./Core/Src/syscalls.o
 .debug_macro   0x00017c3a      0x242 ./Core/Src/syscalls.o
 .debug_macro   0x00017e7c       0x1c ./Core/Src/syscalls.o
 .debug_macro   0x00017e98       0x10 ./Core/Src/syscalls.o
 .debug_macro   0x00017ea8       0x10 ./Core/Src/syscalls.o
 .debug_macro   0x00017eb8       0x16 ./Core/Src/syscalls.o
 .debug_macro   0x00017ece      0x146 ./Core/Src/syscalls.o
 .debug_macro   0x00018014      0x18a ./Core/Src/syscalls.o
 .debug_macro   0x0001819e       0x16 ./Core/Src/syscalls.o
 .debug_macro   0x000181b4       0xce ./Core/Src/syscalls.o
 .debug_macro   0x00018282      0x112 ./Core/Src/sysmem.o