../Core/Src/action_comm.c:53:9:ACTION_GetCollisionActive	4	static
../Core/Src/action_comm.c:74:16:IsCollisionSignature	16	static
../Core/Src/action_comm.c:83:13:ApplyCollisionFrame	24	static
../Core/Src/action_comm.c:95:6:ACTION_COMM_Init	16	static
../Core/Src/action_comm.c:107:6:ACTION_SetScreenUart	16	static
../Core/Src/action_comm.c:114:13:SendPacket	8	static
../Core/Src/action_comm.c:124:6:ACTION_SendCommand	24	static
../Core/Src/action_comm.c:131:6:ACTION_SendMemory	24	static
../Core/Src/action_comm.c:142:6:ACTION_SendGoBackLevel	16	static
../Core/Src/action_comm.c:153:6:HAL_UART_RxCpltCallback	16	static
../Core/Src/action_comm.c:243:6:HAL_UART_ErrorCallback	16	static
../Core/Src/action_comm.c:261:6:ACTION_COMM_Task	16	static
