../Core/Src/lcd_hmi.c:154:6:LCD_HMI_Init	24	static
../Core/Src/lcd_hmi.c:174:6:lcd_set_page	32	static
../Core/Src/lcd_hmi.c:185:13:lcd_force_page	16	static
../Core/Src/lcd_hmi.c:191:6:lcd_set_icon	24	static
../Core/Src/lcd_hmi.c:198:6:lcd_set_state_value	16	static
../Core/Src/lcd_hmi.c:203:6:lcd_set_state_value16	24	static
../Core/Src/lcd_hmi.c:217:6:LCD_SetLock	16	static
../Core/Src/lcd_hmi.c:246:9:LCD_IsLocked	4	static
../Core/Src/lcd_hmi.c:247:9:LCD_IsPowerOn	4	static
../Core/Src/lcd_hmi.c:264:6:LCD_TogglePower	8	static
../Core/Src/lcd_hmi.c:290:6:LCD_ToggleReverse	4	static
../Core/Src/lcd_hmi.c:302:6:LCD_ShowStartupSequence	8	static
../Core/Src/lcd_hmi.c:329:16:MapReverse	16	static
../Core/Src/lcd_hmi.c:346:13:LCD_ResetHomeTimer	8	static
../Core/Src/lcd_hmi.c:368:16:LCD_FeatureEnabled	16	static
../Core/Src/lcd_hmi.c:375:16:LCD_DetailsItemAllowed	16	static
../Core/Src/lcd_hmi.c:385:16:LCD_DetailsHasAnyAllowedItem	8	static
../Core/Src/lcd_hmi.c:390:13:LCD_DetailsSelectFirstAllowedItem	8	static
../Core/Src/lcd_hmi.c:398:13:LCD_DetailsMoveCursor	8	static
../Core/Src/lcd_hmi.c:413:16:LCD_PageAllowed	16	static
../Core/Src/lcd_hmi.c:444:16:LCD_SetPageIfAllowed	16	static
../Core/Src/lcd_hmi.c:461:13:LCD_CloseCurrentPageIfDisabled	8	static
../Core/Src/lcd_hmi.c:474:13:LCD_RTP1_Seed	16	static
../Core/Src/lcd_hmi.c:480:13:LCD_RTP2_Seed	16	static
../Core/Src/lcd_hmi.c:486:13:LCD_Clock_Refresh	8	static
../Core/Src/lcd_hmi.c:492:13:LCD_PushFeatureState	16	static
../Core/Src/lcd_hmi.c:499:13:LCD_PushEditValue	16	static
../Core/Src/lcd_hmi.c:511:13:LCD_Memory_UpdateCursor	8	static
../Core/Src/lcd_hmi.c:526:13:LCD_Memory_SeedPage	16	static
../Core/Src/lcd_hmi.c:540:6:LCD_HandleKey	16	static
../Core/Src/lcd_hmi.c:996:6:LCD_StartCircularAnim	16	static
../Core/Src/lcd_hmi.c:1002:6:LCD_StopCircularAnim	4	static
../Core/Src/lcd_hmi.c:1004:13:LCD_HandleCircularAnim	8	static
../Core/Src/lcd_hmi.c:1017:6:LCD_Task	8	static
../Core/Src/lcd_hmi.c:1035:6:LCD_UpdateSensorIcon	16	static
../Core/Src/lcd_hmi.c:1044:6:LCD_ShowSensorPage	24	static
../Core/Src/lcd_hmi.c:1102:6:LCD_ShowMemoryPage	16	static
../Core/Src/lcd_hmi.c:1114:6:LCD_RefreshHeightPage	16	static
../Core/Src/lcd_hmi.c:1133:6:LCD_UpdateAcceptEnable	16	static
../Core/Src/lcd_hmi.c:1141:6:LCD_RefreshAcceptPage	24	static
../Core/Src/lcd_hmi.c:1155:6:LCD_UpdateEditValue	16	static
../Core/Src/lcd_hmi.c:1163:6:LCD_RefreshEditPage	24	static
../Core/Src/lcd_hmi.c:1175:6:LCD_PushRTP1Values	24	static
../Core/Src/lcd_hmi.c:1186:6:LCD_PushRTP2Values	24	static
../Core/Src/lcd_hmi.c:1197:6:LCD_UpdateBattery	16	static
../Core/Src/lcd_hmi.c:1207:6:LCD_UpdateMemorySlotState	16	static
