../Core/Src/lcd_hmi.c:171:6:LCD_HMI_Init	24	static
../Core/Src/lcd_hmi.c:192:6:lcd_set_page	32	static
../Core/Src/lcd_hmi.c:203:13:lcd_force_page	16	static
../Core/Src/lcd_hmi.c:209:6:lcd_set_icon	24	static
../Core/Src/lcd_hmi.c:216:6:lcd_set_state_value	16	static
../Core/Src/lcd_hmi.c:221:6:lcd_set_state_value16	24	static
../Core/Src/lcd_hmi.c:235:6:LCD_SetLock	16	static
../Core/Src/lcd_hmi.c:264:9:LCD_IsLocked	4	static
../Core/Src/lcd_hmi.c:265:9:LCD_IsPowerOn	4	static
../Core/Src/lcd_hmi.c:266:9:LCD_IsReverse	4	static
../Core/Src/lcd_hmi.c:283:6:LCD_TogglePower	8	static
../Core/Src/lcd_hmi.c:319:6:LCD_ToggleReverse	8	static
../Core/Src/lcd_hmi.c:332:6:LCD_ShowStartupSequence	8	static
../Core/Src/lcd_hmi.c:370:16:MapReverse	16	static
../Core/Src/lcd_hmi.c:384:13:LCD_ResetHomeTimer	8	static
../Core/Src/lcd_hmi.c:406:16:LCD_FeatureEnabled	16	static
../Core/Src/lcd_hmi.c:413:16:LCD_DetailsItemAllowed	16	static
../Core/Src/lcd_hmi.c:423:16:LCD_DetailsHasAnyAllowedItem	8	static
../Core/Src/lcd_hmi.c:428:13:LCD_DetailsSelectFirstAllowedItem	8	static
../Core/Src/lcd_hmi.c:436:13:LCD_DetailsMoveCursor	8	static
../Core/Src/lcd_hmi.c:451:16:LCD_PageAllowed	16	static
../Core/Src/lcd_hmi.c:482:16:LCD_SetPageIfAllowed	16	static
../Core/Src/lcd_hmi.c:499:13:LCD_CloseCurrentPageIfDisabled	8	static
../Core/Src/lcd_hmi.c:512:13:LCD_RTP1_Seed	16	static
../Core/Src/lcd_hmi.c:518:13:LCD_RTP2_Seed	16	static
../Core/Src/lcd_hmi.c:524:13:LCD_Clock_Refresh	8	static
../Core/Src/lcd_hmi.c:530:13:LCD_PushFeatureState	16	static
../Core/Src/lcd_hmi.c:537:13:LCD_PushEditValue	16	static
../Core/Src/lcd_hmi.c:549:13:LCD_Memory_UpdateCursor	8	static
../Core/Src/lcd_hmi.c:564:13:LCD_Memory_SeedPage	16	static
../Core/Src/lcd_hmi.c:578:6:LCD_HandleKey	16	static
../Core/Src/lcd_hmi.c:1034:6:LCD_StartCircularAnim	16	static
../Core/Src/lcd_hmi.c:1040:6:LCD_StopCircularAnim	4	static
../Core/Src/lcd_hmi.c:1042:13:LCD_HandleCircularAnim	8	static
../Core/Src/lcd_hmi.c:1055:6:LCD_Task	8	static
../Core/Src/lcd_hmi.c:1073:6:LCD_UpdateSensorIcon	16	static
../Core/Src/lcd_hmi.c:1082:6:LCD_ShowSensorPage	24	static
../Core/Src/lcd_hmi.c:1140:6:LCD_ShowMemoryPage	16	static
../Core/Src/lcd_hmi.c:1152:6:LCD_RefreshHeightPage	16	static
../Core/Src/lcd_hmi.c:1171:6:LCD_UpdateAcceptEnable	16	static
../Core/Src/lcd_hmi.c:1179:6:LCD_RefreshAcceptPage	24	static
../Core/Src/lcd_hmi.c:1193:6:LCD_UpdateEditValue	16	static
../Core/Src/lcd_hmi.c:1201:6:LCD_RefreshEditPage	24	static
../Core/Src/lcd_hmi.c:1213:6:LCD_PushRTP1Values	24	static
../Core/Src/lcd_hmi.c:1224:6:LCD_PushRTP2Values	24	static
../Core/Src/lcd_hmi.c:1235:6:LCD_UpdateBattery	16	static
../Core/Src/lcd_hmi.c:1245:6:LCD_UpdateMemorySlotState	16	static
