../Core/Src/lcd_hmi.c:188:6:LCD_HMI_Init	24	static
../Core/Src/lcd_hmi.c:209:6:lcd_set_page	32	static
../Core/Src/lcd_hmi.c:220:13:lcd_force_page	16	static
../Core/Src/lcd_hmi.c:226:6:lcd_set_icon	24	static
../Core/Src/lcd_hmi.c:233:6:lcd_set_state_value	16	static
../Core/Src/lcd_hmi.c:238:6:lcd_set_state_value16	24	static
../Core/Src/lcd_hmi.c:252:6:LCD_SetLock	16	static
../Core/Src/lcd_hmi.c:281:9:LCD_IsLocked	4	static
../Core/Src/lcd_hmi.c:282:9:LCD_IsPowerOn	4	static
../Core/Src/lcd_hmi.c:283:9:LCD_IsReverse	4	static
../Core/Src/lcd_hmi.c:300:6:LCD_TogglePower	8	static
../Core/Src/lcd_hmi.c:335:13:LCD_ClearCollisionAlertState	4	static
../Core/Src/lcd_hmi.c:339:6:LCD_ToggleReverse	8	static
../Core/Src/lcd_hmi.c:352:6:LCD_ShowStartupSequence	8	static
../Core/Src/lcd_hmi.c:390:16:MapReverse	16	static
../Core/Src/lcd_hmi.c:404:13:LCD_ResetHomeTimer	8	static
../Core/Src/lcd_hmi.c:426:16:LCD_FeatureEnabled	16	static
../Core/Src/lcd_hmi.c:431:9:LCD_IsAntiCollisionEnabled	8	static
../Core/Src/lcd_hmi.c:436:9:LCD_IsCollisionAlertActive	4	static
../Core/Src/lcd_hmi.c:440:13:LCD_OpenAntiCollisionPage	24	static
../Core/Src/lcd_hmi.c:497:6:LCD_ShowCollisionAlert	16	static
../Core/Src/lcd_hmi.c:543:6:LCD_CollisionAlertRefresh	8	static
../Core/Src/lcd_hmi.c:557:16:LCD_DetailsItemAllowed	16	static
../Core/Src/lcd_hmi.c:567:16:LCD_DetailsHasAnyAllowedItem	8	static
../Core/Src/lcd_hmi.c:572:13:LCD_DetailsSelectFirstAllowedItem	8	static
../Core/Src/lcd_hmi.c:580:13:LCD_DetailsMoveCursor	8	static
../Core/Src/lcd_hmi.c:595:16:LCD_PageAllowed	16	static
../Core/Src/lcd_hmi.c:626:16:LCD_SetPageIfAllowed	16	static
../Core/Src/lcd_hmi.c:643:13:LCD_CloseCurrentPageIfDisabled	8	static
../Core/Src/lcd_hmi.c:663:13:LCD_RTP1_Seed	16	static
../Core/Src/lcd_hmi.c:669:13:LCD_RTP2_Seed	16	static
../Core/Src/lcd_hmi.c:675:13:LCD_Clock_Refresh	8	static
../Core/Src/lcd_hmi.c:681:13:LCD_PushFeatureState	16	static
../Core/Src/lcd_hmi.c:688:13:LCD_PushEditValue	16	static
../Core/Src/lcd_hmi.c:700:13:LCD_Memory_UpdateCursor	8	static
../Core/Src/lcd_hmi.c:715:13:LCD_Memory_SeedPage	16	static
../Core/Src/lcd_hmi.c:729:6:LCD_HandleKey	16	static
../Core/Src/lcd_hmi.c:1212:6:LCD_StartCircularAnim	16	static
../Core/Src/lcd_hmi.c:1218:6:LCD_StopCircularAnim	4	static
../Core/Src/lcd_hmi.c:1220:13:LCD_HandleCircularAnim	8	static
../Core/Src/lcd_hmi.c:1233:6:LCD_Task	8	static
../Core/Src/lcd_hmi.c:1253:6:LCD_UpdateSensorIcon	16	static
../Core/Src/lcd_hmi.c:1262:6:LCD_ShowSensorPage	24	static
../Core/Src/lcd_hmi.c:1320:6:LCD_ShowMemoryPage	16	static
../Core/Src/lcd_hmi.c:1332:6:LCD_RefreshHeightPage	16	static
../Core/Src/lcd_hmi.c:1351:6:LCD_UpdateAcceptEnable	16	static
../Core/Src/lcd_hmi.c:1359:6:LCD_RefreshAcceptPage	24	static
../Core/Src/lcd_hmi.c:1373:6:LCD_UpdateEditValue	16	static
../Core/Src/lcd_hmi.c:1381:6:LCD_RefreshEditPage	24	static
../Core/Src/lcd_hmi.c:1393:6:LCD_PushRTP1Values	24	static
../Core/Src/lcd_hmi.c:1404:6:LCD_PushRTP2Values	24	static
../Core/Src/lcd_hmi.c:1415:6:LCD_UpdateBattery	16	static
../Core/Src/lcd_hmi.c:1425:6:LCD_UpdateMemorySlotState	16	static
