../Core/Src/lcd_hmi.c:171:6:LCD_HMI_Init	24	static
../Core/Src/lcd_hmi.c:192:6:lcd_set_page	32	static
../Core/Src/lcd_hmi.c:203:13:lcd_force_page	16	static
../Core/Src/lcd_hmi.c:209:6:lcd_set_icon	24	static
../Core/Src/lcd_hmi.c:216:6:lcd_set_state_value	16	static
../Core/Src/lcd_hmi.c:221:6:lcd_set_state_value16	24	static
../Core/Src/lcd_hmi.c:235:6:LCD_SetLock	16	static
../Core/Src/lcd_hmi.c:264:9:LCD_IsLocked	4	static
../Core/Src/lcd_hmi.c:265:9:LCD_IsPowerOn	4	static
../Core/Src/lcd_hmi.c:266:9:LCD_IsReverse	4	static
../Core/Src/lcd_hmi.c:283:6:LCD_TogglePower	8	static
../Core/Src/lcd_hmi.c:319:6:LCD_ToggleReverse	8	static
../Core/Src/lcd_hmi.c:332:6:LCD_ShowStartupSequence	8	static
../Core/Src/lcd_hmi.c:363:16:MapReverse	16	static
../Core/Src/lcd_hmi.c:380:13:LCD_ResetHomeTimer	8	static
../Core/Src/lcd_hmi.c:402:16:LCD_FeatureEnabled	16	static
../Core/Src/lcd_hmi.c:409:16:LCD_DetailsItemAllowed	16	static
../Core/Src/lcd_hmi.c:419:16:LCD_DetailsHasAnyAllowedItem	8	static
../Core/Src/lcd_hmi.c:424:13:LCD_DetailsSelectFirstAllowedItem	8	static
../Core/Src/lcd_hmi.c:432:13:LCD_DetailsMoveCursor	8	static
../Core/Src/lcd_hmi.c:447:16:LCD_PageAllowed	16	static
../Core/Src/lcd_hmi.c:478:16:LCD_SetPageIfAllowed	16	static
../Core/Src/lcd_hmi.c:495:13:LCD_CloseCurrentPageIfDisabled	8	static
../Core/Src/lcd_hmi.c:508:13:LCD_RTP1_Seed	16	static
../Core/Src/lcd_hmi.c:514:13:LCD_RTP2_Seed	16	static
../Core/Src/lcd_hmi.c:520:13:LCD_Clock_Refresh	8	static
../Core/Src/lcd_hmi.c:526:13:LCD_PushFeatureState	16	static
../Core/Src/lcd_hmi.c:533:13:LCD_PushEditValue	16	static
../Core/Src/lcd_hmi.c:545:13:LCD_Memory_UpdateCursor	8	static
../Core/Src/lcd_hmi.c:560:13:LCD_Memory_SeedPage	16	static
../Core/Src/lcd_hmi.c:574:6:LCD_HandleKey	16	static
../Core/Src/lcd_hmi.c:1030:6:LCD_StartCircularAnim	16	static
../Core/Src/lcd_hmi.c:1036:6:LCD_StopCircularAnim	4	static
../Core/Src/lcd_hmi.c:1038:13:LCD_HandleCircularAnim	8	static
../Core/Src/lcd_hmi.c:1051:6:LCD_Task	8	static
../Core/Src/lcd_hmi.c:1069:6:LCD_UpdateSensorIcon	16	static
../Core/Src/lcd_hmi.c:1078:6:LCD_ShowSensorPage	24	static
../Core/Src/lcd_hmi.c:1136:6:LCD_ShowMemoryPage	16	static
../Core/Src/lcd_hmi.c:1148:6:LCD_RefreshHeightPage	16	static
../Core/Src/lcd_hmi.c:1167:6:LCD_UpdateAcceptEnable	16	static
../Core/Src/lcd_hmi.c:1175:6:LCD_RefreshAcceptPage	24	static
../Core/Src/lcd_hmi.c:1189:6:LCD_UpdateEditValue	16	static
../Core/Src/lcd_hmi.c:1197:6:LCD_RefreshEditPage	24	static
../Core/Src/lcd_hmi.c:1209:6:LCD_PushRTP1Values	24	static
../Core/Src/lcd_hmi.c:1220:6:LCD_PushRTP2Values	24	static
../Core/Src/lcd_hmi.c:1231:6:LCD_UpdateBattery	16	static
../Core/Src/lcd_hmi.c:1241:6:LCD_UpdateMemorySlotState	16	static
