../Core/Src/lcd_hmi.c:175:6:LCD_HMI_Init	24	static
../Core/Src/lcd_hmi.c:196:6:lcd_set_page	32	static
../Core/Src/lcd_hmi.c:207:13:lcd_force_page	16	static
../Core/Src/lcd_hmi.c:213:6:lcd_set_icon	24	static
../Core/Src/lcd_hmi.c:220:6:lcd_set_state_value	16	static
../Core/Src/lcd_hmi.c:225:6:lcd_set_state_value16	24	static
../Core/Src/lcd_hmi.c:239:6:LCD_SetLock	16	static
../Core/Src/lcd_hmi.c:268:9:LCD_IsLocked	4	static
../Core/Src/lcd_hmi.c:269:9:LCD_IsPowerOn	4	static
../Core/Src/lcd_hmi.c:270:9:LCD_IsReverse	4	static
../Core/Src/lcd_hmi.c:287:6:LCD_TogglePower	8	static
../Core/Src/lcd_hmi.c:322:13:LCD_ClearCollisionAlertState	4	static
../Core/Src/lcd_hmi.c:326:6:LCD_ToggleReverse	8	static
../Core/Src/lcd_hmi.c:339:6:LCD_ShowStartupSequence	8	static
../Core/Src/lcd_hmi.c:377:16:MapReverse	16	static
../Core/Src/lcd_hmi.c:391:13:LCD_ResetHomeTimer	8	static
../Core/Src/lcd_hmi.c:413:16:LCD_FeatureEnabled	16	static
../Core/Src/lcd_hmi.c:418:9:LCD_IsAntiCollisionEnabled	8	static
../Core/Src/lcd_hmi.c:423:9:LCD_IsCollisionAlertActive	4	static
../Core/Src/lcd_hmi.c:427:13:LCD_OpenAntiCollisionPage	16	static
../Core/Src/lcd_hmi.c:476:6:LCD_ShowCollisionAlert	16	static
../Core/Src/lcd_hmi.c:522:16:LCD_DetailsItemAllowed	16	static
../Core/Src/lcd_hmi.c:532:16:LCD_DetailsHasAnyAllowedItem	8	static
../Core/Src/lcd_hmi.c:537:13:LCD_DetailsSelectFirstAllowedItem	8	static
../Core/Src/lcd_hmi.c:545:13:LCD_DetailsMoveCursor	8	static
../Core/Src/lcd_hmi.c:560:16:LCD_PageAllowed	16	static
../Core/Src/lcd_hmi.c:591:16:LCD_SetPageIfAllowed	16	static
../Core/Src/lcd_hmi.c:608:13:LCD_CloseCurrentPageIfDisabled	8	static
../Core/Src/lcd_hmi.c:628:13:LCD_RTP1_Seed	16	static
../Core/Src/lcd_hmi.c:634:13:LCD_RTP2_Seed	16	static
../Core/Src/lcd_hmi.c:640:13:LCD_Clock_Refresh	8	static
../Core/Src/lcd_hmi.c:646:13:LCD_PushFeatureState	16	static
../Core/Src/lcd_hmi.c:653:13:LCD_PushEditValue	16	static
../Core/Src/lcd_hmi.c:665:13:LCD_Memory_UpdateCursor	8	static
../Core/Src/lcd_hmi.c:680:13:LCD_Memory_SeedPage	16	static
../Core/Src/lcd_hmi.c:694:6:LCD_HandleKey	16	static
../Core/Src/lcd_hmi.c:1177:6:LCD_StartCircularAnim	16	static
../Core/Src/lcd_hmi.c:1183:6:LCD_StopCircularAnim	4	static
../Core/Src/lcd_hmi.c:1185:13:LCD_HandleCircularAnim	8	static
../Core/Src/lcd_hmi.c:1198:6:LCD_Task	8	static
../Core/Src/lcd_hmi.c:1216:6:LCD_UpdateSensorIcon	16	static
../Core/Src/lcd_hmi.c:1225:6:LCD_ShowSensorPage	24	static
../Core/Src/lcd_hmi.c:1283:6:LCD_ShowMemoryPage	16	static
../Core/Src/lcd_hmi.c:1295:6:LCD_RefreshHeightPage	16	static
../Core/Src/lcd_hmi.c:1314:6:LCD_UpdateAcceptEnable	16	static
../Core/Src/lcd_hmi.c:1322:6:LCD_RefreshAcceptPage	24	static
../Core/Src/lcd_hmi.c:1336:6:LCD_UpdateEditValue	16	static
../Core/Src/lcd_hmi.c:1344:6:LCD_RefreshEditPage	24	static
../Core/Src/lcd_hmi.c:1356:6:LCD_PushRTP1Values	24	static
../Core/Src/lcd_hmi.c:1367:6:LCD_PushRTP2Values	24	static
../Core/Src/lcd_hmi.c:1378:6:LCD_UpdateBattery	16	static
../Core/Src/lcd_hmi.c:1388:6:LCD_UpdateMemorySlotState	16	static
