../Core/Src/sensor_manager.c:61:6:Sensor_Init	24	static
../Core/Src/sensor_manager.c:81:6:Sensor_SetActive	16	static
../Core/Src/sensor_manager.c:92:9:Sensor_IsActive	4	static
../Core/Src/sensor_manager.c:104:9:Sensor_GetActualHeight	4	static
../Core/Src/sensor_manager.c:109:9:Sensor_GetSlide	4	static
../Core/Src/sensor_manager.c:137:6:Sensor_ParsePacket	56	static
../Core/Src/sensor_manager.c:206:6:Sensor_UpdateDisplay	8	static
../Core/Src/sensor_manager.c:224:6:Sensor_ProcessKeys	16	static
../Core/Src/sensor_manager.c:258:6:Sensor_LoadTestPage	16	static
../Core/Src/sensor_manager.c:294:13:increaseValue	4	static
../Core/Src/sensor_manager.c:308:13:decreaseValue	4	static
